Archive member included to satisfy reference by file (symbol)

/opt/toolchain/bin/../lib/gcc/arm-none-eabi/13.3.1/thumb/v6-m/nofp/libgcc.a(_thumb1_case_sqi.o)
                              CMakeFiles/N7SIX.basic.dir/App/app/menu.c.obj (__gnu_thumb1_case_sqi)
/opt/toolchain/bin/../lib/gcc/arm-none-eabi/13.3.1/thumb/v6-m/nofp/libgcc.a(_thumb1_case_uqi.o)
                              CMakeFiles/N7SIX.basic.dir/Drivers/PY32F071_HAL_Driver/Src/py32f071_ll_dma.c.obj (__gnu_thumb1_case_uqi)
/opt/toolchain/bin/../lib/gcc/arm-none-eabi/13.3.1/thumb/v6-m/nofp/libgcc.a(_thumb1_case_shi.o)
                              CMakeFiles/N7SIX.basic.dir/App/app/main.c.obj (__gnu_thumb1_case_shi)
/opt/toolchain/bin/../lib/gcc/arm-none-eabi/13.3.1/thumb/v6-m/nofp/libgcc.a(_thumb1_case_uhi.o)
                              CMakeFiles/N7SIX.basic.dir/App/app/main.c.obj (__gnu_thumb1_case_uhi)
/opt/toolchain/bin/../lib/gcc/arm-none-eabi/13.3.1/thumb/v6-m/nofp/libgcc.a(_udivsi3.o)
                              CMakeFiles/N7SIX.basic.dir/Drivers/PY32F071_HAL_Driver/Src/py32f071_ll_rcc.c.obj (__aeabi_uidiv)
/opt/toolchain/bin/../lib/gcc/arm-none-eabi/13.3.1/thumb/v6-m/nofp/libgcc.a(_divsi3.o)
                              CMakeFiles/N7SIX.basic.dir/Drivers/PY32F071_HAL_Driver/Src/py32f071_ll_i2c.c.obj (__aeabi_idiv)
/opt/toolchain/bin/../lib/gcc/arm-none-eabi/13.3.1/thumb/v6-m/nofp/libgcc.a(_dvmd_tls.o)
                              /opt/toolchain/bin/../lib/gcc/arm-none-eabi/13.3.1/thumb/v6-m/nofp/libgcc.a(_udivsi3.o) (__aeabi_idiv0)
/opt/toolchain/bin/../lib/gcc/arm-none-eabi/13.3.1/thumb/v6-m/nofp/libgcc.a(_clzsi2.o)
                              CMakeFiles/N7SIX.basic.dir/App/board.c.obj (__clzsi2)
/opt/toolchain/bin/../lib/gcc/arm-none-eabi/13.3.1/thumb/v6-m/nofp/libgcc.a(_fixunssfsi.o)
                              CMakeFiles/N7SIX.basic.dir/App/app/spectrum.c.obj (__aeabi_f2uiz)
/opt/toolchain/bin/../lib/gcc/arm-none-eabi/13.3.1/thumb/v6-m/nofp/libgcc.a(mulsf3.o)
                              CMakeFiles/N7SIX.basic.dir/App/app/spectrum.c.obj (__aeabi_fmul)
/opt/toolchain/bin/../lib/gcc/arm-none-eabi/13.3.1/thumb/v6-m/nofp/libgcc.a(subsf3.o)
                              /opt/toolchain/bin/../lib/gcc/arm-none-eabi/13.3.1/thumb/v6-m/nofp/libgcc.a(_fixunssfsi.o) (__aeabi_fsub)
/opt/toolchain/bin/../lib/gcc/arm-none-eabi/13.3.1/thumb/v6-m/nofp/libgcc.a(fixsfsi.o)
                              /opt/toolchain/bin/../lib/gcc/arm-none-eabi/13.3.1/thumb/v6-m/nofp/libgcc.a(_fixunssfsi.o) (__aeabi_f2iz)
/opt/toolchain/bin/../lib/gcc/arm-none-eabi/13.3.1/thumb/v6-m/nofp/libgcc.a(floatsisf.o)
                              CMakeFiles/N7SIX.basic.dir/App/app/spectrum.c.obj (__aeabi_i2f)
/opt/toolchain/bin/../lib/gcc/arm-none-eabi/13.3.1/thumb/v6-m/nofp/libgcc.a(floatunsisf.o)
                              CMakeFiles/N7SIX.basic.dir/App/app/spectrum.c.obj (__aeabi_ui2f)
/opt/toolchain/bin/../lib/gcc/arm-none-eabi/13.3.1/thumb/v6-m/nofp/libgcc.a(_arm_cmpsf2.o)
                              /opt/toolchain/bin/../lib/gcc/arm-none-eabi/13.3.1/thumb/v6-m/nofp/libgcc.a(_fixunssfsi.o) (__aeabi_fcmpge)
/opt/toolchain/bin/../lib/gcc/arm-none-eabi/13.3.1/thumb/v6-m/nofp/libgcc.a(eqsf2.o)
                              /opt/toolchain/bin/../lib/gcc/arm-none-eabi/13.3.1/thumb/v6-m/nofp/libgcc.a(_arm_cmpsf2.o) (__eqsf2)
/opt/toolchain/bin/../lib/gcc/arm-none-eabi/13.3.1/thumb/v6-m/nofp/libgcc.a(gesf2.o)
                              /opt/toolchain/bin/../lib/gcc/arm-none-eabi/13.3.1/thumb/v6-m/nofp/libgcc.a(_arm_cmpsf2.o) (__gesf2)
/opt/toolchain/bin/../lib/gcc/arm-none-eabi/13.3.1/thumb/v6-m/nofp/libgcc.a(lesf2.o)
                              /opt/toolchain/bin/../lib/gcc/arm-none-eabi/13.3.1/thumb/v6-m/nofp/libgcc.a(_arm_cmpsf2.o) (__lesf2)
/opt/toolchain/bin/../lib/gcc/arm-none-eabi/13.3.1/../../../../arm-none-eabi/lib/thumb/v6-m/nofp/libg_nano.a(libc_a-exit.o)
                              /opt/toolchain/bin/../lib/gcc/arm-none-eabi/13.3.1/../../../../arm-none-eabi/lib/thumb/v6-m/nofp/crt0.o (exit)
/opt/toolchain/bin/../lib/gcc/arm-none-eabi/13.3.1/../../../../arm-none-eabi/lib/thumb/v6-m/nofp/libg_nano.a(libc_a-init.o)
                              /opt/toolchain/bin/../lib/gcc/arm-none-eabi/13.3.1/../../../../arm-none-eabi/lib/thumb/v6-m/nofp/crt0.o (__libc_init_array)
/opt/toolchain/bin/../lib/gcc/arm-none-eabi/13.3.1/../../../../arm-none-eabi/lib/thumb/v6-m/nofp/libg_nano.a(libc_a-memmove.o)
                              CMakeFiles/N7SIX.basic.dir/App/app/app.c.obj (memmove)
/opt/toolchain/bin/../lib/gcc/arm-none-eabi/13.3.1/../../../../arm-none-eabi/lib/thumb/v6-m/nofp/libg_nano.a(libc_a-memset.o)
                              /opt/toolchain/bin/../lib/gcc/arm-none-eabi/13.3.1/../../../../arm-none-eabi/lib/thumb/v6-m/nofp/crt0.o (memset)
/opt/toolchain/bin/../lib/gcc/arm-none-eabi/13.3.1/../../../../arm-none-eabi/lib/thumb/v6-m/nofp/libg_nano.a(libc_a-strcpy.o)
[...]
Memory Configuration

Name             Origin             Length             Attributes
RAM              0x20000000         0x00004000         xrw
FLASH            0x08002800         0x0001d800         xr
*default*        0x00000000         0xffffffff

Linker script and memory map

LOAD /opt/toolchain/bin/../lib/gcc/arm-none-eabi/13.3.1/thumb/v6-m/nofp/crti.o
LOAD /opt/toolchain/bin/../lib/gcc/arm-none-eabi/13.3.1/thumb/v6-m/nofp/crtbegin.o
LOAD /opt/toolchain/bin/../lib/gcc/arm-none-eabi/13.3.1/../../../../arm-none-eabi/lib/thumb/v6-m/nofp/crt0.o
LOAD CMakeFiles/N7SIX.basic.dir/Core/Src/main.c.obj
LOAD CMakeFiles/N7SIX.basic.dir/Core/Src/py32f071_it.c.obj
LOAD CMakeFiles/N7SIX.basic.dir/Core/Src/system_py32f071.c.obj
LOAD CMakeFiles/N7SIX.basic.dir/Core/startup_py32f071xx.s.obj
LOAD CMakeFiles/N7SIX.basic.dir/Drivers/PY32F071_HAL_Driver/Src/py32f071_ll_rcc.c.obj
LOAD CMakeFiles/N7SIX.basic.dir/Drivers/PY32F071_HAL_Driver/Src/py32f071_ll_pwr.c.obj
LOAD CMakeFiles/N7SIX.basic.dir/Drivers/PY32F071_HAL_Driver/Src/py32f071_ll_dma.c.obj
LOAD CMakeFiles/N7SIX.basic.dir/Drivers/PY32F071_HAL_Driver/Src/py32f071_ll_gpio.c.obj
LOAD CMakeFiles/N7SIX.basic.dir/Drivers/PY32F071_HAL_Driver/Src/py32f071_ll_utils.c.obj
LOAD CMakeFiles/N7SIX.basic.dir/Drivers/PY32F071_HAL_Driver/Src/py32f071_ll_adc.c.obj
LOAD CMakeFiles/N7SIX.basic.dir/Drivers/PY32F071_HAL_Driver/Src/py32f071_ll_comp.c.obj
LOAD CMakeFiles/N7SIX.basic.dir/Drivers/PY32F071_HAL_Driver/Src/py32f071_ll_crc.c.obj
LOAD CMakeFiles/N7SIX.basic.dir/Drivers/PY32F071_HAL_Driver/Src/py32f071_ll_dac.c.obj
LOAD CMakeFiles/N7SIX.basic.dir/Drivers/PY32F071_HAL_Driver/Src/py32f071_ll_exti.c.obj
LOAD CMakeFiles/N7SIX.basic.dir/Drivers/PY32F071_HAL_Driver/Src/py32f071_ll_i2c.c.obj
LOAD CMakeFiles/N7SIX.basic.dir/Drivers/PY32F071_HAL_Driver/Src/py32f071_ll_rtc.c.obj
LOAD CMakeFiles/N7SIX.basic.dir/Drivers/PY32F071_HAL_Driver/Src/py32f071_ll_spi.c.obj
LOAD CMakeFiles/N7SIX.basic.dir/Drivers/PY32F071_HAL_Driver/Src/py32f071_ll_tim.c.obj
LOAD CMakeFiles/N7SIX.basic.dir/Drivers/PY32F071_HAL_Driver/Src/py32f071_ll_lptim.c.obj
LOAD CMakeFiles/N7SIX.basic.dir/Drivers/PY32F071_HAL_Driver/Src/py32f071_ll_usart.c.obj
LOAD CMakeFiles/N7SIX.basic.dir/App/driver/backlight.c.obj
LOAD CMakeFiles/N7SIX.basic.dir/App/driver/bk4829.c.obj
LOAD CMakeFiles/N7SIX.basic.dir/App/driver/py25q16.c.obj
LOAD CMakeFiles/N7SIX.basic.dir/App/driver/gpio.c.obj
LOAD CMakeFiles/N7SIX.basic.dir/App/driver/i2c.c.obj
LOAD CMakeFiles/N7SIX.basic.dir/App/driver/keyboard.c.obj
LOAD CMakeFiles/N7SIX.basic.dir/App/driver/st7565.c.obj
LOAD CMakeFiles/N7SIX.basic.dir/App/driver/system.c.obj
LOAD CMakeFiles/N7SIX.basic.dir/App/driver/systick.c.obj
LOAD CMakeFiles/N7SIX.basic.dir/App/app/action.c.obj
LOAD CMakeFiles/N7SIX.basic.dir/App/app/app.c.obj
LOAD CMakeFiles/N7SIX.basic.dir/App/app/chFrScanner.c.obj
LOAD CMakeFiles/N7SIX.basic.dir/App/app/common.c.obj
LOAD CMakeFiles/N7SIX.basic.dir/App/app/dtmf.c.obj
LOAD CMakeFiles/N7SIX.basic.dir/App/app/generic.c.obj
LOAD CMakeFiles/N7SIX.basic.dir/App/app/main.c.obj
LOAD CMakeFiles/N7SIX.basic.dir/App/app/menu.c.obj
LOAD CMakeFiles/N7SIX.basic.dir/App/app/scanner.c.obj
LOAD CMakeFiles/N7SIX.basic.dir/App/audio.c.obj
LOAD CMakeFiles/N7SIX.basic.dir/App/bitmaps.c.obj
LOAD CMakeFiles/N7SIX.basic.dir/App/board.c.obj
LOAD CMakeFiles/N7SIX.basic.dir/App/dcs.c.obj
LOAD CMakeFiles/N7SIX.basic.dir/App/font.c.obj
LOAD CMakeFiles/N7SIX.basic.dir/App/frequencies.c.obj
LOAD CMakeFiles/N7SIX.basic.dir/App/functions.c.obj
LOAD CMakeFiles/N7SIX.basic.dir/App/helper/battery.c.obj
LOAD CMakeFiles/N7SIX.basic.dir/App/helper/boot.c.obj
LOAD CMakeFiles/N7SIX.basic.dir/App/misc.c.obj
LOAD CMakeFiles/N7SIX.basic.dir/App/radio.c.obj
LOAD CMakeFiles/N7SIX.basic.dir/App/scheduler.c.obj
LOAD CMakeFiles/N7SIX.basic.dir/App/settings.c.obj
LOAD CMakeFiles/N7SIX.basic.dir/App/ui/battery.c.obj
LOAD CMakeFiles/N7SIX.basic.dir/App/ui/helper.c.obj
LOAD CMakeFiles/N7SIX.basic.dir/App/ui/inputbox.c.obj
LOAD CMakeFiles/N7SIX.basic.dir/App/ui/main.c.obj
LOAD CMakeFiles/N7SIX.basic.dir/App/ui/menu.c.obj
LOAD CMakeFiles/N7SIX.basic.dir/App/ui/scanner.c.obj
LOAD CMakeFiles/N7SIX.basic.dir/App/ui/status.c.obj
LOAD CMakeFiles/N7SIX.basic.dir/App/ui/ui.c.obj
LOAD CMakeFiles/N7SIX.basic.dir/App/ui/welcome.c.obj
LOAD CMakeFiles/N7SIX.basic.dir/App/version.c.obj
LOAD CMakeFiles/N7SIX.basic.dir/App/main.c.obj
LOAD CMakeFiles/N7SIX.basic.dir/App/external/printf/printf.c.obj
LOAD CMakeFiles/N7SIX.basic.dir/App/driver/crc.c.obj
LOAD CMakeFiles/N7SIX.basic.dir/App/driver/eeprom_compat.c.obj
LOAD CMakeFiles/N7SIX.basic.dir/App/driver/uart.c.obj
LOAD CMakeFiles/N7SIX.basic.dir/App/app/uart.c.obj
LOAD CMakeFiles/N7SIX.basic.dir/App/driver/vcp.c.obj
LOAD CMakeFiles/N7SIX.basic.dir/App/usb/usbd_cdc_if.c.obj
LOAD CMakeFiles/N7SIX.basic.dir/App/driver/bk1080.c.obj
LOAD CMakeFiles/N7SIX.basic.dir/App/app/fm.c.obj
LOAD CMakeFiles/N7SIX.basic.dir/App/ui/fmradio.c.obj
LOAD CMakeFiles/N7SIX.basic.dir/App/app/flashlight.c.obj
LOAD CMakeFiles/N7SIX.basic.dir/App/app/spectrum.c.obj
LOAD CMakeFiles/N7SIX.basic.dir/Middlewares/CherryUSB/core/usbd_core.c.obj
LOAD CMakeFiles/N7SIX.basic.dir/Middlewares/CherryUSB/port/usb_dc_py32.c.obj
LOAD CMakeFiles/N7SIX.basic.dir/Middlewares/CherryUSB/class/cdc/usbd_cdc.c.obj
LOAD /opt/toolchain/bin/../lib/gcc/arm-none-eabi/13.3.1/../../../../arm-none-eabi/lib/thumb/v6-m/nofp/libm.a
START GROUP
LOAD /opt/toolchain/bin/../lib/gcc/arm-none-eabi/13.3.1/thumb/v6-m/nofp/libgcc.a
LOAD /opt/toolchain/bin/../lib/gcc/arm-none-eabi/13.3.1/../../../../arm-none-eabi/lib/thumb/v6-m/nofp/libg_nano.a
LOAD /opt/toolchain/bin/../lib/gcc/arm-none-eabi/13.3.1/../../../../arm-none-eabi/lib/thumb/v6-m/nofp/libc_nano.a
END GROUP
START GROUP
LOAD /opt/toolchain/bin/../lib/gcc/arm-none-eabi/13.3.1/thumb/v6-m/nofp/libgcc.a
LOAD /opt/toolchain/bin/../lib/gcc/arm-none-eabi/13.3.1/../../../../arm-none-eabi/lib/thumb/v6-m/nofp/libc_nano.a
END GROUP
LOAD /opt/toolchain/bin/../lib/gcc/arm-none-eabi/13.3.1/thumb/v6-m/nofp/crtend.o
LOAD /opt/toolchain/bin/../lib/gcc/arm-none-eabi/13.3.1/thumb/v6-m/nofp/crtn.o
                0x20004000                        _estack = (ORIGIN (RAM) + LENGTH (RAM))
                0x00000200                        _Min_Heap_Size = 0x200
                0x00000400                        _Min_Stack_Size = 0x400

.isr_vector     0x08002800       0xc0
                0x08002800                        . = ALIGN (0x4)
 *(.isr_vector)
 .isr_vector    0x08002800       0xc0 CMakeFiles/N7SIX.basic.dir/Core/startup_py32f071xx.s.obj
                0x08002800                g_pfnVectors
                0x080028c0                        . = ALIGN (0x4)

.text           0x080028c0    0x10d6c
                0x080028c0                        . = ALIGN (0x4)
 *(.text)
 .text          0x080028c0       0x14 /opt/toolchain/bin/../lib/gcc/arm-none-eabi/13.3.1/thumb/v6-m/nofp/libgcc.a(_thumb1_case_sqi.o)
                0x080028c0                __gnu_thumb1_case_sqi
 .text          0x080028d4       0x14 /opt/toolchain/bin/../lib/gcc/arm-none-eabi/13.3.1/thumb/v6-m/nofp/libgcc.a(_thumb1_case_uqi.o)
                0x080028d4                __gnu_thumb1_case_uqi
 .text          0x080028e8       0x14 /opt/toolchain/bin/../lib/gcc/arm-none-eabi/13.3.1/thumb/v6-m/nofp/libgcc.a(_thumb1_case_shi.o)
                0x080028e8                __gnu_thumb1_case_shi
 .text          0x080028fc       0x14 /opt/toolchain/bin/../lib/gcc/arm-none-eabi/13.3.1/thumb/v6-m/nofp/libgcc.a(_thumb1_case_uhi.o)
                0x080028fc                __gnu_thumb1_case_uhi
 .text          0x08002910      0x114 /opt/toolchain/bin/../lib/gcc/arm-none-eabi/13.3.1/thumb/v6-m/nofp/libgcc.a(_udivsi3.o)
                0x08002910                __udivsi3
                0x08002910                __aeabi_uidiv
                0x08002a1c                __aeabi_uidivmod
 .text          0x08002a24      0x1d4 /opt/toolchain/bin/../lib/gcc/arm-none-eabi/13.3.1/thumb/v6-m/nofp/libgcc.a(_divsi3.o)
                0x08002a24                __aeabi_idiv
                0x08002a24                __divsi3
                0x08002bf0                __aeabi_idivmod
 .text          0x08002bf8        0x4 /opt/toolchain/bin/../lib/gcc/arm-none-eabi/13.3.1/thumb/v6-m/nofp/libgcc.a(_dvmd_tls.o)
                0x08002bf8                __aeabi_ldiv0
                0x08002bf8                __aeabi_idiv0
 .text          0x08002bfc       0x3c /opt/toolchain/bin/../lib/gcc/arm-none-eabi/13.3.1/thumb/v6-m/nofp/libgcc.a(_clzsi2.o)
                0x08002bfc                __clzsi2
 .text          0x08002c38       0x74 /opt/toolchain/bin/../lib/gcc/arm-none-eabi/13.3.1/thumb/v6-m/nofp/libgcc.a(_arm_cmpsf2.o)
                0x08002c38                __aeabi_cfrcmple
                0x08002c40                __aeabi_cfcmple
                0x08002c40                __aeabi_cfcmpeq
                0x08002c50                __aeabi_fcmpeq
                0x08002c5c                __aeabi_fcmplt
                0x08002c70                __aeabi_fcmple
                0x08002c84                __aeabi_fcmpgt
                0x08002c98                __aeabi_fcmpge
 .text          0x08002cac        0xe /opt/toolchain/bin/../lib/gcc/arm-none-eabi/13.3.1/../../../../arm-none-eabi/lib/thumb/v6-m/nofp/libg_nano.a(libc_a-strlen.o)
                0x08002cac                strlen
 *(.text*)
 *fill*         0x08002cba        0x2 
 .text.deregister_tm_clones
                0x08002cbc       0x20 /opt/toolchain/bin/../lib/gcc/arm-none-eabi/13.3.1/thumb/v6-m/nofp/crtbegin.o
 .text.register_tm_clones
                0x08002cdc       0x28 /opt/toolchain/bin/../lib/gcc/arm-none-eabi/13.3.1/thumb/v6-m/nofp/crtbegin.o
 .text.__do_global_dtors_aux
                0x08002d04       0x2c /opt/toolchain/bin/../lib/gcc/arm-none-eabi/13.3.1/thumb/v6-m/nofp/crtbegin.o
 .text.frame_dummy
                0x08002d30       0x24 /opt/toolchain/bin/../lib/gcc/arm-none-eabi/13.3.1/thumb/v6-m/nofp/crtbegin.o
 .text.startup.main
                0x08002d54       0x3c CMakeFiles/N7SIX.basic.dir/Core/Src/main.c.obj
                0x08002d54                main
 .text.NMI_Handler
                0x08002d90        0x2 CMakeFiles/N7SIX.basic.dir/Core/Src/py32f071_it.c.obj
                0x08002d90                NMI_Handler
 .text.HardFault_Handler
                0x08002d92        0x2 CMakeFiles/N7SIX.basic.dir/Core/Src/py32f071_it.c.obj
                0x08002d92                HardFault_Handler
 .text.SVC_Handler
                0x08002d94        0x2 CMakeFiles/N7SIX.basic.dir/Core/Src/py32f071_it.c.obj
                0x08002d94                SVC_Handler
 .text.PendSV_Handler
                0x08002d96        0x2 CMakeFiles/N7SIX.basic.dir/Core/Src/py32f071_it.c.obj
                0x08002d96                PendSV_Handler
 .text.SystemInit
                0x08002d98       0x10 CMakeFiles/N7SIX.basic.dir/Core/Src/system_py32f071.c.obj
                0x08002d98                SystemInit
 .text.Reset_Handler
                0x08002da8       0x50 CMakeFiles/N7SIX.basic.dir/Core/startup_py32f071xx.s.obj
                0x08002da8                Reset_Handler
 .text.Default_Handler
                0x08002df8        0x2 CMakeFiles/N7SIX.basic.dir/Core/startup_py32f071xx.s.obj
                0x08002df8                TIM1_CC_IRQHandler
                0x08002df8                PVD_IRQHandler
                0x08002df8                I2C1_IRQHandler
                0x08002df8                SPI1_IRQHandler
                0x08002df8                EXTI2_3_IRQHandler
                0x08002df8                I2C2_IRQHandler
                0x08002df8                TIM17_IRQHandler
                0x08002df8                USART3_IRQHandler
                0x08002df8                RTC_IRQHandler
                0x08002df8                LCD_IRQHandler
                0x08002df8                TIM16_IRQHandler
                0x08002df8                TIM3_IRQHandler
                0x08002df8                EXTI4_15_IRQHandler
                0x08002df8                RCC_IRQHandler
                0x08002df8                DMA1_Channel1_IRQHandler
                0x08002df8                Default_Handler
                0x08002df8                TIM14_IRQHandler
                0x08002df8                TIM7_IRQHandler
                0x08002df8                TIM15_IRQHandler
                0x08002df8                EXTI0_1_IRQHandler
                0x08002df8                SPI2_IRQHandler
                0x08002df8                WWDG_IRQHandler
                0x08002df8                TIM2_IRQHandler
                0x08002df8                DMA1_Channel2_3_IRQHandler
                0x08002df8                ADC_COMP_IRQHandler
                0x08002df8                USART2_IRQHandler
                0x08002df8                TIM6_LPTIM1_DAC_IRQHandler
                0x08002df8                FLASH_IRQHandler
                0x08002df8                USART1_IRQHandler
                0x08002df8                TIM1_BRK_UP_TRG_COM_IRQHandler
 *fill*         0x08002dfa        0x2 
 .text.RCC_GetHCLKClockFreq
                0x08002dfc       0x20 CMakeFiles/N7SIX.basic.dir/Drivers/PY32F071_HAL_Driver/Src/py32f071_ll_rcc.c.obj
                0x08002dfc                RCC_GetHCLKClockFreq
 .text.RCC_GetPCLK1ClockFreq
                0x08002e1c       0x20 CMakeFiles/N7SIX.basic.dir/Drivers/PY32F071_HAL_Driver/Src/py32f071_ll_rcc.c.obj
                0x08002e1c                RCC_GetPCLK1ClockFreq
 .text.RCC_PLL_GetFreqDomain_SYS
                0x08002e3c       0x38 CMakeFiles/N7SIX.basic.dir/Drivers/PY32F071_HAL_Driver/Src/py32f071_ll_rcc.c.obj
                0x08002e3c                RCC_PLL_GetFreqDomain_SYS
 .text.RCC_GetSystemClockFreq
                0x08002e74       0x50 CMakeFiles/N7SIX.basic.dir/Drivers/PY32F071_HAL_Driver/Src/py32f071_ll_rcc.c.obj
                0x08002e74                RCC_GetSystemClockFreq
 .text.LL_RCC_GetSystemClocksFreq
                0x08002ec4       0x18 CMakeFiles/N7SIX.basic.dir/Drivers/PY32F071_HAL_Driver/Src/py32f071_ll_rcc.c.obj
                0x08002ec4                LL_RCC_GetSystemClocksFreq
 .text.LL_DMA_Init
                0x08002edc       0x4c CMakeFiles/N7SIX.basic.dir/Drivers/PY32F071_HAL_Driver/Src/py32f071_ll_dma.c.obj
                0x08002edc                LL_DMA_Init
 .text.LL_DMA_StructInit
                0x08002f28       0x18 CMakeFiles/N7SIX.basic.dir/Drivers/PY32F071_HAL_Driver/Src/py32f071_ll_dma.c.obj
                0x08002f28                LL_DMA_StructInit
 .text.LL_GPIO_Init
                0x08002f40       0xa4 CMakeFiles/N7SIX.basic.dir/Drivers/PY32F071_HAL_Driver/Src/py32f071_ll_gpio.c.obj
                0x08002f40                LL_GPIO_Init
 .text.LL_GPIO_StructInit
                0x08002fe4       0x18 CMakeFiles/N7SIX.basic.dir/Drivers/PY32F071_HAL_Driver/Src/py32f071_ll_gpio.c.obj
                0x08002fe4                LL_GPIO_StructInit
 .text.LL_SetSystemCoreClock
                0x08002ffc        0xc CMakeFiles/N7SIX.basic.dir/Drivers/PY32F071_HAL_Driver/Src/py32f071_ll_utils.c.obj
                0x08002ffc                LL_SetSystemCoreClock
 .text.LL_SPI_Init
                0x08003008       0x68 CMakeFiles/N7SIX.basic.dir/Drivers/PY32F071_HAL_Driver/Src/py32f071_ll_spi.c.obj
                0x08003008                LL_SPI_Init
 .text.LL_SPI_StructInit
                0x08003070       0x1a CMakeFiles/N7SIX.basic.dir/Drivers/PY32F071_HAL_Driver/Src/py32f071_ll_spi.c.obj
                0x08003070                LL_SPI_StructInit
 *fill*         0x0800308a        0x2 
 .text.LL_USART_Init
                0x0800308c       0xe4 CMakeFiles/N7SIX.basic.dir/Drivers/PY32F071_HAL_Driver/Src/py32f071_ll_usart.c.obj
                0x0800308c                LL_USART_Init
 .text.LL_USART_StructInit
                0x08003170       0x18 CMakeFiles/N7SIX.basic.dir/Drivers/PY32F071_HAL_Driver/Src/py32f071_ll_usart.c.obj
                0x08003170                LL_USART_StructInit
 .text.BACKLIGHT_Sound
                0x08003188       0x28 CMakeFiles/N7SIX.basic.dir/App/driver/backlight.c.obj
 .text.BACKLIGHT_InitHardware
                0x080031b0       0xc4 CMakeFiles/N7SIX.basic.dir/App/driver/backlight.c.obj
                0x080031b0                BACKLIGHT_InitHardware
 .text.BACKLIGHT_IsOn
                0x08003274        0xc CMakeFiles/N7SIX.basic.dir/App/driver/backlight.c.obj
                0x08003274                BACKLIGHT_IsOn
 .text.BACKLIGHT_SetBrightness
                0x08003280       0xbc CMakeFiles/N7SIX.basic.dir/App/driver/backlight.c.obj
                0x08003280                BACKLIGHT_SetBrightness
 .text.BACKLIGHT_TurnOff
                0x0800333c       0x24 CMakeFiles/N7SIX.basic.dir/App/driver/backlight.c.obj
                0x0800333c                BACKLIGHT_TurnOff
 .text.BACKLIGHT_TurnOn
                0x08003360       0x84 CMakeFiles/N7SIX.basic.dir/App/driver/backlight.c.obj
                0x08003360                BACKLIGHT_TurnOn
 .text.BK4819_WriteU8
                0x080033e4       0x54 CMakeFiles/N7SIX.basic.dir/App/driver/bk4829.c.obj
                0x080033e4                BK4819_WriteU8
 .text.BK4819_ReadRegister
                0x08003438       0x98 CMakeFiles/N7SIX.basic.dir/App/driver/bk4829.c.obj
                0x08003438                BK4819_ReadRegister
 .text.BK4819_WriteU16
                0x080034d0       0x54 CMakeFiles/N7SIX.basic.dir/App/driver/bk4829.c.obj
                0x080034d0                BK4819_WriteU16
 .text.BK4819_WriteRegister
                0x08003524       0x4c CMakeFiles/N7SIX.basic.dir/App/driver/bk4829.c.obj
                0x08003524                BK4819_WriteRegister
 .text.BK4819_Init
                0x08003570      0x1d0 CMakeFiles/N7SIX.basic.dir/App/driver/bk4829.c.obj
                0x08003570                BK4819_Init
 .text.BK4819_SetAGC
                0x08003740       0x30 CMakeFiles/N7SIX.basic.dir/App/driver/bk4829.c.obj
                0x08003740                BK4819_SetAGC
 .text.BK4819_InitAGC
                0x08003770       0x64 CMakeFiles/N7SIX.basic.dir/App/driver/bk4829.c.obj
                0x08003770                BK4819_InitAGC
 .text.BK4819_ToggleGpioOut
                0x080037d4       0x2c CMakeFiles/N7SIX.basic.dir/App/driver/bk4829.c.obj
                0x080037d4                BK4819_ToggleGpioOut
 .text.BK4819_SetCDCSSCodeWord
                0x08003800       0x38 CMakeFiles/N7SIX.basic.dir/App/driver/bk4829.c.obj
                0x08003800                BK4819_SetCDCSSCodeWord
 .text.BK4819_SetCTCSSFrequency
                0x08003838       0x48 CMakeFiles/N7SIX.basic.dir/App/driver/bk4829.c.obj
                0x08003838                BK4819_SetCTCSSFrequency
 .text.BK4819_SetTailDetection
                0x08003880       0x24 CMakeFiles/N7SIX.basic.dir/App/driver/bk4829.c.obj
                0x08003880                BK4819_SetTailDetection
 .text.BK4819_SetFilterBandwidth
                0x080038a4       0x1c CMakeFiles/N7SIX.basic.dir/App/driver/bk4829.c.obj
                0x080038a4                BK4819_SetFilterBandwidth
 .text.BK4819_SetupPowerAmplifier
                0x080038c0       0x20 CMakeFiles/N7SIX.basic.dir/App/driver/bk4829.c.obj
                0x080038c0                BK4819_SetupPowerAmplifier
 .text.BK4819_SetFrequency
                0x080038e0       0x16 CMakeFiles/N7SIX.basic.dir/App/driver/bk4829.c.obj
                0x080038e0                BK4819_SetFrequency
 *fill*         0x080038f6        0x2 
 .text.BK4819_SetAF
                0x080038f8       0x14 CMakeFiles/N7SIX.basic.dir/App/driver/bk4829.c.obj
                0x080038f8                BK4819_SetAF
 .text.BK4819_SetRegValue
                0x0800390c       0x2e CMakeFiles/N7SIX.basic.dir/App/driver/bk4829.c.obj
                0x0800390c                BK4819_SetRegValue
 *fill*         0x0800393a        0x2 
 .text.BK4819_RX_TurnOn
                0x0800393c       0x24 CMakeFiles/N7SIX.basic.dir/App/driver/bk4829.c.obj
                0x0800393c                BK4819_RX_TurnOn
 .text.BK4819_SetupSquelch
                0x08003960       0x56 CMakeFiles/N7SIX.basic.dir/App/driver/bk4829.c.obj
                0x08003960                BK4819_SetupSquelch
 *fill*         0x080039b6        0x2 
 .text.BK4819_PickRXFilterPathBasedOnFrequency
                0x080039b8       0x30 CMakeFiles/N7SIX.basic.dir/App/driver/bk4829.c.obj
                0x080039b8                BK4819_PickRXFilterPathBasedOnFrequency
 .text.BK4819_DisableScramble
                0x080039e8       0x1e CMakeFiles/N7SIX.basic.dir/App/driver/bk4829.c.obj
                0x080039e8                BK4819_DisableScramble
 *fill*         0x08003a06        0x2 
 .text.BK4819_SetCompander
                0x08003a08       0x54 CMakeFiles/N7SIX.basic.dir/App/driver/bk4829.c.obj
                0x08003a08                BK4819_SetCompander
 .text.BK4819_DisableVox
                0x08003a5c       0x16 CMakeFiles/N7SIX.basic.dir/App/driver/bk4829.c.obj
                0x08003a5c                BK4819_DisableVox
 .text.BK4819_DisableDTMF
                0x08003a72        0xc CMakeFiles/N7SIX.basic.dir/App/driver/bk4829.c.obj
                0x08003a72                BK4819_DisableDTMF
 *fill*         0x08003a7e        0x2 
 .text.BK4819_EnableDTMF
                0x08003a80       0x1c CMakeFiles/N7SIX.basic.dir/App/driver/bk4829.c.obj
                0x08003a80                BK4819_EnableDTMF
 .text.BK4819_EnterTxMute
                0x08003a9c       0x10 CMakeFiles/N7SIX.basic.dir/App/driver/bk4829.c.obj
                0x08003a9c                BK4819_EnterTxMute
 .text.BK4819_PlayTone
                0x08003aac       0x58 CMakeFiles/N7SIX.basic.dir/App/driver/bk4829.c.obj
                0x08003aac                BK4819_PlayTone
 .text.BK4819_ExitTxMute
                0x08003b04       0x10 CMakeFiles/N7SIX.basic.dir/App/driver/bk4829.c.obj
                0x08003b04                BK4819_ExitTxMute
 .text.BK4819_Sleep
                0x08003b14       0x16 CMakeFiles/N7SIX.basic.dir/App/driver/bk4829.c.obj
                0x08003b14                BK4819_Sleep
 *fill*         0x08003b2a        0x2 
 .text.BK4819_TurnsOffTones_TurnsOnRX
                0x08003b2c       0x2c CMakeFiles/N7SIX.basic.dir/App/driver/bk4829.c.obj
                0x08003b2c                BK4819_TurnsOffTones_TurnsOnRX
 .text.BK4819_Idle
                0x08003b58        0xc CMakeFiles/N7SIX.basic.dir/App/driver/bk4829.c.obj
                0x08003b58                BK4819_Idle
 .text.BK4819_ExitBypass
                0x08003b64       0x20 CMakeFiles/N7SIX.basic.dir/App/driver/bk4829.c.obj
                0x08003b64                BK4819_ExitBypass
 .text.BK4819_TxOn_Beep
                0x08003b84       0x38 CMakeFiles/N7SIX.basic.dir/App/driver/bk4829.c.obj
                0x08003b84                BK4819_TxOn_Beep
 .text.BK4819_PrepareTransmit
                0x08003bbc       0x10 CMakeFiles/N7SIX.basic.dir/App/driver/bk4829.c.obj
                0x08003bbc                BK4819_PrepareTransmit
 .text.BK4819_ExitSubAu
                0x08003bcc        0xc CMakeFiles/N7SIX.basic.dir/App/driver/bk4829.c.obj
                0x08003bcc                BK4819_ExitSubAu
 .text.BK4819_Conditional_RX_TurnOn_and_GPIO6_Enable
                0x08003bd8       0x1c CMakeFiles/N7SIX.basic.dir/App/driver/bk4829.c.obj
                0x08003bd8                BK4819_Conditional_RX_TurnOn_and_GPIO6_Enable
 .text.BK4819_ExitDTMF_TX
                0x08003bf4       0x30 CMakeFiles/N7SIX.basic.dir/App/driver/bk4829.c.obj
                0x08003bf4                BK4819_ExitDTMF_TX
 .text.BK4819_EnableTXLink
                0x08003c24       0x10 CMakeFiles/N7SIX.basic.dir/App/driver/bk4829.c.obj
                0x08003c24                BK4819_EnableTXLink
 .text.BK4819_PlaySingleTone
                0x08003c34       0x94 CMakeFiles/N7SIX.basic.dir/App/driver/bk4829.c.obj
                0x08003c34                BK4819_PlaySingleTone
 .text.BK4819_EnterDTMF_TX
                0x08003cc8       0x2c CMakeFiles/N7SIX.basic.dir/App/driver/bk4829.c.obj
                0x08003cc8                BK4819_EnterDTMF_TX
 .text.BK4819_PlayDTMF
                0x08003cf4       0x7c CMakeFiles/N7SIX.basic.dir/App/driver/bk4829.c.obj
                0x08003cf4                BK4819_PlayDTMF
 .text.BK4819_PlayDTMFString
                0x08003d70       0x5a CMakeFiles/N7SIX.basic.dir/App/driver/bk4829.c.obj
                0x08003d70                BK4819_PlayDTMFString
 *fill*         0x08003dca        0x2 
 .text.BK4819_TransmitTone
                0x08003dcc       0x48 CMakeFiles/N7SIX.basic.dir/App/driver/bk4829.c.obj
                0x08003dcc                BK4819_TransmitTone
 .text.BK4819_GenTail
                0x08003e14       0x40 CMakeFiles/N7SIX.basic.dir/App/driver/bk4829.c.obj
                0x08003e14                BK4819_GenTail
 .text.BK4819_PlayCDCSSTail
                0x08003e54       0x18 CMakeFiles/N7SIX.basic.dir/App/driver/bk4829.c.obj
                0x08003e54                BK4819_PlayCDCSSTail
 .text.BK4819_PlayCTCSSTail
                0x08003e6c       0x18 CMakeFiles/N7SIX.basic.dir/App/driver/bk4829.c.obj
                0x08003e6c                BK4819_PlayCTCSSTail
 .text.BK4819_GetRSSI
                0x08003e84        0xe CMakeFiles/N7SIX.basic.dir/App/driver/bk4829.c.obj
                0x08003e84                BK4819_GetRSSI
 .text.BK4819_GetRSSI_dBm
                0x08003e92        0xe CMakeFiles/N7SIX.basic.dir/App/driver/bk4829.c.obj
                0x08003e92                BK4819_GetRSSI_dBm
 .text.BK4819_GetFrequencyScanResult
                0x08003ea0       0x30 CMakeFiles/N7SIX.basic.dir/App/driver/bk4829.c.obj
                0x08003ea0                BK4819_GetFrequencyScanResult
 .text.BK4819_GetCxCSSScanResult
                0x08003ed0       0x58 CMakeFiles/N7SIX.basic.dir/App/driver/bk4829.c.obj
                0x08003ed0                BK4819_GetCxCSSScanResult
 .text.BK4819_DisableFrequencyScan
                0x08003f28        0xe CMakeFiles/N7SIX.basic.dir/App/driver/bk4829.c.obj
                0x08003f28                BK4819_DisableFrequencyScan
 *fill*         0x08003f36        0x2 
 .text.BK4819_EnableFrequencyScan
                0x08003f38       0x10 CMakeFiles/N7SIX.basic.dir/App/driver/bk4829.c.obj
                0x08003f38                BK4819_EnableFrequencyScan
 .text.BK4819_SetScanFrequency
                0x08003f48       0x16 CMakeFiles/N7SIX.basic.dir/App/driver/bk4829.c.obj
                0x08003f48                BK4819_SetScanFrequency
 .text.BK4819_Disable
                0x08003f5e        0x8 CMakeFiles/N7SIX.basic.dir/App/driver/bk4829.c.obj
                0x08003f5e                BK4819_Disable
 .text.BK4819_StopScan
                0x08003f66        0xc CMakeFiles/N7SIX.basic.dir/App/driver/bk4829.c.obj
                0x08003f66                BK4819_StopScan
 .text.BK4819_GetDTMF_5TONE_Code
                0x08003f72        0xe CMakeFiles/N7SIX.basic.dir/App/driver/bk4829.c.obj
                0x08003f72                BK4819_GetDTMF_5TONE_Code
 .text.BK4819_GetCDCSSCodeType
                0x08003f80        0xe CMakeFiles/N7SIX.basic.dir/App/driver/bk4829.c.obj
                0x08003f80                BK4819_GetCDCSSCodeType
 .text.BK4819_GetCTCType
                0x08003f8e        0xe CMakeFiles/N7SIX.basic.dir/App/driver/bk4829.c.obj
                0x08003f8e                BK4819_GetCTCType
 .text.BK4819_PlayRogerMDC
                0x08003f9c       0x78 CMakeFiles/N7SIX.basic.dir/App/driver/bk4829.c.obj
                0x08003f9c                BK4819_PlayRogerMDC
 .text.BK4819_PlayRoger
                0x08004014       0x80 CMakeFiles/N7SIX.basic.dir/App/driver/bk4829.c.obj
                0x08004014                BK4819_PlayRoger
 .text.BK4819_PlayDTMFEx
                0x08004094       0x3c CMakeFiles/N7SIX.basic.dir/App/driver/bk4829.c.obj
                0x08004094                BK4819_PlayDTMFEx
 .text.SPI_WriteByte
                0x080040d0       0x20 CMakeFiles/N7SIX.basic.dir/App/driver/py25q16.c.obj
 .text.WriteAddr
                0x080040f0       0x1c CMakeFiles/N7SIX.basic.dir/App/driver/py25q16.c.obj
 .text.WaitWIP  0x0800410c       0x30 CMakeFiles/N7SIX.basic.dir/App/driver/py25q16.c.obj
 .text.SectorErase
                0x0800413c       0x2e CMakeFiles/N7SIX.basic.dir/App/driver/py25q16.c.obj
 *fill*         0x0800416a        0x2 
 .text.SectorProgram
                0x0800416c      0x12c CMakeFiles/N7SIX.basic.dir/App/driver/py25q16.c.obj
 .text.PY25Q16_Init
                0x08004298       0xf0 CMakeFiles/N7SIX.basic.dir/App/driver/py25q16.c.obj
                0x08004298                PY25Q16_Init
 .text.PY25Q16_ReadBuffer
                0x08004388       0xf4 CMakeFiles/N7SIX.basic.dir/App/driver/py25q16.c.obj
                0x08004388                PY25Q16_ReadBuffer
 .text.PY25Q16_WriteBuffer
                0x0800447c       0xdc CMakeFiles/N7SIX.basic.dir/App/driver/py25q16.c.obj
                0x0800447c                PY25Q16_WriteBuffer
 .text.PY25Q16_SectorErase
                0x08004558       0x2c CMakeFiles/N7SIX.basic.dir/App/driver/py25q16.c.obj
                0x08004558                PY25Q16_SectorErase
 .text.DMA1_Channel4_5_6_7_IRQHandler
                0x08004584       0x64 CMakeFiles/N7SIX.basic.dir/App/driver/py25q16.c.obj
                0x08004584                DMA1_Channel4_5_6_7_IRQHandler
 .text.I2C_Start
                0x080045e8       0x30 CMakeFiles/N7SIX.basic.dir/App/driver/i2c.c.obj
                0x080045e8                I2C_Start
 .text.I2C_Stop
                0x08004618       0x30 CMakeFiles/N7SIX.basic.dir/App/driver/i2c.c.obj
                0x08004618                I2C_Stop
 .text.I2C_Read
                0x08004648       0x98 CMakeFiles/N7SIX.basic.dir/App/driver/i2c.c.obj
                0x08004648                I2C_Read
 .text.I2C_Write
                0x080046e0       0xa4 CMakeFiles/N7SIX.basic.dir/App/driver/i2c.c.obj
                0x080046e0                I2C_Write
 .text.I2C_ReadBuffer
                0x08004784       0x3e CMakeFiles/N7SIX.basic.dir/App/driver/i2c.c.obj
                0x08004784                I2C_ReadBuffer
 .text.I2C_WriteBuffer
                0x080047c2       0x20 CMakeFiles/N7SIX.basic.dir/App/driver/i2c.c.obj
                0x080047c2                I2C_WriteBuffer
 *fill*         0x080047e2        0x2 
 .text.KEYBOARD_Poll
                0x080047e4       0x8c CMakeFiles/N7SIX.basic.dir/App/driver/keyboard.c.obj
                0x080047e4                KEYBOARD_Poll
 .text.SPI_WriteByte.isra.0
                0x08004870       0x1c CMakeFiles/N7SIX.basic.dir/App/driver/st7565.c.obj
 .text.map      0x0800488c       0x1c CMakeFiles/N7SIX.basic.dir/App/driver/st7565.c.obj
                0x0800488c                map
 .text.ST7565_Gauge
                0x080048a8       0x50 CMakeFiles/N7SIX.basic.dir/App/driver/st7565.c.obj
                0x080048a8                ST7565_Gauge
 .text.ST7565_HardwareReset
                0x080048f8        0x2 CMakeFiles/N7SIX.basic.dir/App/driver/st7565.c.obj
                0x080048f8                ST7565_HardwareReset
 .text.ST7565_SelectColumnAndLine
                0x080048fa       0x28 CMakeFiles/N7SIX.basic.dir/App/driver/st7565.c.obj
                0x080048fa                ST7565_SelectColumnAndLine
 .text.DrawLine
                0x08004922       0x30 CMakeFiles/N7SIX.basic.dir/App/driver/st7565.c.obj
 *fill*         0x08004952        0x2 
 .text.ST7565_DrawLine
                0x08004954       0x18 CMakeFiles/N7SIX.basic.dir/App/driver/st7565.c.obj
                0x08004954                ST7565_DrawLine
 .text.ST7565_FillScreen
                0x0800496c       0x28 CMakeFiles/N7SIX.basic.dir/App/driver/st7565.c.obj
                0x0800496c                ST7565_FillScreen
 .text.ST7565_WriteByte
                0x08004994       0x10 CMakeFiles/N7SIX.basic.dir/App/driver/st7565.c.obj
                0x08004994                ST7565_WriteByte
 .text.ST7565_BlitScreen
                0x080049a4       0x5c CMakeFiles/N7SIX.basic.dir/App/driver/st7565.c.obj
 .text.ST7565_BlitFullScreen
                0x08004a00        0xa CMakeFiles/N7SIX.basic.dir/App/driver/st7565.c.obj
                0x08004a00                ST7565_BlitFullScreen
 .text.ST7565_BlitLine
                0x08004a0a        0xc CMakeFiles/N7SIX.basic.dir/App/driver/st7565.c.obj
                0x08004a0a                ST7565_BlitLine
 .text.ST7565_BlitStatusLine
                0x08004a16        0xa CMakeFiles/N7SIX.basic.dir/App/driver/st7565.c.obj
                0x08004a16                ST7565_BlitStatusLine
 .text.ST7565_Cmd
                0x08004a20       0x34 CMakeFiles/N7SIX.basic.dir/App/driver/st7565.c.obj
 .text.ST7565_FixInterfGlitch
                0x08004a54       0x24 CMakeFiles/N7SIX.basic.dir/App/driver/st7565.c.obj
                0x08004a54                ST7565_FixInterfGlitch
 .text.ST7565_ContrastAndInv
                0x08004a78       0x24 CMakeFiles/N7SIX.basic.dir/App/driver/st7565.c.obj
                0x08004a78                ST7565_ContrastAndInv
 .text.ST7565_Init
                0x08004a9c      0x10c CMakeFiles/N7SIX.basic.dir/App/driver/st7565.c.obj
                0x08004a9c                ST7565_Init
 .text.ST7565_ShutDown
                0x08004ba8       0x24 CMakeFiles/N7SIX.basic.dir/App/driver/st7565.c.obj
                0x08004ba8                ST7565_ShutDown
 .text.SYSTEM_DelayMs
                0x08004bcc        0xe CMakeFiles/N7SIX.basic.dir/App/driver/system.c.obj
                0x08004bcc                SYSTEM_DelayMs
 *fill*         0x08004bda        0x2 
 .text.SYSTICK_Init
                0x08004bdc       0x40 CMakeFiles/N7SIX.basic.dir/App/driver/systick.c.obj
                0x08004bdc                SYSTICK_Init
 .text.SYSTICK_DelayUs
                0x08004c1c       0x34 CMakeFiles/N7SIX.basic.dir/App/driver/systick.c.obj
                0x08004c1c                SYSTICK_DelayUs
 .text.ACTION_Power
                0x08004c50       0x34 CMakeFiles/N7SIX.basic.dir/App/app/action.c.obj
                0x08004c50                ACTION_Power
 .text.ACTION_SwitchDemodul
                0x08004c84       0x24 CMakeFiles/N7SIX.basic.dir/App/app/action.c.obj
                0x08004c84                ACTION_SwitchDemodul
 .text.ACTION_Ptt
                0x08004ca8       0x10 CMakeFiles/N7SIX.basic.dir/App/app/action.c.obj
                0x08004ca8                ACTION_Ptt
 .text.ACTION_BackLight
                0x08004cb8       0x28 CMakeFiles/N7SIX.basic.dir/App/app/action.c.obj
                0x08004cb8                ACTION_BackLight
 .text.ACTION_Mute
                0x08004ce0       0x60 CMakeFiles/N7SIX.basic.dir/App/app/action.c.obj
                0x08004ce0                ACTION_Mute
 .text.ACTION_Monitor
                0x08004d40       0x88 CMakeFiles/N7SIX.basic.dir/App/app/action.c.obj
                0x08004d40                ACTION_Monitor
 .text.ACTION_FM
                0x08004dc8       0x5c CMakeFiles/N7SIX.basic.dir/App/app/action.c.obj
                0x08004dc8                ACTION_FM
 .text.ACTION_Wn
                0x08004e24       0x5c CMakeFiles/N7SIX.basic.dir/App/app/action.c.obj
                0x08004e24                ACTION_Wn
 .text.ACTION_1750
                0x08004e80       0x48 CMakeFiles/N7SIX.basic.dir/App/app/action.c.obj
 .text.ACTION_Scan
                0x08004ec8      0x128 CMakeFiles/N7SIX.basic.dir/App/app/action.c.obj
                0x08004ec8                ACTION_Scan
 .text.ACTION_ScanRestart
                0x08004ff0        0xa CMakeFiles/N7SIX.basic.dir/App/app/action.c.obj
 *fill*         0x08004ffa        0x2 
 .text.ACTION_Handle
                0x08004ffc       0xd0 CMakeFiles/N7SIX.basic.dir/App/app/action.c.obj
                0x08004ffc                ACTION_Handle
 .text.ACTION_Update
                0x080050cc       0x20 CMakeFiles/N7SIX.basic.dir/App/app/action.c.obj
                0x080050cc                ACTION_Update
 .text.ACTION_RxMode
                0x080050ec       0x34 CMakeFiles/N7SIX.basic.dir/App/app/action.c.obj
                0x080050ec                ACTION_RxMode
 .text.ACTION_MainOnly
                0x08005120       0x40 CMakeFiles/N7SIX.basic.dir/App/app/action.c.obj
                0x08005120                ACTION_MainOnly
 .text.ACTION_BackLightOnDemand
                0x08005160       0x48 CMakeFiles/N7SIX.basic.dir/App/app/action.c.obj
                0x08005160                ACTION_BackLightOnDemand
 .text.DualwatchAlternate
                0x080051a8       0x58 CMakeFiles/N7SIX.basic.dir/App/app/app.c.obj
 .text.HandleReceive
                0x08005200      0x1f0 CMakeFiles/N7SIX.basic.dir/App/app/app.c.obj
 .text.CheckForIncoming
                0x080053f0       0x9c CMakeFiles/N7SIX.basic.dir/App/app/app.c.obj
 .text.HandlePowerSave
                0x0800548c       0x14 CMakeFiles/N7SIX.basic.dir/App/app/app.c.obj
 .text.APP_StartListening
                0x080054a0      0x11c CMakeFiles/N7SIX.basic.dir/App/app/app.c.obj
                0x080054a0                APP_StartListening
 .text.HandleIncoming
                0x080055bc       0xa4 CMakeFiles/N7SIX.basic.dir/App/app/app.c.obj
 .text.APP_SetFreqByStepAndLimits
                0x08005660       0x2c CMakeFiles/N7SIX.basic.dir/App/app/app.c.obj
                0x08005660                APP_SetFreqByStepAndLimits
 .text.APP_SetFrequencyByStep
                0x0800568c       0x1c CMakeFiles/N7SIX.basic.dir/App/app/app.c.obj
                0x0800568c                APP_SetFrequencyByStep
 .text.APP_EndTransmission
                0x080056a8       0x28 CMakeFiles/N7SIX.basic.dir/App/app/app.c.obj
                0x080056a8                APP_EndTransmission
 .text.cancelUserInputModes
                0x080056d0       0x7c CMakeFiles/N7SIX.basic.dir/App/app/app.c.obj
                0x080056d0                cancelUserInputModes
 .text.ProcessKey
                0x0800574c      0x664 CMakeFiles/N7SIX.basic.dir/App/app/app.c.obj
 .text.APP_Update
                0x08005db0      0x3d4 CMakeFiles/N7SIX.basic.dir/App/app/app.c.obj
                0x08005db0                APP_Update
 .text.APP_TimeSlice10ms
                0x08006184      0x48c CMakeFiles/N7SIX.basic.dir/App/app/app.c.obj
                0x08006184                APP_TimeSlice10ms
 .text.APP_TimeSlice500ms
                0x08006610      0x464 CMakeFiles/N7SIX.basic.dir/App/app/app.c.obj
                0x08006610                APP_TimeSlice500ms
 .text.NextMemChannel
                0x08006a74      0x118 CMakeFiles/N7SIX.basic.dir/App/app/chFrScanner.c.obj
 .text.NextFreqChannel
                0x08006b8c       0x60 CMakeFiles/N7SIX.basic.dir/App/app/chFrScanner.c.obj
 .text.CHFRSCANNER_Start
                0x08006bec       0xb4 CMakeFiles/N7SIX.basic.dir/App/app/chFrScanner.c.obj
                0x08006bec                CHFRSCANNER_Start
 .text.CHFRSCANNER_ContinueScanning
                0x08006ca0       0x6c CMakeFiles/N7SIX.basic.dir/App/app/chFrScanner.c.obj
                0x08006ca0                CHFRSCANNER_ContinueScanning
 .text.CHFRSCANNER_Found
                0x08006d0c       0x78 CMakeFiles/N7SIX.basic.dir/App/app/chFrScanner.c.obj
                0x08006d0c                CHFRSCANNER_Found
 .text.CHFRSCANNER_Stop
                0x08006d84       0xac CMakeFiles/N7SIX.basic.dir/App/app/chFrScanner.c.obj
                0x08006d84                CHFRSCANNER_Stop
 .text.COMMON_KeypadLockToggle
                0x08006e30       0x30 CMakeFiles/N7SIX.basic.dir/App/app/common.c.obj
                0x08006e30                COMMON_KeypadLockToggle
 .text.COMMON_SwitchVFOs
                0x08006e60       0x54 CMakeFiles/N7SIX.basic.dir/App/app/common.c.obj
                0x08006e60                COMMON_SwitchVFOs
 .text.COMMON_SwitchVFOMode
                0x08006eb4       0x50 CMakeFiles/N7SIX.basic.dir/App/app/common.c.obj
                0x08006eb4                COMMON_SwitchVFOMode
 .text.DTMF_SendEndOfTransmission
                0x08006f04       0xa4 CMakeFiles/N7SIX.basic.dir/App/app/dtmf.c.obj
                0x08006f04                DTMF_SendEndOfTransmission
 .text.DTMF_ValidateCodes
                0x08006fa8       0x50 CMakeFiles/N7SIX.basic.dir/App/app/dtmf.c.obj
                0x08006fa8                DTMF_ValidateCodes
 .text.DTMF_GetCharacter
                0x08006ff8       0x20 CMakeFiles/N7SIX.basic.dir/App/app/dtmf.c.obj
                0x08006ff8                DTMF_GetCharacter
 .text.DTMF_clear_input_box
                0x08007018       0x24 CMakeFiles/N7SIX.basic.dir/App/app/dtmf.c.obj
                0x08007018                DTMF_clear_input_box
 .text.DTMF_Append
                0x0800703c       0x34 CMakeFiles/N7SIX.basic.dir/App/app/dtmf.c.obj
                0x0800703c                DTMF_Append
 .text.DTMF_Reply
                0x08007070       0xb8 CMakeFiles/N7SIX.basic.dir/App/app/dtmf.c.obj
                0x08007070                DTMF_Reply
 .text.GENERIC_Key_F
                0x08007128       0x9c CMakeFiles/N7SIX.basic.dir/App/app/generic.c.obj
                0x08007128                GENERIC_Key_F
 .text.GENERIC_Key_PTT
                0x080071c4      0x17c CMakeFiles/N7SIX.basic.dir/App/app/generic.c.obj
                0x080071c4                GENERIC_Key_PTT
 .text.processFKeyFunction
                0x08007340      0x360 CMakeFiles/N7SIX.basic.dir/App/app/main.c.obj
 .text.MAIN_Key_UP_DOWN.part.0
                0x080076a0       0xd8 CMakeFiles/N7SIX.basic.dir/App/app/main.c.obj
 .text.channelMove
                0x08007778       0x50 CMakeFiles/N7SIX.basic.dir/App/app/main.c.obj
                0x08007778                channelMove
 .text.channelMoveSwitch
                0x080077c8       0x68 CMakeFiles/N7SIX.basic.dir/App/app/main.c.obj
                0x080077c8                channelMoveSwitch
 .text.MAIN_ProcessKeys
                0x08007830      0x578 CMakeFiles/N7SIX.basic.dir/App/app/main.c.obj
                0x08007830                MAIN_ProcessKeys
 .text.MENU_StartCssScan
                0x08007da8       0x24 CMakeFiles/N7SIX.basic.dir/App/app/menu.c.obj
                0x08007da8                MENU_StartCssScan
 .text.MENU_StopCssScan
                0x08007dcc       0x20 CMakeFiles/N7SIX.basic.dir/App/app/menu.c.obj
                0x08007dcc                MENU_StopCssScan
 .text.MENU_GetLimits
                0x08007dec       0xdc CMakeFiles/N7SIX.basic.dir/App/app/menu.c.obj
                0x08007dec                MENU_GetLimits
 .text.MENU_Key_UP_DOWN
                0x08007ec8      0x1c8 CMakeFiles/N7SIX.basic.dir/App/app/menu.c.obj
 .text.MENU_AcceptSetting
                0x08008090      0x580 CMakeFiles/N7SIX.basic.dir/App/app/menu.c.obj
                0x08008090                MENU_AcceptSetting
 .text.MENU_ShowCurrentSetting
                0x08008610      0x3d8 CMakeFiles/N7SIX.basic.dir/App/app/menu.c.obj
                0x08008610                MENU_ShowCurrentSetting
 .text.MENU_CssScanFound
                0x080089e8       0x3c CMakeFiles/N7SIX.basic.dir/App/app/menu.c.obj
                0x080089e8                MENU_CssScanFound
 .text.MENU_ProcessKeys
                0x08008a24      0x550 CMakeFiles/N7SIX.basic.dir/App/app/menu.c.obj
                0x08008a24                MENU_ProcessKeys
 .text.SCANNER_Key_UP_DOWN
                0x08008f74       0x68 CMakeFiles/N7SIX.basic.dir/App/app/scanner.c.obj
 .text.SCANNER_Start
                0x08008fdc      0x100 CMakeFiles/N7SIX.basic.dir/App/app/scanner.c.obj
                0x08008fdc                SCANNER_Start
 .text.SCANNER_IsScanning
                0x080090dc       0x20 CMakeFiles/N7SIX.basic.dir/App/app/scanner.c.obj
                0x080090dc                SCANNER_IsScanning
 .text.SCANNER_Stop
                0x080090fc       0x50 CMakeFiles/N7SIX.basic.dir/App/app/scanner.c.obj
                0x080090fc                SCANNER_Stop
 .text.SCANNER_ProcessKeys
                0x0800914c      0x2bc CMakeFiles/N7SIX.basic.dir/App/app/scanner.c.obj
                0x0800914c                SCANNER_ProcessKeys
 .text.SCANNER_TimeSlice10ms
                0x08009408      0x184 CMakeFiles/N7SIX.basic.dir/App/app/scanner.c.obj
                0x08009408                SCANNER_TimeSlice10ms
 .text.SCANNER_TimeSlice500ms
                0x0800958c       0x48 CMakeFiles/N7SIX.basic.dir/App/app/scanner.c.obj
                0x0800958c                SCANNER_TimeSlice500ms
 .text.AUDIO_PlayBeep
                0x080095d4      0x160 CMakeFiles/N7SIX.basic.dir/App/audio.c.obj
                0x080095d4                AUDIO_PlayBeep
 .text.BOARD_GPIO_Init
                0x08009734       0xcc CMakeFiles/N7SIX.basic.dir/App/board.c.obj
                0x08009734                BOARD_GPIO_Init
 .text.BOARD_ADC_Init
                0x08009800      0x1bc CMakeFiles/N7SIX.basic.dir/App/board.c.obj
                0x08009800                BOARD_ADC_Init
 .text.BOARD_ADC_GetBatteryInfo
                0x080099bc       0x2c CMakeFiles/N7SIX.basic.dir/App/board.c.obj
                0x080099bc                BOARD_ADC_GetBatteryInfo
 .text.BOARD_Init
                0x080099e8       0x20 CMakeFiles/N7SIX.basic.dir/App/board.c.obj
                0x080099e8                BOARD_Init
 .text.DCS_GetGolayCodeWord
                0x08009a08       0x4c CMakeFiles/N7SIX.basic.dir/App/dcs.c.obj
                0x08009a08                DCS_GetGolayCodeWord
 .text.DCS_GetCdcssCode
                0x08009a54       0x5c CMakeFiles/N7SIX.basic.dir/App/dcs.c.obj
                0x08009a54                DCS_GetCdcssCode
 .text.DCS_GetCtcssCode
                0x08009ab0       0x2c CMakeFiles/N7SIX.basic.dir/App/dcs.c.obj
                0x08009ab0                DCS_GetCtcssCode
 .text.FREQUENCY_GetStepIdxFromSortedIdx
                0x08009adc        0xc CMakeFiles/N7SIX.basic.dir/App/frequencies.c.obj
                0x08009adc                FREQUENCY_GetStepIdxFromSortedIdx
 .text.FREQUENCY_GetSortedIdxFromStepIdx
                0x08009ae8       0x1c CMakeFiles/N7SIX.basic.dir/App/frequencies.c.obj
                0x08009ae8                FREQUENCY_GetSortedIdxFromStepIdx
 .text.FREQUENCY_GetBand
                0x08009b04       0x1c CMakeFiles/N7SIX.basic.dir/App/frequencies.c.obj
                0x08009b04                FREQUENCY_GetBand
 .text.FREQUENCY_CalculateOutputPower
                0x08009b20       0x36 CMakeFiles/N7SIX.basic.dir/App/frequencies.c.obj
                0x08009b20                FREQUENCY_CalculateOutputPower
 *fill*         0x08009b56        0x2 
 .text.FREQUENCY_RoundToStep
                0x08009b58       0x64 CMakeFiles/N7SIX.basic.dir/App/frequencies.c.obj
                0x08009b58                FREQUENCY_RoundToStep
 .text.TX_freq_check
                0x08009bbc      0x1a4 CMakeFiles/N7SIX.basic.dir/App/frequencies.c.obj
                0x08009bbc                TX_freq_check
 .text.RX_freq_check
                0x08009d60       0x34 CMakeFiles/N7SIX.basic.dir/App/frequencies.c.obj
                0x08009d60                RX_freq_check
 .text.FUNCTION_IsRx
                0x08009d94       0x18 CMakeFiles/N7SIX.basic.dir/App/functions.c.obj
                0x08009d94                FUNCTION_IsRx
 .text.FUNCTION_Init
                0x08009dac       0x84 CMakeFiles/N7SIX.basic.dir/App/functions.c.obj
                0x08009dac                FUNCTION_Init
 .text.FUNCTION_Foreground
                0x08009e30       0x44 CMakeFiles/N7SIX.basic.dir/App/functions.c.obj
                0x08009e30                FUNCTION_Foreground
 .text.FUNCTION_PowerSave
                0x08009e74       0x80 CMakeFiles/N7SIX.basic.dir/App/functions.c.obj
                0x08009e74                FUNCTION_PowerSave
 .text.FUNCTION_Transmit
                0x08009ef4       0xd0 CMakeFiles/N7SIX.basic.dir/App/functions.c.obj
                0x08009ef4                FUNCTION_Transmit
 .text.FUNCTION_Select
                0x08009fc4       0xd0 CMakeFiles/N7SIX.basic.dir/App/functions.c.obj
                0x08009fc4                FUNCTION_Select
 .text.BATTERY_VoltsToPercent
                0x0800a094       0x7c CMakeFiles/N7SIX.basic.dir/App/helper/battery.c.obj
                0x0800a094                BATTERY_VoltsToPercent
 .text.BATTERY_GetReadings
                0x0800a110      0x154 CMakeFiles/N7SIX.basic.dir/App/helper/battery.c.obj
                0x0800a110                BATTERY_GetReadings
 .text.BATTERY_TimeSlice500ms
                0x0800a264       0xb4 CMakeFiles/N7SIX.basic.dir/App/helper/battery.c.obj
                0x0800a264                BATTERY_TimeSlice500ms
 .text.BOOT_GetMode
                0x0800a318       0x5c CMakeFiles/N7SIX.basic.dir/App/helper/boot.c.obj
                0x0800a318                BOOT_GetMode
 .text.BOOT_ProcessMode
                0x0800a374       0x10 CMakeFiles/N7SIX.basic.dir/App/helper/boot.c.obj
                0x0800a374                BOOT_ProcessMode
 .text.FUNCTION_NOP
                0x0800a384        0x2 CMakeFiles/N7SIX.basic.dir/App/misc.c.obj
                0x0800a384                FUNCTION_NOP
 *fill*         0x0800a386        0x2 
 .text.NUMBER_AddWithWraparound
                0x0800a388       0x20 CMakeFiles/N7SIX.basic.dir/App/misc.c.obj
                0x0800a388                NUMBER_AddWithWraparound
 .text.StrToUL  0x0800a3a8       0x2a CMakeFiles/N7SIX.basic.dir/App/misc.c.obj
                0x0800a3a8                StrToUL
 *fill*         0x0800a3d2        0x2 
 .text.RADIO_SelectCurrentVfo
                0x0800a3d4       0x2c CMakeFiles/N7SIX.basic.dir/App/radio.c.obj
 .text.RADIO_CheckValidChannel
                0x0800a400       0x88 CMakeFiles/N7SIX.basic.dir/App/radio.c.obj
                0x0800a400                RADIO_CheckValidChannel
 .text.RADIO_FindNextChannel
                0x0800a488       0x3c CMakeFiles/N7SIX.basic.dir/App/radio.c.obj
                0x0800a488                RADIO_FindNextChannel
 .text.RADIO_ConfigureSquelchAndOutputPower
                0x0800a4c4      0x1d4 CMakeFiles/N7SIX.basic.dir/App/radio.c.obj
                0x0800a4c4                RADIO_ConfigureSquelchAndOutputPower
 .text.RADIO_InitInfo
                0x0800a698       0x6c CMakeFiles/N7SIX.basic.dir/App/radio.c.obj
                0x0800a698                RADIO_InitInfo
 .text.RADIO_ApplyOffset
                0x0800a704       0x1c CMakeFiles/N7SIX.basic.dir/App/radio.c.obj
                0x0800a704                RADIO_ApplyOffset
 .text.RADIO_ConfigureChannel
                0x0800a720      0x390 CMakeFiles/N7SIX.basic.dir/App/radio.c.obj
                0x0800a720                RADIO_ConfigureChannel
 .text.RADIO_SelectVfos
                0x0800aab0       0x44 CMakeFiles/N7SIX.basic.dir/App/radio.c.obj
                0x0800aab0                RADIO_SelectVfos
 .text.RADIO_SetTxParameters
                0x0800aaf4       0xe4 CMakeFiles/N7SIX.basic.dir/App/radio.c.obj
                0x0800aaf4                RADIO_SetTxParameters
 .text.RADIO_SetupAGC
                0x0800abd8       0x38 CMakeFiles/N7SIX.basic.dir/App/radio.c.obj
                0x0800abd8                RADIO_SetupAGC
 .text.RADIO_SetupRegisters
                0x0800ac10      0x1cc CMakeFiles/N7SIX.basic.dir/App/radio.c.obj
                0x0800ac10                RADIO_SetupRegisters
 .text.RADIO_SetModulation
                0x0800addc      0x110 CMakeFiles/N7SIX.basic.dir/App/radio.c.obj
                0x0800addc                RADIO_SetModulation
 .text.RADIO_SetVfoState
                0x0800aeec       0x4c CMakeFiles/N7SIX.basic.dir/App/radio.c.obj
                0x0800aeec                RADIO_SetVfoState
 .text.RADIO_PrepareTX
                0x0800af38      0x140 CMakeFiles/N7SIX.basic.dir/App/radio.c.obj
                0x0800af38                RADIO_PrepareTX
 .text.RADIO_SendCssTail
                0x0800b078       0x28 CMakeFiles/N7SIX.basic.dir/App/radio.c.obj
                0x0800b078                RADIO_SendCssTail
 .text.RADIO_SendEndOfTransmission
                0x0800b0a0       0x24 CMakeFiles/N7SIX.basic.dir/App/radio.c.obj
                0x0800b0a0                RADIO_SendEndOfTransmission
 .text.SysTick_Handler
                0x0800b0c4      0x214 CMakeFiles/N7SIX.basic.dir/App/scheduler.c.obj
                0x0800b0c4                SysTick_Handler
 .text.SETTINGS_InitEEPROM
                0x0800b2d8      0x580 CMakeFiles/N7SIX.basic.dir/App/settings.c.obj
                0x0800b2d8                SETTINGS_InitEEPROM
 .text.SETTINGS_LoadCalibration
                0x0800b858      0x138 CMakeFiles/N7SIX.basic.dir/App/settings.c.obj
                0x0800b858                SETTINGS_LoadCalibration
 .text.SETTINGS_FetchChannelFrequency
                0x0800b990       0x10 CMakeFiles/N7SIX.basic.dir/App/settings.c.obj
                0x0800b990                SETTINGS_FetchChannelFrequency
 .text.SETTINGS_FetchChannelName
                0x0800b9a0       0x52 CMakeFiles/N7SIX.basic.dir/App/settings.c.obj
                0x0800b9a0                SETTINGS_FetchChannelName
 *fill*         0x0800b9f2        0x2 
 .text.SETTINGS_FactoryReset
                0x0800b9f4       0xac CMakeFiles/N7SIX.basic.dir/App/settings.c.obj
                0x0800b9f4                SETTINGS_FactoryReset
 .text.SETTINGS_SaveFM
                0x0800baa0       0x58 CMakeFiles/N7SIX.basic.dir/App/settings.c.obj
                0x0800baa0                SETTINGS_SaveFM
 .text.SETTINGS_SaveVfoIndices
                0x0800baf8       0x3c CMakeFiles/N7SIX.basic.dir/App/settings.c.obj
                0x0800baf8                SETTINGS_SaveVfoIndices
 .text.SETTINGS_SaveSettings
                0x0800bb34      0x310 CMakeFiles/N7SIX.basic.dir/App/settings.c.obj
                0x0800bb34                SETTINGS_SaveSettings
 .text.SETTINGS_SaveBatteryCalibration
                0x0800be44       0x14 CMakeFiles/N7SIX.basic.dir/App/settings.c.obj
                0x0800be44                SETTINGS_SaveBatteryCalibration
 .text.SETTINGS_SaveChannelName
                0x0800be58       0x44 CMakeFiles/N7SIX.basic.dir/App/settings.c.obj
                0x0800be58                SETTINGS_SaveChannelName
 .text.SETTINGS_UpdateChannel
                0x0800be9c       0xc4 CMakeFiles/N7SIX.basic.dir/App/settings.c.obj
                0x0800be9c                SETTINGS_UpdateChannel
 .text.SETTINGS_SaveChannel
                0x0800bf60       0xd0 CMakeFiles/N7SIX.basic.dir/App/settings.c.obj
                0x0800bf60                SETTINGS_SaveChannel
 .text.SETTINGS_WriteBuildOptions
                0x0800c030       0x28 CMakeFiles/N7SIX.basic.dir/App/settings.c.obj
                0x0800c030                SETTINGS_WriteBuildOptions
 .text.SETTINGS_ResetTxLock
                0x0800c058       0x46 CMakeFiles/N7SIX.basic.dir/App/settings.c.obj
                0x0800c058                SETTINGS_ResetTxLock
 *fill*         0x0800c09e        0x2 
 .text.UI_DrawBattery
                0x0800c0a0       0x50 CMakeFiles/N7SIX.basic.dir/App/ui/battery.c.obj
                0x0800c0a0                UI_DrawBattery
 .text.UI_DisplayBattery
                0x0800c0f0       0x1c CMakeFiles/N7SIX.basic.dir/App/ui/battery.c.obj
                0x0800c0f0                UI_DisplayBattery
 .text.UI_GenerateChannelString
                0x0800c10c       0x4c CMakeFiles/N7SIX.basic.dir/App/ui/helper.c.obj
                0x0800c10c                UI_GenerateChannelString
 .text.UI_GenerateChannelStringEx
                0x0800c158       0x60 CMakeFiles/N7SIX.basic.dir/App/ui/helper.c.obj
                0x0800c158                UI_GenerateChannelStringEx
 .text.UI_PrintStringBuffer
                0x0800c1b8       0x3e CMakeFiles/N7SIX.basic.dir/App/ui/helper.c.obj
                0x0800c1b8                UI_PrintStringBuffer
 *fill*         0x0800c1f6        0x2 
 .text.UI_PrintString
                0x0800c1f8       0x88 CMakeFiles/N7SIX.basic.dir/App/ui/helper.c.obj
                0x0800c1f8                UI_PrintString
 .text.UI_PrintStringSmall
                0x0800c280       0x40 CMakeFiles/N7SIX.basic.dir/App/ui/helper.c.obj
                0x0800c280                UI_PrintStringSmall
 .text.UI_PrintStringSmallNormal
                0x0800c2c0       0x14 CMakeFiles/N7SIX.basic.dir/App/ui/helper.c.obj
                0x0800c2c0                UI_PrintStringSmallNormal
 .text.UI_PrintStringSmallBold
                0x0800c2d4       0x14 CMakeFiles/N7SIX.basic.dir/App/ui/helper.c.obj
                0x0800c2d4                UI_PrintStringSmallBold
 .text.UI_PrintStringSmallBufferNormal
                0x0800c2e8       0x10 CMakeFiles/N7SIX.basic.dir/App/ui/helper.c.obj
                0x0800c2e8                UI_PrintStringSmallBufferNormal
 .text.UI_DisplayFrequency
                0x0800c2f8       0x9c CMakeFiles/N7SIX.basic.dir/App/ui/helper.c.obj
                0x0800c2f8                UI_DisplayFrequency
 .text.UI_DrawPixelBuffer
                0x0800c394       0x22 CMakeFiles/N7SIX.basic.dir/App/ui/helper.c.obj
                0x0800c394                UI_DrawPixelBuffer
 *fill*         0x0800c3b6        0x2 
 .text.PutPixel
                0x0800c3b8       0x18 CMakeFiles/N7SIX.basic.dir/App/ui/helper.c.obj
                0x0800c3b8                PutPixel
 .text.PutPixelStatus
                0x0800c3d0       0x18 CMakeFiles/N7SIX.basic.dir/App/ui/helper.c.obj
                0x0800c3d0                PutPixelStatus
 .text.GUI_DisplaySmallest
                0x0800c3e8       0x7c CMakeFiles/N7SIX.basic.dir/App/ui/helper.c.obj
                0x0800c3e8                GUI_DisplaySmallest
 .text.UI_DrawLineBuffer
                0x0800c464       0x94 CMakeFiles/N7SIX.basic.dir/App/ui/helper.c.obj
                0x0800c464                UI_DrawLineBuffer
 .text.UI_DisplayClear
                0x0800c4f8       0x14 CMakeFiles/N7SIX.basic.dir/App/ui/helper.c.obj
                0x0800c4f8                UI_DisplayClear
 .text.UI_DisplayPopup
                0x0800c50c       0x2c CMakeFiles/N7SIX.basic.dir/App/ui/helper.c.obj
                0x0800c50c                UI_DisplayPopup
 .text.INPUTBOX_Append
                0x0800c538       0x30 CMakeFiles/N7SIX.basic.dir/App/ui/inputbox.c.obj
                0x0800c538                INPUTBOX_Append
 .text.INPUTBOX_GetAscii
                0x0800c568       0x28 CMakeFiles/N7SIX.basic.dir/App/ui/inputbox.c.obj
                0x0800c568                INPUTBOX_GetAscii
 .text.isMainOnly
                0x0800c590       0x14 CMakeFiles/N7SIX.basic.dir/App/ui/main.c.obj
 .text.DisplayRSSIBar
                0x0800c5a4      0x250 CMakeFiles/N7SIX.basic.dir/App/ui/main.c.obj
                0x0800c5a4                DisplayRSSIBar
 .text.UI_MAIN_TimeSlice500ms
                0x0800c7f4       0xa4 CMakeFiles/N7SIX.basic.dir/App/ui/main.c.obj
                0x0800c7f4                UI_MAIN_TimeSlice500ms
 .text.UI_DisplayMain
                0x0800c898      0xc80 CMakeFiles/N7SIX.basic.dir/App/ui/main.c.obj
                0x0800c898                UI_DisplayMain
 .text.UI_MENU_GetCurrentMenuId
                0x0800d518       0x1c CMakeFiles/N7SIX.basic.dir/App/ui/menu.c.obj
                0x0800d518                UI_MENU_GetCurrentMenuId
 .text.UI_MENU_GetMenuIdx
                0x0800d534       0x20 CMakeFiles/N7SIX.basic.dir/App/ui/menu.c.obj
                0x0800d534                UI_MENU_GetMenuIdx
 .text.UI_DisplayMenu
                0x0800d554      0xacc CMakeFiles/N7SIX.basic.dir/App/ui/menu.c.obj
                0x0800d554                UI_DisplayMenu
 .text.UI_DisplayScanner
                0x0800e020      0x194 CMakeFiles/N7SIX.basic.dir/App/ui/scanner.c.obj
                0x0800e020                UI_DisplayScanner
 .text.convertTime.constprop.0
                0x0800e1b4       0x64 CMakeFiles/N7SIX.basic.dir/App/ui/status.c.obj
 .text.UI_DisplayStatus
                0x0800e218      0x28c CMakeFiles/N7SIX.basic.dir/App/ui/status.c.obj
                0x0800e218                UI_DisplayStatus
 .text.GUI_DisplayScreen
                0x0800e4a4       0x1c CMakeFiles/N7SIX.basic.dir/App/ui/ui.c.obj
                0x0800e4a4                GUI_DisplayScreen
 .text.GUI_SelectNextDisplay
                0x0800e4c0       0x7c CMakeFiles/N7SIX.basic.dir/App/ui/ui.c.obj
                0x0800e4c0                GUI_SelectNextDisplay
 .text.UI_DisplayReleaseKeys
                0x0800e53c       0x48 CMakeFiles/N7SIX.basic.dir/App/ui/welcome.c.obj
                0x0800e53c                UI_DisplayReleaseKeys
 .text.UI_DisplayWelcome
                0x0800e584      0x18c CMakeFiles/N7SIX.basic.dir/App/ui/welcome.c.obj
                0x0800e584                UI_DisplayWelcome
 .text.Main     0x0800e710      0x298 CMakeFiles/N7SIX.basic.dir/App/main.c.obj
                0x0800e710                Main
 .text._out_buffer
                0x0800e9a8        0x8 CMakeFiles/N7SIX.basic.dir/App/external/printf/printf.c.obj
 .text._out_null
                0x0800e9b0        0x2 CMakeFiles/N7SIX.basic.dir/App/external/printf/printf.c.obj
 .text._ntoa_long
                0x0800e9b2      0x1c2 CMakeFiles/N7SIX.basic.dir/App/external/printf/printf.c.obj
 .text._vsnprintf
                0x0800eb74      0x42c CMakeFiles/N7SIX.basic.dir/App/external/printf/printf.c.obj
 .text.sprintf_
                0x0800efa0       0x28 CMakeFiles/N7SIX.basic.dir/App/external/printf/printf.c.obj
                0x0800efa0                sprintf_
 .text.CRC_Init
                0x0800efc8        0x2 CMakeFiles/N7SIX.basic.dir/App/driver/crc.c.obj
                0x0800efc8                CRC_Init
 *fill*         0x0800efca        0x2 
 .text.CRC_Calculate
                0x0800efcc       0x3c CMakeFiles/N7SIX.basic.dir/App/driver/crc.c.obj
                0x0800efcc                CRC_Calculate
 .text.AddrTranslate
                0x0800f008       0x70 CMakeFiles/N7SIX.basic.dir/App/driver/eeprom_compat.c.obj
 .text.EEPROM_ReadBuffer
                0x0800f078       0x52 CMakeFiles/N7SIX.basic.dir/App/driver/eeprom_compat.c.obj
                0x0800f078                EEPROM_ReadBuffer
 .text.EEPROM_WriteBuffer
                0x0800f0ca       0x4a CMakeFiles/N7SIX.basic.dir/App/driver/eeprom_compat.c.obj
                0x0800f0ca                EEPROM_WriteBuffer
 .text.UART_Init
                0x0800f114      0x130 CMakeFiles/N7SIX.basic.dir/App/driver/uart.c.obj
                0x0800f114                UART_Init
 .text.UART_Send
                0x0800f244       0x20 CMakeFiles/N7SIX.basic.dir/App/driver/uart.c.obj
                0x0800f244                UART_Send
 .text.SendReply
                0x0800f264       0xd0 CMakeFiles/N7SIX.basic.dir/App/app/uart.c.obj
 .text.UART_IsCommandAvailable
                0x0800f334      0x184 CMakeFiles/N7SIX.basic.dir/App/app/uart.c.obj
                0x0800f334                UART_IsCommandAvailable
 .text.UART_HandleCommand
                0x0800f4b8      0x1ec CMakeFiles/N7SIX.basic.dir/App/app/uart.c.obj
                0x0800f4b8                UART_HandleCommand
 .text.VCP_Init
                0x0800f6a4       0x74 CMakeFiles/N7SIX.basic.dir/App/driver/vcp.c.obj
                0x0800f6a4                VCP_Init
 .text.usbd_cdc_acm_bulk_out
                0x0800f718       0x68 CMakeFiles/N7SIX.basic.dir/App/usb/usbd_cdc_if.c.obj
                0x0800f718                usbd_cdc_acm_bulk_out
 .text.usbd_cdc_acm_bulk_in
                0x0800f780       0x28 CMakeFiles/N7SIX.basic.dir/App/usb/usbd_cdc_if.c.obj
                0x0800f780                usbd_cdc_acm_bulk_in
 .text.usbd_configure_done_callback
                0x0800f7a8       0x14 CMakeFiles/N7SIX.basic.dir/App/usb/usbd_cdc_if.c.obj
                0x0800f7a8                usbd_configure_done_callback
 .text.cdc_acm_init
                0x0800f7bc       0x60 CMakeFiles/N7SIX.basic.dir/App/usb/usbd_cdc_if.c.obj
                0x0800f7bc                cdc_acm_init
 .text.usbd_cdc_acm_set_dtr
                0x0800f81c       0x14 CMakeFiles/N7SIX.basic.dir/App/usb/usbd_cdc_if.c.obj
                0x0800f81c                usbd_cdc_acm_set_dtr
 .text.cdc_acm_data_send_with_dtr_async
                0x0800f830       0x12 CMakeFiles/N7SIX.basic.dir/App/usb/usbd_cdc_if.c.obj
                0x0800f830                cdc_acm_data_send_with_dtr_async
 .text.BK1080_ReadRegister
                0x0800f842       0x30 CMakeFiles/N7SIX.basic.dir/App/driver/bk1080.c.obj
                0x0800f842                BK1080_ReadRegister
 .text.BK1080_WriteRegister
                0x0800f872       0x30 CMakeFiles/N7SIX.basic.dir/App/driver/bk1080.c.obj
                0x0800f872                BK1080_WriteRegister
 *fill*         0x0800f8a2        0x2 
 .text.BK1080_Init0
                0x0800f8a4       0x10 CMakeFiles/N7SIX.basic.dir/App/driver/bk1080.c.obj
                0x0800f8a4                BK1080_Init0
 .text.BK1080_Mute
                0x0800f8b4       0x1c CMakeFiles/N7SIX.basic.dir/App/driver/bk1080.c.obj
                0x0800f8b4                BK1080_Mute
 .text.BK1080_SetFrequency
                0x0800f8d0       0x50 CMakeFiles/N7SIX.basic.dir/App/driver/bk1080.c.obj
                0x0800f8d0                BK1080_SetFrequency
 .text.BK1080_Init
                0x0800f920       0x98 CMakeFiles/N7SIX.basic.dir/App/driver/bk1080.c.obj
                0x0800f920                BK1080_Init
 .text.BK1080_GetFrequencyDeviation
                0x0800f9b8       0x1c CMakeFiles/N7SIX.basic.dir/App/driver/bk1080.c.obj
                0x0800f9b8                BK1080_GetFrequencyDeviation
 .text.BK1080_GetFreqLoLimit
                0x0800f9d4       0x10 CMakeFiles/N7SIX.basic.dir/App/driver/bk1080.c.obj
                0x0800f9d4                BK1080_GetFreqLoLimit
 .text.BK1080_GetFreqHiLimit
                0x0800f9e4       0x10 CMakeFiles/N7SIX.basic.dir/App/driver/bk1080.c.obj
                0x0800f9e4                BK1080_GetFreqHiLimit
 .text.FM_CheckValidChannel
                0x0800f9f4       0x3c CMakeFiles/N7SIX.basic.dir/App/app/fm.c.obj
                0x0800f9f4                FM_CheckValidChannel
 .text.FM_FindNextChannel
                0x0800fa30       0x34 CMakeFiles/N7SIX.basic.dir/App/app/fm.c.obj
                0x0800fa30                FM_FindNextChannel
 .text.FM_ConfigureChannelState
                0x0800fa64       0x3c CMakeFiles/N7SIX.basic.dir/App/app/fm.c.obj
                0x0800fa64                FM_ConfigureChannelState
 .text.Key_FUNC
                0x0800faa0       0xa8 CMakeFiles/N7SIX.basic.dir/App/app/fm.c.obj
 .text.FM_TurnOff
                0x0800fb48       0x4c CMakeFiles/N7SIX.basic.dir/App/app/fm.c.obj
                0x0800fb48                FM_TurnOff
 .text.FM_EraseChannels
                0x0800fb94       0x1c CMakeFiles/N7SIX.basic.dir/App/app/fm.c.obj
                0x0800fb94                FM_EraseChannels
 .text.FM_Tune  0x0800fbb0       0xb4 CMakeFiles/N7SIX.basic.dir/App/app/fm.c.obj
                0x0800fbb0                FM_Tune
 .text.Key_UP_DOWN
                0x0800fc64      0x104 CMakeFiles/N7SIX.basic.dir/App/app/fm.c.obj
 .text.FM_PlayAndUpdate
                0x0800fd68       0x68 CMakeFiles/N7SIX.basic.dir/App/app/fm.c.obj
                0x0800fd68                FM_PlayAndUpdate
 .text.FM_CheckFrequencyLock
                0x0800fdd0       0x94 CMakeFiles/N7SIX.basic.dir/App/app/fm.c.obj
                0x0800fdd0                FM_CheckFrequencyLock
 .text.FM_ProcessKeys
                0x0800fe64      0x2ac CMakeFiles/N7SIX.basic.dir/App/app/fm.c.obj
                0x0800fe64                FM_ProcessKeys
 .text.FM_Play  0x08010110       0xb4 CMakeFiles/N7SIX.basic.dir/App/app/fm.c.obj
                0x08010110                FM_Play
 .text.FM_Start
                0x080101c4       0x60 CMakeFiles/N7SIX.basic.dir/App/app/fm.c.obj
                0x080101c4                FM_Start
 .text.UI_DisplayFM
                0x08010224      0x1d0 CMakeFiles/N7SIX.basic.dir/App/ui/fmradio.c.obj
                0x08010224                UI_DisplayFM
 .text.ACTION_FlashLight
                0x080103f4       0x24 CMakeFiles/N7SIX.basic.dir/App/app/flashlight.c.obj
                0x080103f4                ACTION_FlashLight
 .text.Rssi2DBm
                0x08010418       0x1c CMakeFiles/N7SIX.basic.dir/App/app/spectrum.c.obj
 .text.ResetScanStats
                0x08010434       0x14 CMakeFiles/N7SIX.basic.dir/App/app/spectrum.c.obj
 .text.AutoTriggerLevel
                0x08010448       0x88 CMakeFiles/N7SIX.basic.dir/App/app/spectrum.c.obj
 .text.UpdatePeakInfo
                0x080104d0       0x40 CMakeFiles/N7SIX.basic.dir/App/app/spectrum.c.obj
 .text.ToggleListeningBW
                0x08010510       0x20 CMakeFiles/N7SIX.basic.dir/App/app/spectrum.c.obj
 .text.ResetFreqInput
                0x08010530       0x1c CMakeFiles/N7SIX.basic.dir/App/app/spectrum.c.obj
 .text.UpdateWaterfall
                0x0801054c       0xac CMakeFiles/N7SIX.basic.dir/App/app/spectrum.c.obj
 .text.GetRegMenuValue
                0x080105f8       0x20 CMakeFiles/N7SIX.basic.dir/App/app/spectrum.c.obj
 .text.SetF     0x08010618       0x30 CMakeFiles/N7SIX.basic.dir/App/app/spectrum.c.obj
 .text.TuneToPeak
                0x08010648       0x20 CMakeFiles/N7SIX.basic.dir/App/app/spectrum.c.obj
 .text.ToggleBacklight
                0x08010668       0x20 CMakeFiles/N7SIX.basic.dir/App/app/spectrum.c.obj
 .text.ResetBlacklist
                0x08010688       0x3c CMakeFiles/N7SIX.basic.dir/App/app/spectrum.c.obj
 .text.DrawF    0x080106c4       0x90 CMakeFiles/N7SIX.basic.dir/App/app/spectrum.c.obj
 .text.UpdateFreqInput.part.0
                0x08010754       0xf0 CMakeFiles/N7SIX.basic.dir/App/app/spectrum.c.obj
 .text.SetBandLed.part.0.constprop.0
                0x08010844       0x3c CMakeFiles/N7SIX.basic.dir/App/app/spectrum.c.obj
 .text.ToggleRX.part.0
                0x08010880       0xac CMakeFiles/N7SIX.basic.dir/App/app/spectrum.c.obj
 .text.ClampRssiTriggerLevel
                0x0801092c       0x40 CMakeFiles/N7SIX.basic.dir/App/app/spectrum.c.obj
 .text.UpdateRssiTriggerLevel
                0x0801096c       0x30 CMakeFiles/N7SIX.basic.dir/App/app/spectrum.c.obj
 .text.UpdateDBMax
                0x0801099c       0x40 CMakeFiles/N7SIX.basic.dir/App/app/spectrum.c.obj
 .text.LockAGC  0x080109dc       0x24 CMakeFiles/N7SIX.basic.dir/App/app/spectrum.c.obj
                0x080109dc                LockAGC
 .text.SetRegMenuValue
                0x08010a00       0x78 CMakeFiles/N7SIX.basic.dir/App/app/spectrum.c.obj
 .text.SetState
                0x08010a78       0x3c CMakeFiles/N7SIX.basic.dir/App/app/spectrum.c.obj
                0x08010a78                SetState
 .text.FreqInput
                0x08010ab4       0x28 CMakeFiles/N7SIX.basic.dir/App/app/spectrum.c.obj
 .text.IsPeakOverLevel
                0x08010adc       0x1c CMakeFiles/N7SIX.basic.dir/App/app/spectrum.c.obj
                0x08010adc                IsPeakOverLevel
 .text.SetRssiHistory
                0x08010af8       0xb0 CMakeFiles/N7SIX.basic.dir/App/app/spectrum.c.obj
 .text.GetScanStep
                0x08010ba8       0x14 CMakeFiles/N7SIX.basic.dir/App/app/spectrum.c.obj
                0x08010ba8                GetScanStep
 .text.GetStepsCount
                0x08010bbc       0x38 CMakeFiles/N7SIX.basic.dir/App/app/spectrum.c.obj
                0x08010bbc                GetStepsCount
 .text.GetBW    0x08010bf4       0x10 CMakeFiles/N7SIX.basic.dir/App/app/spectrum.c.obj
                0x08010bf4                GetBW
 .text.GetFStart
                0x08010c04       0x24 CMakeFiles/N7SIX.basic.dir/App/app/spectrum.c.obj
                0x08010c04                GetFStart
 .text.InitScan
                0x08010c28       0x24 CMakeFiles/N7SIX.basic.dir/App/app/spectrum.c.obj
 .text.GetFEnd  0x08010c4c       0x28 CMakeFiles/N7SIX.basic.dir/App/app/spectrum.c.obj
                0x08010c4c                GetFEnd
 .text.GetBWRegValueForScan
                0x08010c74       0x14 CMakeFiles/N7SIX.basic.dir/App/app/spectrum.c.obj
                0x08010c74                GetBWRegValueForScan
 .text.ToggleRX.constprop.0
                0x08010c88       0x6c CMakeFiles/N7SIX.basic.dir/App/app/spectrum.c.obj
 .text.RelaunchScan
                0x08010cf4       0x2c CMakeFiles/N7SIX.basic.dir/App/app/spectrum.c.obj
 .text.ToggleModulation
                0x08010d20       0x2c CMakeFiles/N7SIX.basic.dir/App/app/spectrum.c.obj
 .text.GetRssi  0x08010d4c       0x1e CMakeFiles/N7SIX.basic.dir/App/app/spectrum.c.obj
                0x08010d4c                GetRssi
 *fill*         0x08010d6a        0x2 
 .text.Measure  0x08010d6c       0x18 CMakeFiles/N7SIX.basic.dir/App/app/spectrum.c.obj
 .text.Rssi2PX  0x08010d84       0x48 CMakeFiles/N7SIX.basic.dir/App/app/spectrum.c.obj
                0x08010d84                Rssi2PX
 .text.Rssi2Y   0x08010dcc       0x12 CMakeFiles/N7SIX.basic.dir/App/app/spectrum.c.obj
                0x08010dcc                Rssi2Y
 *fill*         0x08010dde        0x2 
 .text.OnKeyDownStill
                0x08010de0      0x100 CMakeFiles/N7SIX.basic.dir/App/app/spectrum.c.obj
                0x08010de0                OnKeyDownStill
 .text.APP_RunSpectrum
                0x08010ee0     0x103c CMakeFiles/N7SIX.basic.dir/App/app/spectrum.c.obj
                0x08010ee0                APP_RunSpectrum
 .text.usbd_class_event_notify_handler
                0x08011f1c       0x24 CMakeFiles/N7SIX.basic.dir/Middlewares/CherryUSB/core/usbd_core.c.obj
 .text.usbd_set_endpoint
                0x08011f40       0x2c CMakeFiles/N7SIX.basic.dir/Middlewares/CherryUSB/core/usbd_core.c.obj
 .text.usbd_setup_request_handler.constprop.0
                0x08011f6c      0x380 CMakeFiles/N7SIX.basic.dir/Middlewares/CherryUSB/core/usbd_core.c.obj
 .text.usbd_event_resume_handler
                0x080122ec        0xc CMakeFiles/N7SIX.basic.dir/Middlewares/CherryUSB/core/usbd_core.c.obj
                0x080122ec                usbd_event_resume_handler
 .text.usbd_event_suspend_handler
                0x080122f8        0xc CMakeFiles/N7SIX.basic.dir/Middlewares/CherryUSB/core/usbd_core.c.obj
                0x080122f8                usbd_event_suspend_handler
 .text.usbd_event_reset_handler
                0x08012304       0x38 CMakeFiles/N7SIX.basic.dir/Middlewares/CherryUSB/core/usbd_core.c.obj
                0x08012304                usbd_event_reset_handler
 .text.usbd_event_ep0_setup_complete_handler
                0x0801233c       0x94 CMakeFiles/N7SIX.basic.dir/Middlewares/CherryUSB/core/usbd_core.c.obj
                0x0801233c                usbd_event_ep0_setup_complete_handler
 .text.usbd_event_ep_in_complete_handler
                0x080123d0       0x58 CMakeFiles/N7SIX.basic.dir/Middlewares/CherryUSB/core/usbd_core.c.obj
                0x080123d0                usbd_event_ep_in_complete_handler
 .text.usbd_event_ep_out_complete_handler
                0x08012428       0x64 CMakeFiles/N7SIX.basic.dir/Middlewares/CherryUSB/core/usbd_core.c.obj
                0x08012428                usbd_event_ep_out_complete_handler
 .text.usbd_desc_register
                0x0801248c       0x14 CMakeFiles/N7SIX.basic.dir/Middlewares/CherryUSB/core/usbd_core.c.obj
                0x0801248c                usbd_desc_register
 .text.usbd_add_interface
                0x080124a0       0x2c CMakeFiles/N7SIX.basic.dir/Middlewares/CherryUSB/core/usbd_core.c.obj
                0x080124a0                usbd_add_interface
 .text.usbd_add_endpoint
                0x080124cc       0x2c CMakeFiles/N7SIX.basic.dir/Middlewares/CherryUSB/core/usbd_core.c.obj
                0x080124cc                usbd_add_endpoint
 .text.usbd_initialize
                0x080124f8        0x8 CMakeFiles/N7SIX.basic.dir/Middlewares/CherryUSB/core/usbd_core.c.obj
                0x080124f8                usbd_initialize
 .text.pyusb_write_packet
                0x08012500       0x20 CMakeFiles/N7SIX.basic.dir/Middlewares/CherryUSB/port/usb_dc_py32.c.obj
 .text.usbd_ep0_set_zlp_flag
                0x08012520        0xc CMakeFiles/N7SIX.basic.dir/Middlewares/CherryUSB/port/usb_dc_py32.c.obj
                0x08012520                usbd_ep0_set_zlp_flag
 .text.usb_dc_low_level_init
                0x0801252c        0x2 CMakeFiles/N7SIX.basic.dir/Middlewares/CherryUSB/port/usb_dc_py32.c.obj
                0x0801252c                usb_dc_low_level_init
 *fill*         0x0801252e        0x2 
 .text.usb_dc_init
                0x08012530       0x20 CMakeFiles/N7SIX.basic.dir/Middlewares/CherryUSB/port/usb_dc_py32.c.obj
                0x08012530                usb_dc_init
 .text.usbd_set_address
                0x08012550       0x18 CMakeFiles/N7SIX.basic.dir/Middlewares/CherryUSB/port/usb_dc_py32.c.obj
                0x08012550                usbd_set_address
 .text.usbd_ep_open
                0x08012568      0x124 CMakeFiles/N7SIX.basic.dir/Middlewares/CherryUSB/port/usb_dc_py32.c.obj
                0x08012568                usbd_ep_open
 .text.usbd_ep_close
                0x0801268c        0x4 CMakeFiles/N7SIX.basic.dir/Middlewares/CherryUSB/port/usb_dc_py32.c.obj
                0x0801268c                usbd_ep_close
 .text.usbd_ep_set_stall
                0x08012690       0x4c CMakeFiles/N7SIX.basic.dir/Middlewares/CherryUSB/port/usb_dc_py32.c.obj
                0x08012690                usbd_ep_set_stall
 .text.usbd_ep_clear_stall
                0x080126dc       0x50 CMakeFiles/N7SIX.basic.dir/Middlewares/CherryUSB/port/usb_dc_py32.c.obj
                0x080126dc                usbd_ep_clear_stall
 .text.usbd_ep_is_stalled
                0x0801272c       0x34 CMakeFiles/N7SIX.basic.dir/Middlewares/CherryUSB/port/usb_dc_py32.c.obj
                0x0801272c                usbd_ep_is_stalled
 .text.usbd_ep_start_write
                0x08012760      0x10c CMakeFiles/N7SIX.basic.dir/Middlewares/CherryUSB/port/usb_dc_py32.c.obj
                0x08012760                usbd_ep_start_write
 .text.usbd_ep_start_read
                0x0801286c       0x94 CMakeFiles/N7SIX.basic.dir/Middlewares/CherryUSB/port/usb_dc_py32.c.obj
                0x0801286c                usbd_ep_start_read
 .text.USB_IRQHandler
                0x08012900      0x2a8 CMakeFiles/N7SIX.basic.dir/Middlewares/CherryUSB/port/usb_dc_py32.c.obj
                0x08012900                USB_IRQHandler
 .text.cdc_notify_handler
                0x08012ba8        0x2 CMakeFiles/N7SIX.basic.dir/Middlewares/CherryUSB/class/cdc/usbd_cdc.c.obj
 *fill*         0x08012baa        0x2 
 .text.usbd_cdc_acm_init_intf
                0x08012bac       0x18 CMakeFiles/N7SIX.basic.dir/Middlewares/CherryUSB/class/cdc/usbd_cdc.c.obj
                0x08012bac                usbd_cdc_acm_init_intf
 .text.usbd_cdc_acm_set_line_coding
                0x08012bc4        0x2 CMakeFiles/N7SIX.basic.dir/Middlewares/CherryUSB/class/cdc/usbd_cdc.c.obj
                0x08012bc4                usbd_cdc_acm_set_line_coding
 .text.usbd_cdc_acm_get_line_coding
                0x08012bc6       0x1c CMakeFiles/N7SIX.basic.dir/Middlewares/CherryUSB/class/cdc/usbd_cdc.c.obj
                0x08012bc6                usbd_cdc_acm_get_line_coding
 .text.usbd_cdc_acm_set_rts
                0x08012be2        0x2 CMakeFiles/N7SIX.basic.dir/Middlewares/CherryUSB/class/cdc/usbd_cdc.c.obj
                0x08012be2                usbd_cdc_acm_set_rts
 .text.cdc_acm_class_interface_request_handler
                0x08012be4       0x70 CMakeFiles/N7SIX.basic.dir/Middlewares/CherryUSB/class/cdc/usbd_cdc.c.obj
 .text.__fixunssfsi
                0x08012c54       0x30 /opt/toolchain/bin/../lib/gcc/arm-none-eabi/13.3.1/thumb/v6-m/nofp/libgcc.a(_fixunssfsi.o)
                0x08012c54                __aeabi_f2uiz
                0x08012c54                __fixunssfsi
 .text.__aeabi_fmul
                0x08012c84      0x280 /opt/toolchain/bin/../lib/gcc/arm-none-eabi/13.3.1/thumb/v6-m/nofp/libgcc.a(mulsf3.o)
                0x08012c84                __aeabi_fmul
 .text.__aeabi_fsub
                0x08012f04      0x38c /opt/toolchain/bin/../lib/gcc/arm-none-eabi/13.3.1/thumb/v6-m/nofp/libgcc.a(subsf3.o)
                0x08012f04                __aeabi_fsub
 .text.__aeabi_f2iz
                0x08013290       0x40 /opt/toolchain/bin/../lib/gcc/arm-none-eabi/13.3.1/thumb/v6-m/nofp/libgcc.a(fixsfsi.o)
                0x08013290                __aeabi_f2iz
 .text.__aeabi_i2f
                0x080132d0       0x94 /opt/toolchain/bin/../lib/gcc/arm-none-eabi/13.3.1/thumb/v6-m/nofp/libgcc.a(floatsisf.o)
                0x080132d0                __aeabi_i2f
 .text.__aeabi_ui2f
                0x08013364       0x80 /opt/toolchain/bin/../lib/gcc/arm-none-eabi/13.3.1/thumb/v6-m/nofp/libgcc.a(floatunsisf.o)
                0x08013364                __aeabi_ui2f
 .text.__eqsf2  0x080133e4       0x50 /opt/toolchain/bin/../lib/gcc/arm-none-eabi/13.3.1/thumb/v6-m/nofp/libgcc.a(eqsf2.o)
                0x080133e4                __nesf2
                0x080133e4                __eqsf2
 .text.__gesf2  0x08013434       0x94 /opt/toolchain/bin/../lib/gcc/arm-none-eabi/13.3.1/thumb/v6-m/nofp/libgcc.a(gesf2.o)
                0x08013434                __gtsf2
                0x08013434                __gesf2
 .text.__lesf2  0x080134c8       0x90 /opt/toolchain/bin/../lib/gcc/arm-none-eabi/13.3.1/thumb/v6-m/nofp/libgcc.a(lesf2.o)
                0x080134c8                __lesf2
                0x080134c8                __ltsf2
 .text.__libc_init_array
                0x08013558       0x48 /opt/toolchain/bin/../lib/gcc/arm-none-eabi/13.3.1/../../../../arm-none-eabi/lib/thumb/v6-m/nofp/libg_nano.a(libc_a-init.o)
                0x08013558                __libc_init_array
 .text.memmove  0x080135a0       0x24 /opt/toolchain/bin/../lib/gcc/arm-none-eabi/13.3.1/../../../../arm-none-eabi/lib/thumb/v6-m/nofp/libg_nano.a(libc_a-memmove.o)
                0x080135a0                memmove
 .text.memset   0x080135c4       0x10 /opt/toolchain/bin/../lib/gcc/arm-none-eabi/13.3.1/../../../../arm-none-eabi/lib/thumb/v6-m/nofp/libg_nano.a(libc_a-memset.o)
                0x080135c4                memset
 .text.strcpy   0x080135d4       0x10 /opt/toolchain/bin/../lib/gcc/arm-none-eabi/13.3.1/../../../../arm-none-eabi/lib/thumb/v6-m/nofp/libg_nano.a(libc_a-strcpy.o)
                0x080135d4                strcpy
 .text.memcpy   0x080135e4       0x12 /opt/toolchain/bin/../lib/gcc/arm-none-eabi/13.3.1/../../../../arm-none-eabi/lib/thumb/v6-m/nofp/libg_nano.a(libc_a-memcpy-stub.o)
                0x080135e4                memcpy
 .text.memcmp   0x080135f6       0x1c /opt/toolchain/bin/../lib/gcc/arm-none-eabi/13.3.1/../../../../arm-none-eabi/lib/thumb/v6-m/nofp/libg_nano.a(libc_a-memcmp.o)
                0x080135f6                memcmp
 *(.glue_7)
 .glue_7        0x08013612        0x0 linker stubs
 *(.glue_7t)
 .glue_7t       0x08013612        0x0 linker stubs
 *(.eh_frame)
 *fill*         0x08013612        0x2 
 .eh_frame      0x08013614        0x0 /opt/toolchain/bin/../lib/gcc/arm-none-eabi/13.3.1/thumb/v6-m/nofp/crtbegin.o
 *(.init)
 .init          0x08013614        0x4 /opt/toolchain/bin/../lib/gcc/arm-none-eabi/13.3.1/thumb/v6-m/nofp/crti.o
                0x08013614                _init
 .init          0x08013618        0x8 /opt/toolchain/bin/../lib/gcc/arm-none-eabi/13.3.1/thumb/v6-m/nofp/crtn.o
 *(.fini)
 .fini          0x08013620        0x4 /opt/toolchain/bin/../lib/gcc/arm-none-eabi/13.3.1/thumb/v6-m/nofp/crti.o
                0x08013620                _fini
 .fini          0x08013624        0x8 /opt/toolchain/bin/../lib/gcc/arm-none-eabi/13.3.1/thumb/v6-m/nofp/crtn.o
                0x0801362c                        . = ALIGN (0x4)
                0x0801362c                        _etext = .

.vfp11_veneer   0x0801362c        0x0
 .vfp11_veneer  0x0801362c        0x0 linker stubs

.v4_bx          0x0801362c        0x0
 .v4_bx         0x0801362c        0x0 linker stubs

.iplt           0x0801362c        0x0
 .iplt          0x0801362c        0x0 /opt/toolchain/bin/../lib/gcc/arm-none-eabi/13.3.1/thumb/v6-m/nofp/crtbegin.o

.rodata         0x0801362c     0x1de4
                0x0801362c                        . = ALIGN (0x4)
 *(.rodata)
 .rodata        0x0801362c       0x64 CMakeFiles/N7SIX.basic.dir/App/driver/bk4829.c.obj
 .rodata        0x08013690       0x14 CMakeFiles/N7SIX.basic.dir/App/app/menu.c.obj
 .rodata        0x080136a4       0x60 CMakeFiles/N7SIX.basic.dir/App/ui/main.c.obj
 .rodata        0x08013704        0xc CMakeFiles/N7SIX.basic.dir/App/driver/vcp.c.obj
 *(.rodata*)
 .rodata.HSIFreqTable
                0x08013710       0x20 CMakeFiles/N7SIX.basic.dir/Core/Src/system_py32f071.c.obj
                0x08013710                HSIFreqTable
 .rodata.APBPrescTable
                0x08013730       0x20 CMakeFiles/N7SIX.basic.dir/Core/Src/system_py32f071.c.obj
                0x08013730                APBPrescTable
 .rodata.AHBPrescTable
                0x08013750       0x40 CMakeFiles/N7SIX.basic.dir/Core/Src/system_py32f071.c.obj
                0x08013750                AHBPrescTable
 .rodata.CHANNEL_OFFSET_TAB
                0x08013790        0x7 CMakeFiles/N7SIX.basic.dir/Drivers/PY32F071_HAL_Driver/Src/py32f071_ll_dma.c.obj
 .rodata.value  0x08013797        0xb CMakeFiles/N7SIX.basic.dir/App/driver/backlight.c.obj
                0x08013797                value
 .rodata.BK4819_Init.str1.1
                0x080137a2      0x59c CMakeFiles/N7SIX.basic.dir/App/driver/bk4829.c.obj
                                 0x11 (size before relaxing)
 .rodata.CSWTCH.58
                0x08013d3e        0x8 CMakeFiles/N7SIX.basic.dir/App/driver/bk4829.c.obj
 .rodata.FSK_RogerTable
                0x08013d46        0xe CMakeFiles/N7SIX.basic.dir/App/driver/bk4829.c.obj
 .rodata.keyboard
                0x08013d54       0x14 CMakeFiles/N7SIX.basic.dir/App/driver/keyboard.c.obj
 .rodata.HandleFunction_fn_table
                0x08013d68       0x1c CMakeFiles/N7SIX.basic.dir/App/app/app.c.obj
 .rodata.CSWTCH.19
                0x08013d84        0x6 CMakeFiles/N7SIX.basic.dir/App/app/dtmf.c.obj
 .rodata.MENU_Key_UP_DOWN.str1.1
                0x08013d8a        0xf CMakeFiles/N7SIX.basic.dir/App/app/menu.c.obj
 .rodata.CSWTCH.16
                0x08013d8a       0x10 CMakeFiles/N7SIX.basic.dir/App/audio.c.obj
 .rodata.BITMAP_PowerUser
                0x08013d9a        0x3 CMakeFiles/N7SIX.basic.dir/App/bitmaps.c.obj
                0x08013d9a                BITMAP_PowerUser
 .rodata.BITMAP_compand
                0x08013d9d        0x6 CMakeFiles/N7SIX.basic.dir/App/bitmaps.c.obj
                0x08013d9d                BITMAP_compand
 .rodata.BITMAP_ScanListAll
                0x08013da3       0x13 CMakeFiles/N7SIX.basic.dir/App/bitmaps.c.obj
                0x08013da3                BITMAP_ScanListAll
 .rodata.BITMAP_ScanList123
                0x08013db6       0x13 CMakeFiles/N7SIX.basic.dir/App/bitmaps.c.obj
                0x08013db6                BITMAP_ScanList123
 .rodata.BITMAP_ScanListE
                0x08013dc9        0x7 CMakeFiles/N7SIX.basic.dir/App/bitmaps.c.obj
                0x08013dc9                BITMAP_ScanListE
 .rodata.BITMAP_ScanList3
                0x08013dd0        0x7 CMakeFiles/N7SIX.basic.dir/App/bitmaps.c.obj
                0x08013dd0                BITMAP_ScanList3
 .rodata.BITMAP_ScanList2
                0x08013dd7        0x7 CMakeFiles/N7SIX.basic.dir/App/bitmaps.c.obj
                0x08013dd7                BITMAP_ScanList2
 .rodata.BITMAP_ScanList1
                0x08013dde        0x7 CMakeFiles/N7SIX.basic.dir/App/bitmaps.c.obj
                0x08013dde                BITMAP_ScanList1
 .rodata.BITMAP_ScanList0
                0x08013de5        0x7 CMakeFiles/N7SIX.basic.dir/App/bitmaps.c.obj
                0x08013de5                BITMAP_ScanList0
 .rodata.BITMAP_VFO_NotDefault
                0x08013dec        0x7 CMakeFiles/N7SIX.basic.dir/App/bitmaps.c.obj
                0x08013dec                BITMAP_VFO_NotDefault
 .rodata.BITMAP_VFO_Default
                0x08013df3        0x7 CMakeFiles/N7SIX.basic.dir/App/bitmaps.c.obj
                0x08013df3                BITMAP_VFO_Default
 .rodata.BITMAP_VFO_Lock
                0x08013dfa        0x7 CMakeFiles/N7SIX.basic.dir/App/bitmaps.c.obj
                0x08013dfa                BITMAP_VFO_Lock
 .rodata.BITMAP_Antenna
                0x08013e01        0x5 CMakeFiles/N7SIX.basic.dir/App/bitmaps.c.obj
                0x08013e01                BITMAP_Antenna
 .rodata.BITMAP_BatteryLevel1
                0x08013e06       0x11 CMakeFiles/N7SIX.basic.dir/App/bitmaps.c.obj
                0x08013e06                BITMAP_BatteryLevel1
 .rodata.BITMAP_BatteryLevel
                0x08013e17        0x2 CMakeFiles/N7SIX.basic.dir/App/bitmaps.c.obj
                0x08013e17                BITMAP_BatteryLevel
 .rodata.gFontHold
                0x08013e19        0xa CMakeFiles/N7SIX.basic.dir/App/bitmaps.c.obj
                0x08013e19                gFontHold
 .rodata.gFontDWR
                0x08013e23       0x12 CMakeFiles/N7SIX.basic.dir/App/bitmaps.c.obj
                0x08013e23                gFontDWR
 .rodata.gFontMO
                0x08013e35        0xc CMakeFiles/N7SIX.basic.dir/App/bitmaps.c.obj
                0x08013e35                gFontMO
 .rodata.gFontXB
                0x08013e41        0xc CMakeFiles/N7SIX.basic.dir/App/bitmaps.c.obj
                0x08013e41                gFontXB
 .rodata.gFontMute
                0x08013e4d        0xc CMakeFiles/N7SIX.basic.dir/App/bitmaps.c.obj
                0x08013e4d                gFontMute
 .rodata.gFontLight
                0x08013e59        0x9 CMakeFiles/N7SIX.basic.dir/App/bitmaps.c.obj
                0x08013e59                gFontLight
 .rodata.gFontKeyLock
                0x08013e62        0x9 CMakeFiles/N7SIX.basic.dir/App/bitmaps.c.obj
                0x08013e62                gFontKeyLock
 .rodata.gFontS
                0x08013e6b        0x6 CMakeFiles/N7SIX.basic.dir/App/bitmaps.c.obj
                0x08013e6b                gFontS
 .rodata.gFontF
                0x08013e71        0x8 CMakeFiles/N7SIX.basic.dir/App/bitmaps.c.obj
                0x08013e71                gFontF
 .rodata.gFontPttClassic
                0x08013e79        0xc CMakeFiles/N7SIX.basic.dir/App/bitmaps.c.obj
                0x08013e79                gFontPttClassic
 .rodata.gFontPttOnePush
                0x08013e85        0xc CMakeFiles/N7SIX.basic.dir/App/bitmaps.c.obj
                0x08013e85                gFontPttOnePush
 .rodata.gFontPowerSave
                0x08013e91        0xc CMakeFiles/N7SIX.basic.dir/App/bitmaps.c.obj
                0x08013e91                gFontPowerSave
 *fill*         0x08013e9d        0x1 
 .rodata.DCS_Options
                0x08013e9e       0xd0 CMakeFiles/N7SIX.basic.dir/App/dcs.c.obj
                0x08013e9e                DCS_Options
 .rodata.CTCSS_Options
                0x08013f6e       0x64 CMakeFiles/N7SIX.basic.dir/App/dcs.c.obj
                0x08013f6e                CTCSS_Options
 .rodata.gFont3x5
                0x08013fd2      0x120 CMakeFiles/N7SIX.basic.dir/App/font.c.obj
                0x08013fd2                gFont3x5
 .rodata.gFontSmallBold
                0x080140f2      0x234 CMakeFiles/N7SIX.basic.dir/App/font.c.obj
                0x080140f2                gFontSmallBold
 .rodata.gFontSmall
                0x08014326      0x234 CMakeFiles/N7SIX.basic.dir/App/font.c.obj
                0x08014326                gFontSmall
 .rodata.gFontBigDigits
                0x0801455a       0xdc CMakeFiles/N7SIX.basic.dir/App/font.c.obj
                0x0801455a                gFontBigDigits
 .rodata.gFontBig
                0x08014636      0x524 CMakeFiles/N7SIX.basic.dir/App/font.c.obj
                0x08014636                gFontBig
 .rodata.StepSortedIndexes
                0x08014b5a       0x18 CMakeFiles/N7SIX.basic.dir/App/frequencies.c.obj
                0x08014b5a                StepSortedIndexes
 .rodata.gStepFrequencyTable
                0x08014b72       0x30 CMakeFiles/N7SIX.basic.dir/App/frequencies.c.obj
                0x08014b72                gStepFrequencyTable
 *fill*         0x08014ba2        0x2 
 .rodata.frequencyBandTable
                0x08014ba4       0x38 CMakeFiles/N7SIX.basic.dir/App/frequencies.c.obj
                0x08014ba4                frequencyBandTable
 .rodata.BX4819_band2
                0x08014bdc        0x8 CMakeFiles/N7SIX.basic.dir/App/frequencies.c.obj
                0x08014bdc                BX4819_band2
 .rodata.BX4819_band1
                0x08014be4        0x8 CMakeFiles/N7SIX.basic.dir/App/frequencies.c.obj
                0x08014be4                BX4819_band1
 .rodata.BATTERY_GetReadings.str1.1
                0x08014bec        0x6 CMakeFiles/N7SIX.basic.dir/App/helper/battery.c.obj
 .rodata.Voltage2PercentageTable
                0x08014bec       0x8c CMakeFiles/N7SIX.basic.dir/App/helper/battery.c.obj
                0x08014bec                Voltage2PercentageTable
 .rodata.gMicGain_dB2
                0x08014c78        0x5 CMakeFiles/N7SIX.basic.dir/App/misc.c.obj
                0x08014c78                gMicGain_dB2
 *fill*         0x08014c7d        0x1 
 .rodata.power_save1_10ms
                0x08014c7e        0x2 CMakeFiles/N7SIX.basic.dir/App/misc.c.obj
                0x08014c7e                power_save1_10ms
 .rodata.battery_save_count_10ms
                0x08014c80        0x2 CMakeFiles/N7SIX.basic.dir/App/misc.c.obj
                0x08014c80                battery_save_count_10ms
 .rodata.scan_pause_delay_in_5_10ms
                0x08014c82        0x2 CMakeFiles/N7SIX.basic.dir/App/misc.c.obj
                0x08014c82                scan_pause_delay_in_5_10ms
 .rodata.scan_pause_delay_in_3_10ms
                0x08014c84        0x2 CMakeFiles/N7SIX.basic.dir/App/misc.c.obj
                0x08014c84                scan_pause_delay_in_3_10ms
 .rodata.scan_pause_delay_in_2_10ms
                0x08014c86        0x2 CMakeFiles/N7SIX.basic.dir/App/misc.c.obj
                0x08014c86                scan_pause_delay_in_2_10ms
 .rodata.scan_pause_delay_in_1_10ms
                0x08014c88        0x2 CMakeFiles/N7SIX.basic.dir/App/misc.c.obj
                0x08014c88                scan_pause_delay_in_1_10ms
 .rodata.dual_watch_count_toggle_10ms
                0x08014c8a        0x2 CMakeFiles/N7SIX.basic.dir/App/misc.c.obj