Archive member included to satisfy reference by file (symbol)

/opt/toolchain/bin/../lib/gcc/arm-none-eabi/13.3.1/thumb/v6-m/nofp/libgcc.a(_thumb1_case_sqi.o)
                              CMakeFiles/N7SIX.bandscope.dir/App/app/menu.c.obj (__gnu_thumb1_case_sqi)
/opt/toolchain/bin/../lib/gcc/arm-none-eabi/13.3.1/thumb/v6-m/nofp/libgcc.a(_thumb1_case_uqi.o)
                              CMakeFiles/N7SIX.bandscope.dir/Drivers/PY32F071_HAL_Driver/Src/py32f071_ll_dma.c.obj (__gnu_thumb1_case_uqi)
/opt/toolchain/bin/../lib/gcc/arm-none-eabi/13.3.1/thumb/v6-m/nofp/libgcc.a(_thumb1_case_shi.o)
                              CMakeFiles/N7SIX.bandscope.dir/App/app/main.c.obj (__gnu_thumb1_case_shi)
/opt/toolchain/bin/../lib/gcc/arm-none-eabi/13.3.1/thumb/v6-m/nofp/libgcc.a(_thumb1_case_uhi.o)
                              CMakeFiles/N7SIX.bandscope.dir/App/app/main.c.obj (__gnu_thumb1_case_uhi)
/opt/toolchain/bin/../lib/gcc/arm-none-eabi/13.3.1/thumb/v6-m/nofp/libgcc.a(_udivsi3.o)
                              CMakeFiles/N7SIX.bandscope.dir/Drivers/PY32F071_HAL_Driver/Src/py32f071_ll_rcc.c.obj (__aeabi_uidiv)
/opt/toolchain/bin/../lib/gcc/arm-none-eabi/13.3.1/thumb/v6-m/nofp/libgcc.a(_divsi3.o)
                              CMakeFiles/N7SIX.bandscope.dir/Drivers/PY32F071_HAL_Driver/Src/py32f071_ll_i2c.c.obj (__aeabi_idiv)
/opt/toolchain/bin/../lib/gcc/arm-none-eabi/13.3.1/thumb/v6-m/nofp/libgcc.a(_dvmd_tls.o)
                              /opt/toolchain/bin/../lib/gcc/arm-none-eabi/13.3.1/thumb/v6-m/nofp/libgcc.a(_udivsi3.o) (__aeabi_idiv0)
/opt/toolchain/bin/../lib/gcc/arm-none-eabi/13.3.1/thumb/v6-m/nofp/libgcc.a(_clzsi2.o)
                              CMakeFiles/N7SIX.bandscope.dir/App/board.c.obj (__clzsi2)
/opt/toolchain/bin/../lib/gcc/arm-none-eabi/13.3.1/thumb/v6-m/nofp/libgcc.a(_fixunssfsi.o)
                              CMakeFiles/N7SIX.bandscope.dir/App/app/spectrum.c.obj (__aeabi_f2uiz)
/opt/toolchain/bin/../lib/gcc/arm-none-eabi/13.3.1/thumb/v6-m/nofp/libgcc.a(mulsf3.o)
                              CMakeFiles/N7SIX.bandscope.dir/App/app/spectrum.c.obj (__aeabi_fmul)
/opt/toolchain/bin/../lib/gcc/arm-none-eabi/13.3.1/thumb/v6-m/nofp/libgcc.a(subsf3.o)
                              /opt/toolchain/bin/../lib/gcc/arm-none-eabi/13.3.1/thumb/v6-m/nofp/libgcc.a(_fixunssfsi.o) (__aeabi_fsub)
/opt/toolchain/bin/../lib/gcc/arm-none-eabi/13.3.1/thumb/v6-m/nofp/libgcc.a(fixsfsi.o)
                              /opt/toolchain/bin/../lib/gcc/arm-none-eabi/13.3.1/thumb/v6-m/nofp/libgcc.a(_fixunssfsi.o) (__aeabi_f2iz)
/opt/toolchain/bin/../lib/gcc/arm-none-eabi/13.3.1/thumb/v6-m/nofp/libgcc.a(floatsisf.o)
                              CMakeFiles/N7SIX.bandscope.dir/App/app/spectrum.c.obj (__aeabi_i2f)
/opt/toolchain/bin/../lib/gcc/arm-none-eabi/13.3.1/thumb/v6-m/nofp/libgcc.a(floatunsisf.o)
                              CMakeFiles/N7SIX.bandscope.dir/App/app/spectrum.c.obj (__aeabi_ui2f)
/opt/toolchain/bin/../lib/gcc/arm-none-eabi/13.3.1/thumb/v6-m/nofp/libgcc.a(_arm_cmpsf2.o)
                              /opt/toolchain/bin/../lib/gcc/arm-none-eabi/13.3.1/thumb/v6-m/nofp/libgcc.a(_fixunssfsi.o) (__aeabi_fcmpge)
/opt/toolchain/bin/../lib/gcc/arm-none-eabi/13.3.1/thumb/v6-m/nofp/libgcc.a(eqsf2.o)
                              /opt/toolchain/bin/../lib/gcc/arm-none-eabi/13.3.1/thumb/v6-m/nofp/libgcc.a(_arm_cmpsf2.o) (__eqsf2)
/opt/toolchain/bin/../lib/gcc/arm-none-eabi/13.3.1/thumb/v6-m/nofp/libgcc.a(gesf2.o)
                              /opt/toolchain/bin/../lib/gcc/arm-none-eabi/13.3.1/thumb/v6-m/nofp/libgcc.a(_arm_cmpsf2.o) (__gesf2)
/opt/toolchain/bin/../lib/gcc/arm-none-eabi/13.3.1/thumb/v6-m/nofp/libgcc.a(lesf2.o)
                              /opt/toolchain/bin/../lib/gcc/arm-none-eabi/13.3.1/thumb/v6-m/nofp/libgcc.a(_arm_cmpsf2.o) (__lesf2)
/opt/toolchain/bin/../lib/gcc/arm-none-eabi/13.3.1/../../../../arm-none-eabi/lib/thumb/v6-m/nofp/libg_nano.a(libc_a-exit.o)
                              /opt/toolchain/bin/../lib/gcc/arm-none-eabi/13.3.1/../../../../arm-none-eabi/lib/thumb/v6-m/nofp/crt0.o (exit)
/opt/toolchain/bin/../lib/gcc/arm-none-eabi/13.3.1/../../../../arm-none-eabi/lib/thumb/v6-m/nofp/libg_nano.a(libc_a-init.o)
                              /opt/toolchain/bin/../lib/gcc/arm-none-eabi/13.3.1/../../../../arm-none-eabi/lib/thumb/v6-m/nofp/crt0.o (__libc_init_array)
/opt/toolchain/bin/../lib/gcc/arm-none-eabi/13.3.1/../../../../arm-none-eabi/lib/thumb/v6-m/nofp/libg_nano.a(libc_a-memmove.o)
                              CMakeFiles/N7SIX.bandscope.dir/App/app/app.c.obj (memmove)
/opt/toolchain/bin/../lib/gcc/arm-none-eabi/13.3.1/../../../../arm-none-eabi/lib/thumb/v6-m/nofp/libg_nano.a(libc_a-memset.o)
                              /opt/toolchain/bin/../lib/gcc/arm-none-eabi/13.3.1/../../../../arm-none-eabi/lib/thumb/v6-m/nofp/crt0.o (memset)
/opt/toolchain/bin/../lib/gcc/arm-none-eabi/13.3.1/../../../../arm-none-eabi/lib/thumb/v6-m/nofp/libg_nano.a(libc_a-strcpy.o)
[...]
Memory Configuration

Name             Origin             Length             Attributes
RAM              0x20000000         0x00004000         xrw
FLASH            0x08002800         0x0001d800         xr
*default*        0x00000000         0xffffffff

Linker script and memory map

LOAD /opt/toolchain/bin/../lib/gcc/arm-none-eabi/13.3.1/thumb/v6-m/nofp/crti.o
LOAD /opt/toolchain/bin/../lib/gcc/arm-none-eabi/13.3.1/thumb/v6-m/nofp/crtbegin.o
LOAD /opt/toolchain/bin/../lib/gcc/arm-none-eabi/13.3.1/../../../../arm-none-eabi/lib/thumb/v6-m/nofp/crt0.o
LOAD CMakeFiles/N7SIX.bandscope.dir/Core/Src/main.c.obj
LOAD CMakeFiles/N7SIX.bandscope.dir/Core/Src/py32f071_it.c.obj
LOAD CMakeFiles/N7SIX.bandscope.dir/Core/Src/system_py32f071.c.obj
LOAD CMakeFiles/N7SIX.bandscope.dir/Core/startup_py32f071xx.s.obj
LOAD CMakeFiles/N7SIX.bandscope.dir/Drivers/PY32F071_HAL_Driver/Src/py32f071_ll_rcc.c.obj
LOAD CMakeFiles/N7SIX.bandscope.dir/Drivers/PY32F071_HAL_Driver/Src/py32f071_ll_pwr.c.obj
LOAD CMakeFiles/N7SIX.bandscope.dir/Drivers/PY32F071_HAL_Driver/Src/py32f071_ll_dma.c.obj
LOAD CMakeFiles/N7SIX.bandscope.dir/Drivers/PY32F071_HAL_Driver/Src/py32f071_ll_gpio.c.obj
LOAD CMakeFiles/N7SIX.bandscope.dir/Drivers/PY32F071_HAL_Driver/Src/py32f071_ll_utils.c.obj
LOAD CMakeFiles/N7SIX.bandscope.dir/Drivers/PY32F071_HAL_Driver/Src/py32f071_ll_adc.c.obj
LOAD CMakeFiles/N7SIX.bandscope.dir/Drivers/PY32F071_HAL_Driver/Src/py32f071_ll_comp.c.obj
LOAD CMakeFiles/N7SIX.bandscope.dir/Drivers/PY32F071_HAL_Driver/Src/py32f071_ll_crc.c.obj
LOAD CMakeFiles/N7SIX.bandscope.dir/Drivers/PY32F071_HAL_Driver/Src/py32f071_ll_dac.c.obj
LOAD CMakeFiles/N7SIX.bandscope.dir/Drivers/PY32F071_HAL_Driver/Src/py32f071_ll_exti.c.obj
LOAD CMakeFiles/N7SIX.bandscope.dir/Drivers/PY32F071_HAL_Driver/Src/py32f071_ll_i2c.c.obj
LOAD CMakeFiles/N7SIX.bandscope.dir/Drivers/PY32F071_HAL_Driver/Src/py32f071_ll_rtc.c.obj
LOAD CMakeFiles/N7SIX.bandscope.dir/Drivers/PY32F071_HAL_Driver/Src/py32f071_ll_spi.c.obj
LOAD CMakeFiles/N7SIX.bandscope.dir/Drivers/PY32F071_HAL_Driver/Src/py32f071_ll_tim.c.obj
LOAD CMakeFiles/N7SIX.bandscope.dir/Drivers/PY32F071_HAL_Driver/Src/py32f071_ll_lptim.c.obj
LOAD CMakeFiles/N7SIX.bandscope.dir/Drivers/PY32F071_HAL_Driver/Src/py32f071_ll_usart.c.obj
LOAD CMakeFiles/N7SIX.bandscope.dir/App/driver/backlight.c.obj
LOAD CMakeFiles/N7SIX.bandscope.dir/App/driver/bk4829.c.obj
LOAD CMakeFiles/N7SIX.bandscope.dir/App/driver/py25q16.c.obj
LOAD CMakeFiles/N7SIX.bandscope.dir/App/driver/gpio.c.obj
LOAD CMakeFiles/N7SIX.bandscope.dir/App/driver/i2c.c.obj
LOAD CMakeFiles/N7SIX.bandscope.dir/App/driver/keyboard.c.obj
LOAD CMakeFiles/N7SIX.bandscope.dir/App/driver/st7565.c.obj
LOAD CMakeFiles/N7SIX.bandscope.dir/App/driver/system.c.obj
LOAD CMakeFiles/N7SIX.bandscope.dir/App/driver/systick.c.obj
LOAD CMakeFiles/N7SIX.bandscope.dir/App/app/action.c.obj
LOAD CMakeFiles/N7SIX.bandscope.dir/App/app/app.c.obj
LOAD CMakeFiles/N7SIX.bandscope.dir/App/app/chFrScanner.c.obj
LOAD CMakeFiles/N7SIX.bandscope.dir/App/app/common.c.obj
LOAD CMakeFiles/N7SIX.bandscope.dir/App/app/dtmf.c.obj
LOAD CMakeFiles/N7SIX.bandscope.dir/App/app/generic.c.obj
LOAD CMakeFiles/N7SIX.bandscope.dir/App/app/main.c.obj
LOAD CMakeFiles/N7SIX.bandscope.dir/App/app/menu.c.obj
LOAD CMakeFiles/N7SIX.bandscope.dir/App/app/scanner.c.obj
LOAD CMakeFiles/N7SIX.bandscope.dir/App/audio.c.obj
LOAD CMakeFiles/N7SIX.bandscope.dir/App/bitmaps.c.obj
LOAD CMakeFiles/N7SIX.bandscope.dir/App/board.c.obj
LOAD CMakeFiles/N7SIX.bandscope.dir/App/dcs.c.obj
LOAD CMakeFiles/N7SIX.bandscope.dir/App/font.c.obj
LOAD CMakeFiles/N7SIX.bandscope.dir/App/frequencies.c.obj
LOAD CMakeFiles/N7SIX.bandscope.dir/App/functions.c.obj
LOAD CMakeFiles/N7SIX.bandscope.dir/App/helper/battery.c.obj
LOAD CMakeFiles/N7SIX.bandscope.dir/App/helper/boot.c.obj
LOAD CMakeFiles/N7SIX.bandscope.dir/App/misc.c.obj
LOAD CMakeFiles/N7SIX.bandscope.dir/App/radio.c.obj
LOAD CMakeFiles/N7SIX.bandscope.dir/App/scheduler.c.obj
LOAD CMakeFiles/N7SIX.bandscope.dir/App/settings.c.obj
LOAD CMakeFiles/N7SIX.bandscope.dir/App/ui/battery.c.obj
LOAD CMakeFiles/N7SIX.bandscope.dir/App/ui/helper.c.obj
LOAD CMakeFiles/N7SIX.bandscope.dir/App/ui/inputbox.c.obj
LOAD CMakeFiles/N7SIX.bandscope.dir/App/ui/main.c.obj
LOAD CMakeFiles/N7SIX.bandscope.dir/App/ui/menu.c.obj
LOAD CMakeFiles/N7SIX.bandscope.dir/App/ui/scanner.c.obj
LOAD CMakeFiles/N7SIX.bandscope.dir/App/ui/status.c.obj
LOAD CMakeFiles/N7SIX.bandscope.dir/App/ui/ui.c.obj
LOAD CMakeFiles/N7SIX.bandscope.dir/App/ui/welcome.c.obj
LOAD CMakeFiles/N7SIX.bandscope.dir/App/version.c.obj
LOAD CMakeFiles/N7SIX.bandscope.dir/App/main.c.obj
LOAD CMakeFiles/N7SIX.bandscope.dir/App/external/printf/printf.c.obj
LOAD CMakeFiles/N7SIX.bandscope.dir/App/driver/crc.c.obj
LOAD CMakeFiles/N7SIX.bandscope.dir/App/driver/eeprom_compat.c.obj
LOAD CMakeFiles/N7SIX.bandscope.dir/App/driver/uart.c.obj
LOAD CMakeFiles/N7SIX.bandscope.dir/App/app/uart.c.obj
LOAD CMakeFiles/N7SIX.bandscope.dir/App/driver/vcp.c.obj
LOAD CMakeFiles/N7SIX.bandscope.dir/App/usb/usbd_cdc_if.c.obj
LOAD CMakeFiles/N7SIX.bandscope.dir/App/app/aircopy.c.obj
LOAD CMakeFiles/N7SIX.bandscope.dir/App/ui/aircopy.c.obj
LOAD CMakeFiles/N7SIX.bandscope.dir/App/app/flashlight.c.obj
LOAD CMakeFiles/N7SIX.bandscope.dir/App/app/spectrum.c.obj
LOAD CMakeFiles/N7SIX.bandscope.dir/App/screenshot.c.obj
LOAD CMakeFiles/N7SIX.bandscope.dir/Middlewares/CherryUSB/core/usbd_core.c.obj
LOAD CMakeFiles/N7SIX.bandscope.dir/Middlewares/CherryUSB/port/usb_dc_py32.c.obj
LOAD CMakeFiles/N7SIX.bandscope.dir/Middlewares/CherryUSB/class/cdc/usbd_cdc.c.obj
LOAD /opt/toolchain/bin/../lib/gcc/arm-none-eabi/13.3.1/../../../../arm-none-eabi/lib/thumb/v6-m/nofp/libm.a
START GROUP
LOAD /opt/toolchain/bin/../lib/gcc/arm-none-eabi/13.3.1/thumb/v6-m/nofp/libgcc.a
LOAD /opt/toolchain/bin/../lib/gcc/arm-none-eabi/13.3.1/../../../../arm-none-eabi/lib/thumb/v6-m/nofp/libg_nano.a
LOAD /opt/toolchain/bin/../lib/gcc/arm-none-eabi/13.3.1/../../../../arm-none-eabi/lib/thumb/v6-m/nofp/libc_nano.a
END GROUP
START GROUP
LOAD /opt/toolchain/bin/../lib/gcc/arm-none-eabi/13.3.1/thumb/v6-m/nofp/libgcc.a
LOAD /opt/toolchain/bin/../lib/gcc/arm-none-eabi/13.3.1/../../../../arm-none-eabi/lib/thumb/v6-m/nofp/libc_nano.a
END GROUP
LOAD /opt/toolchain/bin/../lib/gcc/arm-none-eabi/13.3.1/thumb/v6-m/nofp/crtend.o
LOAD /opt/toolchain/bin/../lib/gcc/arm-none-eabi/13.3.1/thumb/v6-m/nofp/crtn.o
                0x20004000                        _estack = (ORIGIN (RAM) + LENGTH (RAM))
                0x00000200                        _Min_Heap_Size = 0x200
                0x00000400                        _Min_Stack_Size = 0x400

.isr_vector     0x08002800       0xc0
                0x08002800                        . = ALIGN (0x4)
 *(.isr_vector)
 .isr_vector    0x08002800       0xc0 CMakeFiles/N7SIX.bandscope.dir/Core/startup_py32f071xx.s.obj
                0x08002800                g_pfnVectors
                0x080028c0                        . = ALIGN (0x4)

.text           0x080028c0    0x108ec
                0x080028c0                        . = ALIGN (0x4)
 *(.text)
 .text          0x080028c0       0x14 /opt/toolchain/bin/../lib/gcc/arm-none-eabi/13.3.1/thumb/v6-m/nofp/libgcc.a(_thumb1_case_sqi.o)
                0x080028c0                __gnu_thumb1_case_sqi
 .text          0x080028d4       0x14 /opt/toolchain/bin/../lib/gcc/arm-none-eabi/13.3.1/thumb/v6-m/nofp/libgcc.a(_thumb1_case_uqi.o)
                0x080028d4                __gnu_thumb1_case_uqi
 .text          0x080028e8       0x14 /opt/toolchain/bin/../lib/gcc/arm-none-eabi/13.3.1/thumb/v6-m/nofp/libgcc.a(_thumb1_case_shi.o)
                0x080028e8                __gnu_thumb1_case_shi
 .text          0x080028fc       0x14 /opt/toolchain/bin/../lib/gcc/arm-none-eabi/13.3.1/thumb/v6-m/nofp/libgcc.a(_thumb1_case_uhi.o)
                0x080028fc                __gnu_thumb1_case_uhi
 .text          0x08002910      0x114 /opt/toolchain/bin/../lib/gcc/arm-none-eabi/13.3.1/thumb/v6-m/nofp/libgcc.a(_udivsi3.o)
                0x08002910                __udivsi3
                0x08002910                __aeabi_uidiv
                0x08002a1c                __aeabi_uidivmod
 .text          0x08002a24      0x1d4 /opt/toolchain/bin/../lib/gcc/arm-none-eabi/13.3.1/thumb/v6-m/nofp/libgcc.a(_divsi3.o)
                0x08002a24                __aeabi_idiv
                0x08002a24                __divsi3
                0x08002bf0                __aeabi_idivmod
 .text          0x08002bf8        0x4 /opt/toolchain/bin/../lib/gcc/arm-none-eabi/13.3.1/thumb/v6-m/nofp/libgcc.a(_dvmd_tls.o)
                0x08002bf8                __aeabi_ldiv0
                0x08002bf8                __aeabi_idiv0
 .text          0x08002bfc       0x3c /opt/toolchain/bin/../lib/gcc/arm-none-eabi/13.3.1/thumb/v6-m/nofp/libgcc.a(_clzsi2.o)
                0x08002bfc                __clzsi2
 .text          0x08002c38       0x74 /opt/toolchain/bin/../lib/gcc/arm-none-eabi/13.3.1/thumb/v6-m/nofp/libgcc.a(_arm_cmpsf2.o)
                0x08002c38                __aeabi_cfrcmple
                0x08002c40                __aeabi_cfcmple
                0x08002c40                __aeabi_cfcmpeq
                0x08002c50                __aeabi_fcmpeq
                0x08002c5c                __aeabi_fcmplt
                0x08002c70                __aeabi_fcmple
                0x08002c84                __aeabi_fcmpgt
                0x08002c98                __aeabi_fcmpge
 .text          0x08002cac        0xe /opt/toolchain/bin/../lib/gcc/arm-none-eabi/13.3.1/../../../../arm-none-eabi/lib/thumb/v6-m/nofp/libg_nano.a(libc_a-strlen.o)
                0x08002cac                strlen
 *(.text*)
 *fill*         0x08002cba        0x2 
 .text.deregister_tm_clones
                0x08002cbc       0x20 /opt/toolchain/bin/../lib/gcc/arm-none-eabi/13.3.1/thumb/v6-m/nofp/crtbegin.o
 .text.register_tm_clones
                0x08002cdc       0x28 /opt/toolchain/bin/../lib/gcc/arm-none-eabi/13.3.1/thumb/v6-m/nofp/crtbegin.o
 .text.__do_global_dtors_aux
                0x08002d04       0x2c /opt/toolchain/bin/../lib/gcc/arm-none-eabi/13.3.1/thumb/v6-m/nofp/crtbegin.o
 .text.frame_dummy
                0x08002d30       0x24 /opt/toolchain/bin/../lib/gcc/arm-none-eabi/13.3.1/thumb/v6-m/nofp/crtbegin.o
 .text.startup.main
                0x08002d54       0x3c CMakeFiles/N7SIX.bandscope.dir/Core/Src/main.c.obj
                0x08002d54                main
 .text.NMI_Handler
                0x08002d90        0x2 CMakeFiles/N7SIX.bandscope.dir/Core/Src/py32f071_it.c.obj
                0x08002d90                NMI_Handler
 .text.HardFault_Handler
                0x08002d92        0x2 CMakeFiles/N7SIX.bandscope.dir/Core/Src/py32f071_it.c.obj
                0x08002d92                HardFault_Handler
 .text.SVC_Handler
                0x08002d94        0x2 CMakeFiles/N7SIX.bandscope.dir/Core/Src/py32f071_it.c.obj
                0x08002d94                SVC_Handler
 .text.PendSV_Handler
                0x08002d96        0x2 CMakeFiles/N7SIX.bandscope.dir/Core/Src/py32f071_it.c.obj
                0x08002d96                PendSV_Handler
 .text.SystemInit
                0x08002d98       0x10 CMakeFiles/N7SIX.bandscope.dir/Core/Src/system_py32f071.c.obj
                0x08002d98                SystemInit
 .text.Reset_Handler
                0x08002da8       0x50 CMakeFiles/N7SIX.bandscope.dir/Core/startup_py32f071xx.s.obj
                0x08002da8                Reset_Handler
 .text.Default_Handler
                0x08002df8        0x2 CMakeFiles/N7SIX.bandscope.dir/Core/startup_py32f071xx.s.obj
                0x08002df8                TIM1_CC_IRQHandler
                0x08002df8                PVD_IRQHandler
                0x08002df8                I2C1_IRQHandler
                0x08002df8                SPI1_IRQHandler
                0x08002df8                EXTI2_3_IRQHandler
                0x08002df8                I2C2_IRQHandler
                0x08002df8                TIM17_IRQHandler
                0x08002df8                USART3_IRQHandler
                0x08002df8                RTC_IRQHandler
                0x08002df8                LCD_IRQHandler
                0x08002df8                TIM16_IRQHandler
                0x08002df8                TIM3_IRQHandler
                0x08002df8                EXTI4_15_IRQHandler
                0x08002df8                RCC_IRQHandler
                0x08002df8                DMA1_Channel1_IRQHandler
                0x08002df8                Default_Handler
                0x08002df8                TIM14_IRQHandler
                0x08002df8                TIM7_IRQHandler
                0x08002df8                TIM15_IRQHandler
                0x08002df8                EXTI0_1_IRQHandler
                0x08002df8                SPI2_IRQHandler
                0x08002df8                WWDG_IRQHandler
                0x08002df8                TIM2_IRQHandler
                0x08002df8                DMA1_Channel2_3_IRQHandler
                0x08002df8                ADC_COMP_IRQHandler
                0x08002df8                USART2_IRQHandler
                0x08002df8                TIM6_LPTIM1_DAC_IRQHandler
                0x08002df8                FLASH_IRQHandler
                0x08002df8                USART1_IRQHandler
                0x08002df8                TIM1_BRK_UP_TRG_COM_IRQHandler
 *fill*         0x08002dfa        0x2 
 .text.RCC_GetHCLKClockFreq
                0x08002dfc       0x20 CMakeFiles/N7SIX.bandscope.dir/Drivers/PY32F071_HAL_Driver/Src/py32f071_ll_rcc.c.obj
                0x08002dfc                RCC_GetHCLKClockFreq
 .text.RCC_GetPCLK1ClockFreq
                0x08002e1c       0x20 CMakeFiles/N7SIX.bandscope.dir/Drivers/PY32F071_HAL_Driver/Src/py32f071_ll_rcc.c.obj
                0x08002e1c                RCC_GetPCLK1ClockFreq
 .text.RCC_PLL_GetFreqDomain_SYS
                0x08002e3c       0x38 CMakeFiles/N7SIX.bandscope.dir/Drivers/PY32F071_HAL_Driver/Src/py32f071_ll_rcc.c.obj
                0x08002e3c                RCC_PLL_GetFreqDomain_SYS
 .text.RCC_GetSystemClockFreq
                0x08002e74       0x50 CMakeFiles/N7SIX.bandscope.dir/Drivers/PY32F071_HAL_Driver/Src/py32f071_ll_rcc.c.obj
                0x08002e74                RCC_GetSystemClockFreq
 .text.LL_RCC_GetSystemClocksFreq
                0x08002ec4       0x18 CMakeFiles/N7SIX.bandscope.dir/Drivers/PY32F071_HAL_Driver/Src/py32f071_ll_rcc.c.obj
                0x08002ec4                LL_RCC_GetSystemClocksFreq
 .text.LL_DMA_Init
                0x08002edc       0x4c CMakeFiles/N7SIX.bandscope.dir/Drivers/PY32F071_HAL_Driver/Src/py32f071_ll_dma.c.obj
                0x08002edc                LL_DMA_Init
 .text.LL_DMA_StructInit
                0x08002f28       0x18 CMakeFiles/N7SIX.bandscope.dir/Drivers/PY32F071_HAL_Driver/Src/py32f071_ll_dma.c.obj
                0x08002f28                LL_DMA_StructInit
 .text.LL_GPIO_Init
                0x08002f40       0xa4 CMakeFiles/N7SIX.bandscope.dir/Drivers/PY32F071_HAL_Driver/Src/py32f071_ll_gpio.c.obj
                0x08002f40                LL_GPIO_Init
 .text.LL_GPIO_StructInit
                0x08002fe4       0x18 CMakeFiles/N7SIX.bandscope.dir/Drivers/PY32F071_HAL_Driver/Src/py32f071_ll_gpio.c.obj
                0x08002fe4                LL_GPIO_StructInit
 .text.LL_SetSystemCoreClock
                0x08002ffc        0xc CMakeFiles/N7SIX.bandscope.dir/Drivers/PY32F071_HAL_Driver/Src/py32f071_ll_utils.c.obj
                0x08002ffc                LL_SetSystemCoreClock
 .text.LL_SPI_Init
                0x08003008       0x68 CMakeFiles/N7SIX.bandscope.dir/Drivers/PY32F071_HAL_Driver/Src/py32f071_ll_spi.c.obj
                0x08003008                LL_SPI_Init
 .text.LL_SPI_StructInit
                0x08003070       0x1a CMakeFiles/N7SIX.bandscope.dir/Drivers/PY32F071_HAL_Driver/Src/py32f071_ll_spi.c.obj
                0x08003070                LL_SPI_StructInit
 *fill*         0x0800308a        0x2 
 .text.LL_USART_Init
                0x0800308c       0xe4 CMakeFiles/N7SIX.bandscope.dir/Drivers/PY32F071_HAL_Driver/Src/py32f071_ll_usart.c.obj
                0x0800308c                LL_USART_Init
 .text.LL_USART_StructInit
                0x08003170       0x18 CMakeFiles/N7SIX.bandscope.dir/Drivers/PY32F071_HAL_Driver/Src/py32f071_ll_usart.c.obj
                0x08003170                LL_USART_StructInit
 .text.BACKLIGHT_Sound
                0x08003188       0x28 CMakeFiles/N7SIX.bandscope.dir/App/driver/backlight.c.obj
 .text.BACKLIGHT_InitHardware
                0x080031b0       0xc4 CMakeFiles/N7SIX.bandscope.dir/App/driver/backlight.c.obj
                0x080031b0                BACKLIGHT_InitHardware
 .text.BACKLIGHT_IsOn
                0x08003274        0xc CMakeFiles/N7SIX.bandscope.dir/App/driver/backlight.c.obj
                0x08003274                BACKLIGHT_IsOn
 .text.BACKLIGHT_SetBrightness
                0x08003280       0xbc CMakeFiles/N7SIX.bandscope.dir/App/driver/backlight.c.obj
                0x08003280                BACKLIGHT_SetBrightness
 .text.BACKLIGHT_TurnOff
                0x0800333c       0x24 CMakeFiles/N7SIX.bandscope.dir/App/driver/backlight.c.obj
                0x0800333c                BACKLIGHT_TurnOff
 .text.BACKLIGHT_TurnOn
                0x08003360       0x9c CMakeFiles/N7SIX.bandscope.dir/App/driver/backlight.c.obj
                0x08003360                BACKLIGHT_TurnOn
 .text.BK4819_WriteU8
                0x080033fc       0x54 CMakeFiles/N7SIX.bandscope.dir/App/driver/bk4829.c.obj
                0x080033fc                BK4819_WriteU8
 .text.BK4819_ReadRegister
                0x08003450       0x98 CMakeFiles/N7SIX.bandscope.dir/App/driver/bk4829.c.obj
                0x08003450                BK4819_ReadRegister
 .text.BK4819_WriteU16
                0x080034e8       0x54 CMakeFiles/N7SIX.bandscope.dir/App/driver/bk4829.c.obj
                0x080034e8                BK4819_WriteU16
 .text.BK4819_WriteRegister
                0x0800353c       0x4c CMakeFiles/N7SIX.bandscope.dir/App/driver/bk4829.c.obj
                0x0800353c                BK4819_WriteRegister
 .text.BK4819_Init
                0x08003588      0x1d0 CMakeFiles/N7SIX.bandscope.dir/App/driver/bk4829.c.obj
                0x08003588                BK4819_Init
 .text.BK4819_SetAGC
                0x08003758       0x30 CMakeFiles/N7SIX.bandscope.dir/App/driver/bk4829.c.obj
                0x08003758                BK4819_SetAGC
 .text.BK4819_InitAGC
                0x08003788       0x64 CMakeFiles/N7SIX.bandscope.dir/App/driver/bk4829.c.obj
                0x08003788                BK4819_InitAGC
 .text.BK4819_ToggleGpioOut
                0x080037ec       0x2c CMakeFiles/N7SIX.bandscope.dir/App/driver/bk4829.c.obj
                0x080037ec                BK4819_ToggleGpioOut
 .text.BK4819_SetCDCSSCodeWord
                0x08003818       0x38 CMakeFiles/N7SIX.bandscope.dir/App/driver/bk4829.c.obj
                0x08003818                BK4819_SetCDCSSCodeWord
 .text.BK4819_SetCTCSSFrequency
                0x08003850       0x48 CMakeFiles/N7SIX.bandscope.dir/App/driver/bk4829.c.obj
                0x08003850                BK4819_SetCTCSSFrequency
 .text.BK4819_SetTailDetection
                0x08003898       0x24 CMakeFiles/N7SIX.bandscope.dir/App/driver/bk4829.c.obj
                0x08003898                BK4819_SetTailDetection
 .text.BK4819_SetFilterBandwidth
                0x080038bc       0x1c CMakeFiles/N7SIX.bandscope.dir/App/driver/bk4829.c.obj
                0x080038bc                BK4819_SetFilterBandwidth
 .text.BK4819_SetupPowerAmplifier
                0x080038d8       0x20 CMakeFiles/N7SIX.bandscope.dir/App/driver/bk4829.c.obj
                0x080038d8                BK4819_SetupPowerAmplifier
 .text.BK4819_SetFrequency
                0x080038f8       0x16 CMakeFiles/N7SIX.bandscope.dir/App/driver/bk4829.c.obj
                0x080038f8                BK4819_SetFrequency
 *fill*         0x0800390e        0x2 
 .text.BK4819_SetAF
                0x08003910       0x14 CMakeFiles/N7SIX.bandscope.dir/App/driver/bk4829.c.obj
                0x08003910                BK4819_SetAF
 .text.BK4819_SetRegValue
                0x08003924       0x2e CMakeFiles/N7SIX.bandscope.dir/App/driver/bk4829.c.obj
                0x08003924                BK4819_SetRegValue
 *fill*         0x08003952        0x2 
 .text.BK4819_RX_TurnOn
                0x08003954       0x24 CMakeFiles/N7SIX.bandscope.dir/App/driver/bk4829.c.obj
                0x08003954                BK4819_RX_TurnOn
 .text.BK4819_SetupSquelch
                0x08003978       0x56 CMakeFiles/N7SIX.bandscope.dir/App/driver/bk4829.c.obj
                0x08003978                BK4819_SetupSquelch
 *fill*         0x080039ce        0x2 
 .text.BK4819_PickRXFilterPathBasedOnFrequency
                0x080039d0       0x30 CMakeFiles/N7SIX.bandscope.dir/App/driver/bk4829.c.obj
                0x080039d0                BK4819_PickRXFilterPathBasedOnFrequency
 .text.BK4819_DisableScramble
                0x08003a00       0x1e CMakeFiles/N7SIX.bandscope.dir/App/driver/bk4829.c.obj
                0x08003a00                BK4819_DisableScramble
 *fill*         0x08003a1e        0x2 
 .text.BK4819_SetCompander
                0x08003a20       0x54 CMakeFiles/N7SIX.bandscope.dir/App/driver/bk4829.c.obj
                0x08003a20                BK4819_SetCompander
 .text.BK4819_DisableVox
                0x08003a74       0x16 CMakeFiles/N7SIX.bandscope.dir/App/driver/bk4829.c.obj
                0x08003a74                BK4819_DisableVox
 .text.BK4819_DisableDTMF
                0x08003a8a        0xc CMakeFiles/N7SIX.bandscope.dir/App/driver/bk4829.c.obj
                0x08003a8a                BK4819_DisableDTMF
 *fill*         0x08003a96        0x2 
 .text.BK4819_EnableDTMF
                0x08003a98       0x1c CMakeFiles/N7SIX.bandscope.dir/App/driver/bk4829.c.obj
                0x08003a98                BK4819_EnableDTMF
 .text.BK4819_EnterTxMute
                0x08003ab4       0x10 CMakeFiles/N7SIX.bandscope.dir/App/driver/bk4829.c.obj
                0x08003ab4                BK4819_EnterTxMute
 .text.BK4819_PlayTone
                0x08003ac4       0x58 CMakeFiles/N7SIX.bandscope.dir/App/driver/bk4829.c.obj
                0x08003ac4                BK4819_PlayTone
 .text.BK4819_ExitTxMute
                0x08003b1c       0x10 CMakeFiles/N7SIX.bandscope.dir/App/driver/bk4829.c.obj
                0x08003b1c                BK4819_ExitTxMute
 .text.BK4819_Sleep
                0x08003b2c       0x16 CMakeFiles/N7SIX.bandscope.dir/App/driver/bk4829.c.obj
                0x08003b2c                BK4819_Sleep
 *fill*         0x08003b42        0x2 
 .text.BK4819_TurnsOffTones_TurnsOnRX
                0x08003b44       0x2c CMakeFiles/N7SIX.bandscope.dir/App/driver/bk4829.c.obj
                0x08003b44                BK4819_TurnsOffTones_TurnsOnRX
 .text.BK4819_SetupAircopy
                0x08003b70       0x44 CMakeFiles/N7SIX.bandscope.dir/App/driver/bk4829.c.obj
                0x08003b70                BK4819_SetupAircopy
 .text.BK4819_Idle
                0x08003bb4        0xc CMakeFiles/N7SIX.bandscope.dir/App/driver/bk4829.c.obj
                0x08003bb4                BK4819_Idle
 .text.BK4819_ResetFSK
                0x08003bc0       0x1e CMakeFiles/N7SIX.bandscope.dir/App/driver/bk4829.c.obj
                0x08003bc0                BK4819_ResetFSK
 .text.BK4819_ExitBypass
                0x08003bde       0x20 CMakeFiles/N7SIX.bandscope.dir/App/driver/bk4829.c.obj
                0x08003bde                BK4819_ExitBypass
 *fill*         0x08003bfe        0x2 
 .text.BK4819_TxOn_Beep
                0x08003c00       0x38 CMakeFiles/N7SIX.bandscope.dir/App/driver/bk4829.c.obj
                0x08003c00                BK4819_TxOn_Beep
 .text.BK4819_PrepareTransmit
                0x08003c38       0x10 CMakeFiles/N7SIX.bandscope.dir/App/driver/bk4829.c.obj
                0x08003c38                BK4819_PrepareTransmit
 .text.BK4819_ExitSubAu
                0x08003c48        0xc CMakeFiles/N7SIX.bandscope.dir/App/driver/bk4829.c.obj
                0x08003c48                BK4819_ExitSubAu
 .text.BK4819_Conditional_RX_TurnOn_and_GPIO6_Enable
                0x08003c54       0x1c CMakeFiles/N7SIX.bandscope.dir/App/driver/bk4829.c.obj
                0x08003c54                BK4819_Conditional_RX_TurnOn_and_GPIO6_Enable
 .text.BK4819_ExitDTMF_TX
                0x08003c70       0x30 CMakeFiles/N7SIX.bandscope.dir/App/driver/bk4829.c.obj
                0x08003c70                BK4819_ExitDTMF_TX
 .text.BK4819_EnableTXLink
                0x08003ca0       0x10 CMakeFiles/N7SIX.bandscope.dir/App/driver/bk4829.c.obj
                0x08003ca0                BK4819_EnableTXLink
 .text.BK4819_PlaySingleTone
                0x08003cb0       0x94 CMakeFiles/N7SIX.bandscope.dir/App/driver/bk4829.c.obj
                0x08003cb0                BK4819_PlaySingleTone
 .text.BK4819_EnterDTMF_TX
                0x08003d44       0x2c CMakeFiles/N7SIX.bandscope.dir/App/driver/bk4829.c.obj
                0x08003d44                BK4819_EnterDTMF_TX
 .text.BK4819_PlayDTMF
                0x08003d70       0x7c CMakeFiles/N7SIX.bandscope.dir/App/driver/bk4829.c.obj
                0x08003d70                BK4819_PlayDTMF
 .text.BK4819_PlayDTMFString
                0x08003dec       0x5a CMakeFiles/N7SIX.bandscope.dir/App/driver/bk4829.c.obj
                0x08003dec                BK4819_PlayDTMFString
 *fill*         0x08003e46        0x2 
 .text.BK4819_TransmitTone
                0x08003e48       0x48 CMakeFiles/N7SIX.bandscope.dir/App/driver/bk4829.c.obj
                0x08003e48                BK4819_TransmitTone
 .text.BK4819_GenTail
                0x08003e90       0x40 CMakeFiles/N7SIX.bandscope.dir/App/driver/bk4829.c.obj
                0x08003e90                BK4819_GenTail
 .text.BK4819_PlayCDCSSTail
                0x08003ed0       0x18 CMakeFiles/N7SIX.bandscope.dir/App/driver/bk4829.c.obj
                0x08003ed0                BK4819_PlayCDCSSTail
 .text.BK4819_PlayCTCSSTail
                0x08003ee8       0x18 CMakeFiles/N7SIX.bandscope.dir/App/driver/bk4829.c.obj
                0x08003ee8                BK4819_PlayCTCSSTail
 .text.BK4819_GetRSSI
                0x08003f00        0xe CMakeFiles/N7SIX.bandscope.dir/App/driver/bk4829.c.obj
                0x08003f00                BK4819_GetRSSI
 .text.BK4819_GetRSSI_dBm
                0x08003f0e        0xe CMakeFiles/N7SIX.bandscope.dir/App/driver/bk4829.c.obj
                0x08003f0e                BK4819_GetRSSI_dBm
 .text.BK4819_GetVoiceAmplitudeOut
                0x08003f1c        0xa CMakeFiles/N7SIX.bandscope.dir/App/driver/bk4829.c.obj
                0x08003f1c                BK4819_GetVoiceAmplitudeOut
 *fill*         0x08003f26        0x2 
 .text.BK4819_GetFrequencyScanResult
                0x08003f28       0x30 CMakeFiles/N7SIX.bandscope.dir/App/driver/bk4829.c.obj
                0x08003f28                BK4819_GetFrequencyScanResult
 .text.BK4819_GetCxCSSScanResult
                0x08003f58       0x58 CMakeFiles/N7SIX.bandscope.dir/App/driver/bk4829.c.obj
                0x08003f58                BK4819_GetCxCSSScanResult
 .text.BK4819_DisableFrequencyScan
                0x08003fb0        0xe CMakeFiles/N7SIX.bandscope.dir/App/driver/bk4829.c.obj
                0x08003fb0                BK4819_DisableFrequencyScan
 *fill*         0x08003fbe        0x2 
 .text.BK4819_EnableFrequencyScan
                0x08003fc0       0x10 CMakeFiles/N7SIX.bandscope.dir/App/driver/bk4829.c.obj
                0x08003fc0                BK4819_EnableFrequencyScan
 .text.BK4819_SetScanFrequency
                0x08003fd0       0x16 CMakeFiles/N7SIX.bandscope.dir/App/driver/bk4829.c.obj
                0x08003fd0                BK4819_SetScanFrequency
 .text.BK4819_Disable
                0x08003fe6        0x8 CMakeFiles/N7SIX.bandscope.dir/App/driver/bk4829.c.obj
                0x08003fe6                BK4819_Disable
 .text.BK4819_StopScan
                0x08003fee        0xc CMakeFiles/N7SIX.bandscope.dir/App/driver/bk4829.c.obj
                0x08003fee                BK4819_StopScan
 .text.BK4819_GetDTMF_5TONE_Code
                0x08003ffa        0xe CMakeFiles/N7SIX.bandscope.dir/App/driver/bk4829.c.obj
                0x08003ffa                BK4819_GetDTMF_5TONE_Code
 .text.BK4819_GetCDCSSCodeType
                0x08004008        0xe CMakeFiles/N7SIX.bandscope.dir/App/driver/bk4829.c.obj
                0x08004008                BK4819_GetCDCSSCodeType
 .text.BK4819_GetCTCType
                0x08004016        0xe CMakeFiles/N7SIX.bandscope.dir/App/driver/bk4829.c.obj
                0x08004016                BK4819_GetCTCType
 .text.BK4819_SendFSKData
                0x08004024       0x7c CMakeFiles/N7SIX.bandscope.dir/App/driver/bk4829.c.obj
                0x08004024                BK4819_SendFSKData
 .text.BK4819_PrepareFSKReceive
                0x080040a0       0x40 CMakeFiles/N7SIX.bandscope.dir/App/driver/bk4829.c.obj
                0x080040a0                BK4819_PrepareFSKReceive
 .text.BK4819_PlayRogerMDC
                0x080040e0       0x78 CMakeFiles/N7SIX.bandscope.dir/App/driver/bk4829.c.obj
                0x080040e0                BK4819_PlayRogerMDC
 .text.BK4819_PlayRoger
                0x08004158       0x80 CMakeFiles/N7SIX.bandscope.dir/App/driver/bk4829.c.obj
                0x08004158                BK4819_PlayRoger
 .text.BK4819_PlayDTMFEx
                0x080041d8       0x3c CMakeFiles/N7SIX.bandscope.dir/App/driver/bk4829.c.obj
                0x080041d8                BK4819_PlayDTMFEx
 .text.SPI_WriteByte
                0x08004214       0x20 CMakeFiles/N7SIX.bandscope.dir/App/driver/py25q16.c.obj
 .text.WriteAddr
                0x08004234       0x1c CMakeFiles/N7SIX.bandscope.dir/App/driver/py25q16.c.obj
 .text.WaitWIP  0x08004250       0x30 CMakeFiles/N7SIX.bandscope.dir/App/driver/py25q16.c.obj
 .text.SectorErase
                0x08004280       0x2e CMakeFiles/N7SIX.bandscope.dir/App/driver/py25q16.c.obj
 *fill*         0x080042ae        0x2 
 .text.SectorProgram
                0x080042b0      0x12c CMakeFiles/N7SIX.bandscope.dir/App/driver/py25q16.c.obj
 .text.PY25Q16_Init
                0x080043dc       0xf0 CMakeFiles/N7SIX.bandscope.dir/App/driver/py25q16.c.obj
                0x080043dc                PY25Q16_Init
 .text.PY25Q16_ReadBuffer
                0x080044cc       0xf4 CMakeFiles/N7SIX.bandscope.dir/App/driver/py25q16.c.obj
                0x080044cc                PY25Q16_ReadBuffer
 .text.PY25Q16_WriteBuffer
                0x080045c0       0xdc CMakeFiles/N7SIX.bandscope.dir/App/driver/py25q16.c.obj
                0x080045c0                PY25Q16_WriteBuffer
 .text.PY25Q16_SectorErase
                0x0800469c       0x2c CMakeFiles/N7SIX.bandscope.dir/App/driver/py25q16.c.obj
                0x0800469c                PY25Q16_SectorErase
 .text.DMA1_Channel4_5_6_7_IRQHandler
                0x080046c8       0x64 CMakeFiles/N7SIX.bandscope.dir/App/driver/py25q16.c.obj
                0x080046c8                DMA1_Channel4_5_6_7_IRQHandler
 .text.KEYBOARD_Poll
                0x0800472c       0x8c CMakeFiles/N7SIX.bandscope.dir/App/driver/keyboard.c.obj
                0x0800472c                KEYBOARD_Poll
 .text.SPI_WriteByte.isra.0
                0x080047b8       0x1c CMakeFiles/N7SIX.bandscope.dir/App/driver/st7565.c.obj
 .text.map      0x080047d4       0x1c CMakeFiles/N7SIX.bandscope.dir/App/driver/st7565.c.obj
                0x080047d4                map
 .text.ST7565_Gauge
                0x080047f0       0x50 CMakeFiles/N7SIX.bandscope.dir/App/driver/st7565.c.obj
                0x080047f0                ST7565_Gauge
 .text.ST7565_HardwareReset
                0x08004840        0x2 CMakeFiles/N7SIX.bandscope.dir/App/driver/st7565.c.obj
                0x08004840                ST7565_HardwareReset
 .text.ST7565_SelectColumnAndLine
                0x08004842       0x28 CMakeFiles/N7SIX.bandscope.dir/App/driver/st7565.c.obj
                0x08004842                ST7565_SelectColumnAndLine
 .text.DrawLine
                0x0800486a       0x30 CMakeFiles/N7SIX.bandscope.dir/App/driver/st7565.c.obj
 *fill*         0x0800489a        0x2 
 .text.ST7565_DrawLine
                0x0800489c       0x18 CMakeFiles/N7SIX.bandscope.dir/App/driver/st7565.c.obj
                0x0800489c                ST7565_DrawLine
 .text.ST7565_FillScreen
                0x080048b4       0x28 CMakeFiles/N7SIX.bandscope.dir/App/driver/st7565.c.obj
                0x080048b4                ST7565_FillScreen
 .text.ST7565_WriteByte
                0x080048dc       0x10 CMakeFiles/N7SIX.bandscope.dir/App/driver/st7565.c.obj
                0x080048dc                ST7565_WriteByte
 .text.ST7565_BlitScreen
                0x080048ec       0x5c CMakeFiles/N7SIX.bandscope.dir/App/driver/st7565.c.obj
 .text.ST7565_BlitFullScreen
                0x08004948        0xa CMakeFiles/N7SIX.bandscope.dir/App/driver/st7565.c.obj
                0x08004948                ST7565_BlitFullScreen
 .text.ST7565_BlitLine
                0x08004952        0xc CMakeFiles/N7SIX.bandscope.dir/App/driver/st7565.c.obj
                0x08004952                ST7565_BlitLine
 .text.ST7565_BlitStatusLine
                0x0800495e        0xa CMakeFiles/N7SIX.bandscope.dir/App/driver/st7565.c.obj
                0x0800495e                ST7565_BlitStatusLine
 .text.ST7565_Cmd
                0x08004968       0x34 CMakeFiles/N7SIX.bandscope.dir/App/driver/st7565.c.obj
 .text.ST7565_FixInterfGlitch
                0x0800499c       0x24 CMakeFiles/N7SIX.bandscope.dir/App/driver/st7565.c.obj
                0x0800499c                ST7565_FixInterfGlitch
 .text.ST7565_ContrastAndInv
                0x080049c0       0x24 CMakeFiles/N7SIX.bandscope.dir/App/driver/st7565.c.obj
                0x080049c0                ST7565_ContrastAndInv
 .text.ST7565_Init
                0x080049e4      0x10c CMakeFiles/N7SIX.bandscope.dir/App/driver/st7565.c.obj
                0x080049e4                ST7565_Init
 .text.ST7565_ShutDown
                0x08004af0       0x24 CMakeFiles/N7SIX.bandscope.dir/App/driver/st7565.c.obj
                0x08004af0                ST7565_ShutDown
 .text.SYSTEM_DelayMs
                0x08004b14        0xe CMakeFiles/N7SIX.bandscope.dir/App/driver/system.c.obj
                0x08004b14                SYSTEM_DelayMs
 *fill*         0x08004b22        0x2 
 .text.SYSTICK_Init
                0x08004b24       0x40 CMakeFiles/N7SIX.bandscope.dir/App/driver/systick.c.obj
                0x08004b24                SYSTICK_Init
 .text.SYSTICK_DelayUs
                0x08004b64       0x34 CMakeFiles/N7SIX.bandscope.dir/App/driver/systick.c.obj
                0x08004b64                SYSTICK_DelayUs
 .text.ACTION_Power
                0x08004b98       0x34 CMakeFiles/N7SIX.bandscope.dir/App/app/action.c.obj
                0x08004b98                ACTION_Power
 .text.ACTION_SwitchDemodul
                0x08004bcc       0x24 CMakeFiles/N7SIX.bandscope.dir/App/app/action.c.obj
                0x08004bcc                ACTION_SwitchDemodul
 .text.ACTION_Ptt
                0x08004bf0       0x10 CMakeFiles/N7SIX.bandscope.dir/App/app/action.c.obj
                0x08004bf0                ACTION_Ptt
 .text.ACTION_BackLight
                0x08004c00       0x28 CMakeFiles/N7SIX.bandscope.dir/App/app/action.c.obj
                0x08004c00                ACTION_BackLight
 .text.ACTION_Mute
                0x08004c28       0x48 CMakeFiles/N7SIX.bandscope.dir/App/app/action.c.obj
                0x08004c28                ACTION_Mute
 .text.ACTION_Monitor
                0x08004c70       0x74 CMakeFiles/N7SIX.bandscope.dir/App/app/action.c.obj
                0x08004c70                ACTION_Monitor
 .text.ACTION_Wn
                0x08004ce4       0x5c CMakeFiles/N7SIX.bandscope.dir/App/app/action.c.obj
                0x08004ce4                ACTION_Wn
 .text.ACTION_1750
                0x08004d40       0x48 CMakeFiles/N7SIX.bandscope.dir/App/app/action.c.obj
 .text.ACTION_Scan
                0x08004d88       0xd0 CMakeFiles/N7SIX.bandscope.dir/App/app/action.c.obj
                0x08004d88                ACTION_Scan
 .text.ACTION_ScanRestart
                0x08004e58        0xa CMakeFiles/N7SIX.bandscope.dir/App/app/action.c.obj
 *fill*         0x08004e62        0x2 
 .text.ACTION_Handle
                0x08004e64       0xd0 CMakeFiles/N7SIX.bandscope.dir/App/app/action.c.obj
                0x08004e64                ACTION_Handle
 .text.ACTION_Update
                0x08004f34       0x20 CMakeFiles/N7SIX.bandscope.dir/App/app/action.c.obj
                0x08004f34                ACTION_Update
 .text.ACTION_RxMode
                0x08004f54       0x34 CMakeFiles/N7SIX.bandscope.dir/App/app/action.c.obj
                0x08004f54                ACTION_RxMode
 .text.ACTION_MainOnly
                0x08004f88       0x40 CMakeFiles/N7SIX.bandscope.dir/App/app/action.c.obj
                0x08004f88                ACTION_MainOnly
 .text.ACTION_BackLightOnDemand
                0x08004fc8       0x48 CMakeFiles/N7SIX.bandscope.dir/App/app/action.c.obj
                0x08004fc8                ACTION_BackLightOnDemand
 .text.DualwatchAlternate
                0x08005010       0x58 CMakeFiles/N7SIX.bandscope.dir/App/app/app.c.obj
 .text.HandleReceive
                0x08005068      0x1f0 CMakeFiles/N7SIX.bandscope.dir/App/app/app.c.obj
 .text.CheckForIncoming
                0x08005258       0x9c CMakeFiles/N7SIX.bandscope.dir/App/app/app.c.obj
 .text.HandlePowerSave
                0x080052f4       0x14 CMakeFiles/N7SIX.bandscope.dir/App/app/app.c.obj
 .text.APP_StartListening
                0x08005308      0x104 CMakeFiles/N7SIX.bandscope.dir/App/app/app.c.obj
                0x08005308                APP_StartListening
 .text.HandleIncoming
                0x0800540c       0xa4 CMakeFiles/N7SIX.bandscope.dir/App/app/app.c.obj
 .text.APP_SetFreqByStepAndLimits
                0x080054b0       0x2c CMakeFiles/N7SIX.bandscope.dir/App/app/app.c.obj
                0x080054b0                APP_SetFreqByStepAndLimits
 .text.APP_SetFrequencyByStep
                0x080054dc       0x1c CMakeFiles/N7SIX.bandscope.dir/App/app/app.c.obj
                0x080054dc                APP_SetFrequencyByStep
 .text.APP_EndTransmission
                0x080054f8       0x28 CMakeFiles/N7SIX.bandscope.dir/App/app/app.c.obj
                0x080054f8                APP_EndTransmission
 .text.cancelUserInputModes
                0x08005520       0x7c CMakeFiles/N7SIX.bandscope.dir/App/app/app.c.obj
                0x08005520                cancelUserInputModes
 .text.ProcessKey
                0x0800559c      0x624 CMakeFiles/N7SIX.bandscope.dir/App/app/app.c.obj
 .text.APP_Update
                0x08005bc0      0x374 CMakeFiles/N7SIX.bandscope.dir/App/app/app.c.obj
                0x08005bc0                APP_Update
 .text.APP_TimeSlice10ms
                0x08005f34      0x528 CMakeFiles/N7SIX.bandscope.dir/App/app/app.c.obj
                0x08005f34                APP_TimeSlice10ms
 .text.APP_TimeSlice500ms
                0x0800645c      0x404 CMakeFiles/N7SIX.bandscope.dir/App/app/app.c.obj
                0x0800645c                APP_TimeSlice500ms
 .text.NextMemChannel
                0x08006860      0x10c CMakeFiles/N7SIX.bandscope.dir/App/app/chFrScanner.c.obj
 .text.NextFreqChannel
                0x0800696c       0x60 CMakeFiles/N7SIX.bandscope.dir/App/app/chFrScanner.c.obj
 .text.CHFRSCANNER_Start
                0x080069cc       0xb4 CMakeFiles/N7SIX.bandscope.dir/App/app/chFrScanner.c.obj
                0x080069cc                CHFRSCANNER_Start
 .text.CHFRSCANNER_ContinueScanning
                0x08006a80       0x6c CMakeFiles/N7SIX.bandscope.dir/App/app/chFrScanner.c.obj
                0x08006a80                CHFRSCANNER_ContinueScanning
 .text.CHFRSCANNER_Found
                0x08006aec       0x78 CMakeFiles/N7SIX.bandscope.dir/App/app/chFrScanner.c.obj
                0x08006aec                CHFRSCANNER_Found
 .text.CHFRSCANNER_Stop
                0x08006b64       0xb4 CMakeFiles/N7SIX.bandscope.dir/App/app/chFrScanner.c.obj
                0x08006b64                CHFRSCANNER_Stop
 .text.COMMON_KeypadLockToggle
                0x08006c18       0x30 CMakeFiles/N7SIX.bandscope.dir/App/app/common.c.obj
                0x08006c18                COMMON_KeypadLockToggle
 .text.COMMON_SwitchVFOs
                0x08006c48       0x54 CMakeFiles/N7SIX.bandscope.dir/App/app/common.c.obj
                0x08006c48                COMMON_SwitchVFOs
 .text.COMMON_SwitchVFOMode
                0x08006c9c       0x50 CMakeFiles/N7SIX.bandscope.dir/App/app/common.c.obj
                0x08006c9c                COMMON_SwitchVFOMode
 .text.DTMF_SendEndOfTransmission
                0x08006cec       0xa4 CMakeFiles/N7SIX.bandscope.dir/App/app/dtmf.c.obj
                0x08006cec                DTMF_SendEndOfTransmission
 .text.DTMF_ValidateCodes
                0x08006d90       0x50 CMakeFiles/N7SIX.bandscope.dir/App/app/dtmf.c.obj
                0x08006d90                DTMF_ValidateCodes
 .text.DTMF_GetCharacter
                0x08006de0       0x20 CMakeFiles/N7SIX.bandscope.dir/App/app/dtmf.c.obj
                0x08006de0                DTMF_GetCharacter
 .text.DTMF_clear_input_box
                0x08006e00       0x24 CMakeFiles/N7SIX.bandscope.dir/App/app/dtmf.c.obj
                0x08006e00                DTMF_clear_input_box
 .text.DTMF_Append
                0x08006e24       0x34 CMakeFiles/N7SIX.bandscope.dir/App/app/dtmf.c.obj
                0x08006e24                DTMF_Append
 .text.DTMF_Reply
                0x08006e58       0xb8 CMakeFiles/N7SIX.bandscope.dir/App/app/dtmf.c.obj
                0x08006e58                DTMF_Reply
 .text.GENERIC_Key_F
                0x08006f10       0x70 CMakeFiles/N7SIX.bandscope.dir/App/app/generic.c.obj
                0x08006f10                GENERIC_Key_F
 .text.GENERIC_Key_PTT
                0x08006f80      0x15c CMakeFiles/N7SIX.bandscope.dir/App/app/generic.c.obj
                0x08006f80                GENERIC_Key_PTT
 .text.processFKeyFunction
                0x080070dc      0x35c CMakeFiles/N7SIX.bandscope.dir/App/app/main.c.obj
 .text.MAIN_Key_UP_DOWN.part.0
                0x08007438       0xd8 CMakeFiles/N7SIX.bandscope.dir/App/app/main.c.obj
 .text.channelMove
                0x08007510       0x50 CMakeFiles/N7SIX.bandscope.dir/App/app/main.c.obj
                0x08007510                channelMove
 .text.channelMoveSwitch
                0x08007560       0x68 CMakeFiles/N7SIX.bandscope.dir/App/app/main.c.obj
                0x08007560                channelMoveSwitch
 .text.MAIN_ProcessKeys
                0x080075c8      0x550 CMakeFiles/N7SIX.bandscope.dir/App/app/main.c.obj
                0x080075c8                MAIN_ProcessKeys
 .text.MENU_StartCssScan
                0x08007b18       0x24 CMakeFiles/N7SIX.bandscope.dir/App/app/menu.c.obj
                0x08007b18                MENU_StartCssScan
 .text.MENU_StopCssScan
                0x08007b3c       0x20 CMakeFiles/N7SIX.bandscope.dir/App/app/menu.c.obj
                0x08007b3c                MENU_StopCssScan
 .text.MENU_GetLimits
                0x08007b5c       0xe4 CMakeFiles/N7SIX.bandscope.dir/App/app/menu.c.obj
                0x08007b5c                MENU_GetLimits
 .text.MENU_Key_UP_DOWN
                0x08007c40      0x1c8 CMakeFiles/N7SIX.bandscope.dir/App/app/menu.c.obj
 .text.MENU_AcceptSetting
                0x08007e08      0x58c CMakeFiles/N7SIX.bandscope.dir/App/app/menu.c.obj
                0x08007e08                MENU_AcceptSetting
 .text.MENU_ShowCurrentSetting
                0x08008394      0x3ec CMakeFiles/N7SIX.bandscope.dir/App/app/menu.c.obj
                0x08008394                MENU_ShowCurrentSetting
 .text.MENU_CssScanFound
                0x08008780       0x3c CMakeFiles/N7SIX.bandscope.dir/App/app/menu.c.obj
                0x08008780                MENU_CssScanFound
 .text.MENU_ProcessKeys
                0x080087bc      0x550 CMakeFiles/N7SIX.bandscope.dir/App/app/menu.c.obj
                0x080087bc                MENU_ProcessKeys
 .text.SCANNER_Key_UP_DOWN
                0x08008d0c       0x68 CMakeFiles/N7SIX.bandscope.dir/App/app/scanner.c.obj
 .text.SCANNER_Start
                0x08008d74      0x100 CMakeFiles/N7SIX.bandscope.dir/App/app/scanner.c.obj
                0x08008d74                SCANNER_Start
 .text.SCANNER_IsScanning
                0x08008e74       0x20 CMakeFiles/N7SIX.bandscope.dir/App/app/scanner.c.obj
                0x08008e74                SCANNER_IsScanning
 .text.SCANNER_Stop
                0x08008e94       0x50 CMakeFiles/N7SIX.bandscope.dir/App/app/scanner.c.obj
                0x08008e94                SCANNER_Stop
 .text.SCANNER_ProcessKeys
                0x08008ee4      0x2bc CMakeFiles/N7SIX.bandscope.dir/App/app/scanner.c.obj
                0x08008ee4                SCANNER_ProcessKeys
 .text.SCANNER_TimeSlice10ms
                0x080091a0      0x184 CMakeFiles/N7SIX.bandscope.dir/App/app/scanner.c.obj
                0x080091a0                SCANNER_TimeSlice10ms
 .text.SCANNER_TimeSlice500ms
                0x08009324       0x48 CMakeFiles/N7SIX.bandscope.dir/App/app/scanner.c.obj
                0x08009324                SCANNER_TimeSlice500ms
 .text.AUDIO_PlayBeep
                0x0800936c      0x148 CMakeFiles/N7SIX.bandscope.dir/App/audio.c.obj
                0x0800936c                AUDIO_PlayBeep
 .text.BOARD_GPIO_Init
                0x080094b4       0xbc CMakeFiles/N7SIX.bandscope.dir/App/board.c.obj
                0x080094b4                BOARD_GPIO_Init
 .text.BOARD_ADC_Init
                0x08009570      0x1bc CMakeFiles/N7SIX.bandscope.dir/App/board.c.obj
                0x08009570                BOARD_ADC_Init
 .text.BOARD_ADC_GetBatteryInfo
                0x0800972c       0x2c CMakeFiles/N7SIX.bandscope.dir/App/board.c.obj
                0x0800972c                BOARD_ADC_GetBatteryInfo
 .text.BOARD_Init
                0x08009758       0x1c CMakeFiles/N7SIX.bandscope.dir/App/board.c.obj
                0x08009758                BOARD_Init
 .text.DCS_GetGolayCodeWord
                0x08009774       0x4c CMakeFiles/N7SIX.bandscope.dir/App/dcs.c.obj
                0x08009774                DCS_GetGolayCodeWord
 .text.DCS_GetCdcssCode
                0x080097c0       0x5c CMakeFiles/N7SIX.bandscope.dir/App/dcs.c.obj
                0x080097c0                DCS_GetCdcssCode
 .text.DCS_GetCtcssCode
                0x0800981c       0x2c CMakeFiles/N7SIX.bandscope.dir/App/dcs.c.obj
                0x0800981c                DCS_GetCtcssCode
 .text.FREQUENCY_GetStepIdxFromSortedIdx
                0x08009848        0xc CMakeFiles/N7SIX.bandscope.dir/App/frequencies.c.obj
                0x08009848                FREQUENCY_GetStepIdxFromSortedIdx
 .text.FREQUENCY_GetSortedIdxFromStepIdx
                0x08009854       0x1c CMakeFiles/N7SIX.bandscope.dir/App/frequencies.c.obj
                0x08009854                FREQUENCY_GetSortedIdxFromStepIdx
 .text.FREQUENCY_GetBand
                0x08009870       0x1c CMakeFiles/N7SIX.bandscope.dir/App/frequencies.c.obj
                0x08009870                FREQUENCY_GetBand
 .text.FREQUENCY_CalculateOutputPower
                0x0800988c       0x36 CMakeFiles/N7SIX.bandscope.dir/App/frequencies.c.obj
                0x0800988c                FREQUENCY_CalculateOutputPower
 *fill*         0x080098c2        0x2 
 .text.FREQUENCY_RoundToStep
                0x080098c4       0x64 CMakeFiles/N7SIX.bandscope.dir/App/frequencies.c.obj
                0x080098c4                FREQUENCY_RoundToStep
 .text.TX_freq_check
                0x08009928      0x1a4 CMakeFiles/N7SIX.bandscope.dir/App/frequencies.c.obj
                0x08009928                TX_freq_check
 .text.RX_freq_check
                0x08009acc       0x34 CMakeFiles/N7SIX.bandscope.dir/App/frequencies.c.obj
                0x08009acc                RX_freq_check
 .text.FUNCTION_IsRx
                0x08009b00       0x18 CMakeFiles/N7SIX.bandscope.dir/App/functions.c.obj
                0x08009b00                FUNCTION_IsRx
 .text.FUNCTION_Init
                0x08009b18       0x84 CMakeFiles/N7SIX.bandscope.dir/App/functions.c.obj
                0x08009b18                FUNCTION_Init
 .text.FUNCTION_Foreground
                0x08009b9c       0x28 CMakeFiles/N7SIX.bandscope.dir/App/functions.c.obj
                0x08009b9c                FUNCTION_Foreground
 .text.FUNCTION_PowerSave
                0x08009bc4       0x80 CMakeFiles/N7SIX.bandscope.dir/App/functions.c.obj
                0x08009bc4                FUNCTION_PowerSave
 .text.FUNCTION_Transmit
                0x08009c44       0xc0 CMakeFiles/N7SIX.bandscope.dir/App/functions.c.obj
                0x08009c44                FUNCTION_Transmit
 .text.FUNCTION_Select
                0x08009d04       0xc4 CMakeFiles/N7SIX.bandscope.dir/App/functions.c.obj
                0x08009d04                FUNCTION_Select
 .text.BATTERY_VoltsToPercent
                0x08009dc8       0x7c CMakeFiles/N7SIX.bandscope.dir/App/helper/battery.c.obj
                0x08009dc8                BATTERY_VoltsToPercent
 .text.BATTERY_GetReadings
                0x08009e44      0x154 CMakeFiles/N7SIX.bandscope.dir/App/helper/battery.c.obj
                0x08009e44                BATTERY_GetReadings
 .text.BATTERY_TimeSlice500ms
                0x08009f98       0xb4 CMakeFiles/N7SIX.bandscope.dir/App/helper/battery.c.obj
                0x08009f98                BATTERY_TimeSlice500ms
 .text.BOOT_GetMode
                0x0800a04c       0x64 CMakeFiles/N7SIX.bandscope.dir/App/helper/boot.c.obj
                0x0800a04c                BOOT_GetMode
 .text.BOOT_ProcessMode
                0x0800a0b0       0x90 CMakeFiles/N7SIX.bandscope.dir/App/helper/boot.c.obj
                0x0800a0b0                BOOT_ProcessMode
 .text.FUNCTION_NOP
                0x0800a140        0x2 CMakeFiles/N7SIX.bandscope.dir/App/misc.c.obj
                0x0800a140                FUNCTION_NOP
 *fill*         0x0800a142        0x2 
 .text.NUMBER_AddWithWraparound
                0x0800a144       0x20 CMakeFiles/N7SIX.bandscope.dir/App/misc.c.obj
                0x0800a144                NUMBER_AddWithWraparound
 .text.StrToUL  0x0800a164       0x2a CMakeFiles/N7SIX.bandscope.dir/App/misc.c.obj
                0x0800a164                StrToUL
 *fill*         0x0800a18e        0x2 
 .text.RADIO_SelectCurrentVfo
                0x0800a190       0x2c CMakeFiles/N7SIX.bandscope.dir/App/radio.c.obj
 .text.RADIO_CheckValidChannel
                0x0800a1bc       0x84 CMakeFiles/N7SIX.bandscope.dir/App/radio.c.obj
                0x0800a1bc                RADIO_CheckValidChannel
 .text.RADIO_FindNextChannel
                0x0800a240       0x3c CMakeFiles/N7SIX.bandscope.dir/App/radio.c.obj
                0x0800a240                RADIO_FindNextChannel
 .text.RADIO_ConfigureSquelchAndOutputPower
                0x0800a27c      0x1d4 CMakeFiles/N7SIX.bandscope.dir/App/radio.c.obj
                0x0800a27c                RADIO_ConfigureSquelchAndOutputPower
 .text.RADIO_InitInfo
                0x0800a450       0x6c CMakeFiles/N7SIX.bandscope.dir/App/radio.c.obj
                0x0800a450                RADIO_InitInfo
 .text.RADIO_ApplyOffset
                0x0800a4bc       0x1c CMakeFiles/N7SIX.bandscope.dir/App/radio.c.obj
                0x0800a4bc                RADIO_ApplyOffset
 .text.RADIO_ConfigureChannel
                0x0800a4d8      0x38c CMakeFiles/N7SIX.bandscope.dir/App/radio.c.obj
                0x0800a4d8                RADIO_ConfigureChannel
 .text.RADIO_SelectVfos
                0x0800a864       0x44 CMakeFiles/N7SIX.bandscope.dir/App/radio.c.obj
                0x0800a864                RADIO_SelectVfos
 .text.RADIO_SetTxParameters
                0x0800a8a8       0xe4 CMakeFiles/N7SIX.bandscope.dir/App/radio.c.obj
                0x0800a8a8                RADIO_SetTxParameters
 .text.RADIO_SetupAGC
                0x0800a98c       0x38 CMakeFiles/N7SIX.bandscope.dir/App/radio.c.obj
                0x0800a98c                RADIO_SetupAGC
 .text.RADIO_SetupRegisters
                0x0800a9c4      0x1cc CMakeFiles/N7SIX.bandscope.dir/App/radio.c.obj
                0x0800a9c4                RADIO_SetupRegisters
 .text.RADIO_SetModulation
                0x0800ab90      0x110 CMakeFiles/N7SIX.bandscope.dir/App/radio.c.obj
                0x0800ab90                RADIO_SetModulation
 .text.RADIO_SetVfoState
                0x0800aca0       0x4c CMakeFiles/N7SIX.bandscope.dir/App/radio.c.obj
                0x0800aca0                RADIO_SetVfoState
 .text.RADIO_PrepareTX
                0x0800acec      0x140 CMakeFiles/N7SIX.bandscope.dir/App/radio.c.obj
                0x0800acec                RADIO_PrepareTX
 .text.RADIO_SendCssTail
                0x0800ae2c       0x28 CMakeFiles/N7SIX.bandscope.dir/App/radio.c.obj
                0x0800ae2c                RADIO_SendCssTail
 .text.RADIO_SendEndOfTransmission
                0x0800ae54       0x24 CMakeFiles/N7SIX.bandscope.dir/App/radio.c.obj
                0x0800ae54                RADIO_SendEndOfTransmission
 .text.SysTick_Handler
                0x0800ae78      0x1d8 CMakeFiles/N7SIX.bandscope.dir/App/scheduler.c.obj
                0x0800ae78                SysTick_Handler
 .text.SETTINGS_InitEEPROM
                0x0800b050      0x58c CMakeFiles/N7SIX.bandscope.dir/App/settings.c.obj
                0x0800b050                SETTINGS_InitEEPROM
 .text.SETTINGS_LoadCalibration
                0x0800b5dc      0x138 CMakeFiles/N7SIX.bandscope.dir/App/settings.c.obj
                0x0800b5dc                SETTINGS_LoadCalibration
 .text.SETTINGS_FetchChannelFrequency
                0x0800b714       0x10 CMakeFiles/N7SIX.bandscope.dir/App/settings.c.obj
                0x0800b714                SETTINGS_FetchChannelFrequency
 .text.SETTINGS_FetchChannelName
                0x0800b724       0x52 CMakeFiles/N7SIX.bandscope.dir/App/settings.c.obj
                0x0800b724                SETTINGS_FetchChannelName
 *fill*         0x0800b776        0x2 
 .text.SETTINGS_FactoryReset
                0x0800b778       0xac CMakeFiles/N7SIX.bandscope.dir/App/settings.c.obj
                0x0800b778                SETTINGS_FactoryReset
 .text.SETTINGS_SaveVfoIndices
                0x0800b824       0x3c CMakeFiles/N7SIX.bandscope.dir/App/settings.c.obj
                0x0800b824                SETTINGS_SaveVfoIndices
 .text.SETTINGS_SaveSettings
                0x0800b860      0x340 CMakeFiles/N7SIX.bandscope.dir/App/settings.c.obj
                0x0800b860                SETTINGS_SaveSettings
 .text.SETTINGS_SaveBatteryCalibration
                0x0800bba0       0x14 CMakeFiles/N7SIX.bandscope.dir/App/settings.c.obj
                0x0800bba0                SETTINGS_SaveBatteryCalibration
 .text.SETTINGS_SaveChannelName
                0x0800bbb4       0x44 CMakeFiles/N7SIX.bandscope.dir/App/settings.c.obj
                0x0800bbb4                SETTINGS_SaveChannelName
 .text.SETTINGS_UpdateChannel
                0x0800bbf8       0xc4 CMakeFiles/N7SIX.bandscope.dir/App/settings.c.obj
                0x0800bbf8                SETTINGS_UpdateChannel
 .text.SETTINGS_SaveChannel
                0x0800bcbc       0xd0 CMakeFiles/N7SIX.bandscope.dir/App/settings.c.obj
                0x0800bcbc                SETTINGS_SaveChannel
 .text.SETTINGS_WriteBuildOptions
                0x0800bd8c       0x28 CMakeFiles/N7SIX.bandscope.dir/App/settings.c.obj
                0x0800bd8c                SETTINGS_WriteBuildOptions
 .text.SETTINGS_WriteCurrentState
                0x0800bdb4       0x44 CMakeFiles/N7SIX.bandscope.dir/App/settings.c.obj
                0x0800bdb4                SETTINGS_WriteCurrentState
 .text.SETTINGS_ResetTxLock
                0x0800bdf8       0x46 CMakeFiles/N7SIX.bandscope.dir/App/settings.c.obj
                0x0800bdf8                SETTINGS_ResetTxLock
 *fill*         0x0800be3e        0x2 
 .text.UI_DrawBattery
                0x0800be40       0x50 CMakeFiles/N7SIX.bandscope.dir/App/ui/battery.c.obj
                0x0800be40                UI_DrawBattery
 .text.UI_DisplayBattery
                0x0800be90       0x1c CMakeFiles/N7SIX.bandscope.dir/App/ui/battery.c.obj
                0x0800be90                UI_DisplayBattery
 .text.UI_GenerateChannelStringEx
                0x0800beac       0x60 CMakeFiles/N7SIX.bandscope.dir/App/ui/helper.c.obj
                0x0800beac                UI_GenerateChannelStringEx
 .text.UI_PrintStringBuffer
                0x0800bf0c       0x3e CMakeFiles/N7SIX.bandscope.dir/App/ui/helper.c.obj
                0x0800bf0c                UI_PrintStringBuffer
 *fill*         0x0800bf4a        0x2 
 .text.UI_PrintString
                0x0800bf4c       0x88 CMakeFiles/N7SIX.bandscope.dir/App/ui/helper.c.obj
                0x0800bf4c                UI_PrintString
 .text.UI_PrintStringSmall
                0x0800bfd4       0x40 CMakeFiles/N7SIX.bandscope.dir/App/ui/helper.c.obj
                0x0800bfd4                UI_PrintStringSmall
 .text.UI_PrintStringSmallNormal
                0x0800c014       0x14 CMakeFiles/N7SIX.bandscope.dir/App/ui/helper.c.obj
                0x0800c014                UI_PrintStringSmallNormal
 .text.UI_PrintStringSmallBold
                0x0800c028       0x14 CMakeFiles/N7SIX.bandscope.dir/App/ui/helper.c.obj
                0x0800c028                UI_PrintStringSmallBold
 .text.UI_PrintStringSmallBufferNormal
                0x0800c03c       0x10 CMakeFiles/N7SIX.bandscope.dir/App/ui/helper.c.obj
                0x0800c03c                UI_PrintStringSmallBufferNormal
 .text.UI_DisplayFrequency
                0x0800c04c       0x9c CMakeFiles/N7SIX.bandscope.dir/App/ui/helper.c.obj
                0x0800c04c                UI_DisplayFrequency
 .text.UI_DrawPixelBuffer
                0x0800c0e8       0x22 CMakeFiles/N7SIX.bandscope.dir/App/ui/helper.c.obj
                0x0800c0e8                UI_DrawPixelBuffer
 *fill*         0x0800c10a        0x2 
 .text.PutPixel
                0x0800c10c       0x18 CMakeFiles/N7SIX.bandscope.dir/App/ui/helper.c.obj
                0x0800c10c                PutPixel
 .text.PutPixelStatus
                0x0800c124       0x18 CMakeFiles/N7SIX.bandscope.dir/App/ui/helper.c.obj
                0x0800c124                PutPixelStatus
 .text.GUI_DisplaySmallest
                0x0800c13c       0x7c CMakeFiles/N7SIX.bandscope.dir/App/ui/helper.c.obj
                0x0800c13c                GUI_DisplaySmallest
 .text.UI_DrawLineBuffer
                0x0800c1b8       0x94 CMakeFiles/N7SIX.bandscope.dir/App/ui/helper.c.obj
                0x0800c1b8                UI_DrawLineBuffer
 .text.UI_DisplayClear
                0x0800c24c       0x14 CMakeFiles/N7SIX.bandscope.dir/App/ui/helper.c.obj
                0x0800c24c                UI_DisplayClear
 .text.UI_DisplayPopup
                0x0800c260       0x2c CMakeFiles/N7SIX.bandscope.dir/App/ui/helper.c.obj
                0x0800c260                UI_DisplayPopup
 .text.INPUTBOX_Append
                0x0800c28c       0x30 CMakeFiles/N7SIX.bandscope.dir/App/ui/inputbox.c.obj
                0x0800c28c                INPUTBOX_Append
 .text.INPUTBOX_GetAscii
                0x0800c2bc       0x28 CMakeFiles/N7SIX.bandscope.dir/App/ui/inputbox.c.obj
                0x0800c2bc                INPUTBOX_GetAscii
 .text.DrawLevelBar
                0x0800c2e4       0x88 CMakeFiles/N7SIX.bandscope.dir/App/ui/main.c.obj
 .text.log2_approx
                0x0800c36c       0x10 CMakeFiles/N7SIX.bandscope.dir/App/ui/main.c.obj
                0x0800c36c                log2_approx
 .text.UI_DisplayAudioBar
                0x0800c37c       0xdc CMakeFiles/N7SIX.bandscope.dir/App/ui/main.c.obj
                0x0800c37c                UI_DisplayAudioBar
 .text.DisplayRSSIBar
                0x0800c458      0x1e0 CMakeFiles/N7SIX.bandscope.dir/App/ui/main.c.obj
                0x0800c458                DisplayRSSIBar
 .text.UI_MAIN_TimeSlice500ms
                0x0800c638       0xa4 CMakeFiles/N7SIX.bandscope.dir/App/ui/main.c.obj
                0x0800c638                UI_MAIN_TimeSlice500ms
 .text.UI_DisplayMain
                0x0800c6dc      0xca4 CMakeFiles/N7SIX.bandscope.dir/App/ui/main.c.obj
                0x0800c6dc                UI_DisplayMain
 .text.UI_MENU_GetCurrentMenuId
                0x0800d380       0x1c CMakeFiles/N7SIX.bandscope.dir/App/ui/menu.c.obj
                0x0800d380                UI_MENU_GetCurrentMenuId
 .text.UI_MENU_GetMenuIdx
                0x0800d39c       0x20 CMakeFiles/N7SIX.bandscope.dir/App/ui/menu.c.obj
                0x0800d39c                UI_MENU_GetMenuIdx
 .text.UI_DisplayMenu
                0x0800d3bc      0xae8 CMakeFiles/N7SIX.bandscope.dir/App/ui/menu.c.obj
                0x0800d3bc                UI_DisplayMenu
 .text.UI_DisplayScanner
                0x0800dea4      0x194 CMakeFiles/N7SIX.bandscope.dir/App/ui/scanner.c.obj
                0x0800dea4                UI_DisplayScanner
 .text.convertTime.constprop.0
                0x0800e038       0x64 CMakeFiles/N7SIX.bandscope.dir/App/ui/status.c.obj
 .text.UI_DisplayStatus
                0x0800e09c      0x288 CMakeFiles/N7SIX.bandscope.dir/App/ui/status.c.obj
                0x0800e09c                UI_DisplayStatus
 .text.GUI_DisplayScreen
                0x0800e324       0x1c CMakeFiles/N7SIX.bandscope.dir/App/ui/ui.c.obj
                0x0800e324                GUI_DisplayScreen
 .text.GUI_SelectNextDisplay
                0x0800e340       0x74 CMakeFiles/N7SIX.bandscope.dir/App/ui/ui.c.obj
                0x0800e340                GUI_SelectNextDisplay
 .text.UI_DisplayReleaseKeys
                0x0800e3b4       0x48 CMakeFiles/N7SIX.bandscope.dir/App/ui/welcome.c.obj
                0x0800e3b4                UI_DisplayReleaseKeys
 .text.UI_DisplayWelcome
                0x0800e3fc      0x1b4 CMakeFiles/N7SIX.bandscope.dir/App/ui/welcome.c.obj
                0x0800e3fc                UI_DisplayWelcome
 .text.Main     0x0800e5b0      0x310 CMakeFiles/N7SIX.bandscope.dir/App/main.c.obj
                0x0800e5b0                Main
 .text._out_buffer
                0x0800e8c0        0x8 CMakeFiles/N7SIX.bandscope.dir/App/external/printf/printf.c.obj
 .text._out_null
                0x0800e8c8        0x2 CMakeFiles/N7SIX.bandscope.dir/App/external/printf/printf.c.obj
 .text._ntoa_long
                0x0800e8ca      0x1c2 CMakeFiles/N7SIX.bandscope.dir/App/external/printf/printf.c.obj
 .text._vsnprintf
                0x0800ea8c      0x42c CMakeFiles/N7SIX.bandscope.dir/App/external/printf/printf.c.obj
 .text.sprintf_
                0x0800eeb8       0x28 CMakeFiles/N7SIX.bandscope.dir/App/external/printf/printf.c.obj
                0x0800eeb8                sprintf_
 .text.CRC_Init
                0x0800eee0        0x2 CMakeFiles/N7SIX.bandscope.dir/App/driver/crc.c.obj
                0x0800eee0                CRC_Init
 *fill*         0x0800eee2        0x2 
 .text.CRC_Calculate
                0x0800eee4       0x3c CMakeFiles/N7SIX.bandscope.dir/App/driver/crc.c.obj
                0x0800eee4                CRC_Calculate
 .text.AddrTranslate
                0x0800ef20       0x70 CMakeFiles/N7SIX.bandscope.dir/App/driver/eeprom_compat.c.obj
 .text.EEPROM_ReadBuffer
                0x0800ef90       0x52 CMakeFiles/N7SIX.bandscope.dir/App/driver/eeprom_compat.c.obj
                0x0800ef90                EEPROM_ReadBuffer
 .text.EEPROM_WriteBuffer
                0x0800efe2       0x4a CMakeFiles/N7SIX.bandscope.dir/App/driver/eeprom_compat.c.obj
                0x0800efe2                EEPROM_WriteBuffer
 .text.UART_Init
                0x0800f02c      0x130 CMakeFiles/N7SIX.bandscope.dir/App/driver/uart.c.obj
                0x0800f02c                UART_Init
 .text.UART_Send
                0x0800f15c       0x20 CMakeFiles/N7SIX.bandscope.dir/App/driver/uart.c.obj
                0x0800f15c                UART_Send
 .text.UART_IsCableConnected
                0x0800f17c       0x24 CMakeFiles/N7SIX.bandscope.dir/App/driver/uart.c.obj
                0x0800f17c                UART_IsCableConnected
 .text.SendReply
                0x0800f1a0       0xd0 CMakeFiles/N7SIX.bandscope.dir/App/app/uart.c.obj
 .text.UART_IsCommandAvailable
                0x0800f270      0x184 CMakeFiles/N7SIX.bandscope.dir/App/app/uart.c.obj
                0x0800f270                UART_IsCommandAvailable
 .text.UART_HandleCommand
                0x0800f3f4      0x1d8 CMakeFiles/N7SIX.bandscope.dir/App/app/uart.c.obj
                0x0800f3f4                UART_HandleCommand
 .text.VCP_Init
                0x0800f5cc       0x74 CMakeFiles/N7SIX.bandscope.dir/App/driver/vcp.c.obj
                0x0800f5cc                VCP_Init
 .text.usbd_cdc_acm_bulk_out
                0x0800f640       0x68 CMakeFiles/N7SIX.bandscope.dir/App/usb/usbd_cdc_if.c.obj
                0x0800f640                usbd_cdc_acm_bulk_out
 .text.usbd_cdc_acm_bulk_in
                0x0800f6a8       0x28 CMakeFiles/N7SIX.bandscope.dir/App/usb/usbd_cdc_if.c.obj
                0x0800f6a8                usbd_cdc_acm_bulk_in
 .text.usbd_configure_done_callback
                0x0800f6d0       0x14 CMakeFiles/N7SIX.bandscope.dir/App/usb/usbd_cdc_if.c.obj
                0x0800f6d0                usbd_configure_done_callback
 .text.cdc_acm_init
                0x0800f6e4       0x60 CMakeFiles/N7SIX.bandscope.dir/App/usb/usbd_cdc_if.c.obj
                0x0800f6e4                cdc_acm_init
 .text.usbd_cdc_acm_set_dtr
                0x0800f744       0x14 CMakeFiles/N7SIX.bandscope.dir/App/usb/usbd_cdc_if.c.obj
                0x0800f744                usbd_cdc_acm_set_dtr
 .text.cdc_acm_data_send_with_dtr_async
                0x0800f758       0x12 CMakeFiles/N7SIX.bandscope.dir/App/usb/usbd_cdc_if.c.obj
                0x0800f758                cdc_acm_data_send_with_dtr_async
 *fill*         0x0800f76a        0x2 
 .text.AIRCOPY_clear
                0x0800f76c       0x18 CMakeFiles/N7SIX.bandscope.dir/App/app/aircopy.c.obj
 .text.AIRCOPY_SendMessage
                0x0800f784       0xb4 CMakeFiles/N7SIX.bandscope.dir/App/app/aircopy.c.obj
                0x0800f784                AIRCOPY_SendMessage
 .text.AIRCOPY_StorePacket
                0x0800f838       0xe0 CMakeFiles/N7SIX.bandscope.dir/App/app/aircopy.c.obj
                0x0800f838                AIRCOPY_StorePacket
 .text.AIRCOPY_ProcessKeys
                0x0800f918      0x158 CMakeFiles/N7SIX.bandscope.dir/App/app/aircopy.c.obj
                0x0800f918                AIRCOPY_ProcessKeys
 .text.UI_DisplayAircopy
                0x0800fa70      0x1f8 CMakeFiles/N7SIX.bandscope.dir/App/ui/aircopy.c.obj
                0x0800fa70                UI_DisplayAircopy
 .text.ACTION_FlashLight
                0x0800fc68       0x24 CMakeFiles/N7SIX.bandscope.dir/App/app/flashlight.c.obj
                0x0800fc68                ACTION_FlashLight
 .text.Rssi2DBm
                0x0800fc8c       0x1c CMakeFiles/N7SIX.bandscope.dir/App/app/spectrum.c.obj
 .text.ResetScanStats
                0x0800fca8       0x14 CMakeFiles/N7SIX.bandscope.dir/App/app/spectrum.c.obj
 .text.AutoTriggerLevel
                0x0800fcbc       0x88 CMakeFiles/N7SIX.bandscope.dir/App/app/spectrum.c.obj
 .text.UpdatePeakInfo
                0x0800fd44       0x40 CMakeFiles/N7SIX.bandscope.dir/App/app/spectrum.c.obj
 .text.ToggleListeningBW
                0x0800fd84       0x20 CMakeFiles/N7SIX.bandscope.dir/App/app/spectrum.c.obj
 .text.ResetFreqInput
                0x0800fda4       0x1c CMakeFiles/N7SIX.bandscope.dir/App/app/spectrum.c.obj
 .text.UpdateWaterfall
                0x0800fdc0       0xac CMakeFiles/N7SIX.bandscope.dir/App/app/spectrum.c.obj
 .text.GetRegMenuValue
                0x0800fe6c       0x20 CMakeFiles/N7SIX.bandscope.dir/App/app/spectrum.c.obj
 .text.SetF     0x0800fe8c       0x30 CMakeFiles/N7SIX.bandscope.dir/App/app/spectrum.c.obj
 .text.TuneToPeak
                0x0800febc       0x20 CMakeFiles/N7SIX.bandscope.dir/App/app/spectrum.c.obj
 .text.ToggleBacklight
                0x0800fedc       0x20 CMakeFiles/N7SIX.bandscope.dir/App/app/spectrum.c.obj
 .text.ResetBlacklist
                0x0800fefc       0x3c CMakeFiles/N7SIX.bandscope.dir/App/app/spectrum.c.obj
 .text.DrawF    0x0800ff38       0xfc CMakeFiles/N7SIX.bandscope.dir/App/app/spectrum.c.obj
 .text.UpdateFreqInput.part.0
                0x08010034       0xf0 CMakeFiles/N7SIX.bandscope.dir/App/app/spectrum.c.obj
 .text.SetBandLed.part.0.constprop.0
                0x08010124       0x3c CMakeFiles/N7SIX.bandscope.dir/App/app/spectrum.c.obj
 .text.ClampRssiTriggerLevel
                0x08010160       0x40 CMakeFiles/N7SIX.bandscope.dir/App/app/spectrum.c.obj
 .text.UpdateRssiTriggerLevel
                0x080101a0       0x30 CMakeFiles/N7SIX.bandscope.dir/App/app/spectrum.c.obj
 .text.UpdateDBMax
                0x080101d0       0x40 CMakeFiles/N7SIX.bandscope.dir/App/app/spectrum.c.obj
 .text.LockAGC  0x08010210       0x24 CMakeFiles/N7SIX.bandscope.dir/App/app/spectrum.c.obj
                0x08010210                LockAGC
 .text.SetRegMenuValue
                0x08010234       0x78 CMakeFiles/N7SIX.bandscope.dir/App/app/spectrum.c.obj
 .text.SetState
                0x080102ac       0x3c CMakeFiles/N7SIX.bandscope.dir/App/app/spectrum.c.obj
                0x080102ac                SetState
 .text.FreqInput
                0x080102e8       0x28 CMakeFiles/N7SIX.bandscope.dir/App/app/spectrum.c.obj
 .text.IsPeakOverLevel
                0x08010310       0x1c CMakeFiles/N7SIX.bandscope.dir/App/app/spectrum.c.obj
                0x08010310                IsPeakOverLevel
 .text.SetRssiHistory
                0x0801032c       0xb0 CMakeFiles/N7SIX.bandscope.dir/App/app/spectrum.c.obj
 .text.GetScanStep
                0x080103dc       0x14 CMakeFiles/N7SIX.bandscope.dir/App/app/spectrum.c.obj
                0x080103dc                GetScanStep
 .text.GetStepsCount
                0x080103f0       0x38 CMakeFiles/N7SIX.bandscope.dir/App/app/spectrum.c.obj
                0x080103f0                GetStepsCount
 .text.GetBW    0x08010428       0x10 CMakeFiles/N7SIX.bandscope.dir/App/app/spectrum.c.obj
                0x08010428                GetBW
 .text.GetFStart
                0x08010438       0x24 CMakeFiles/N7SIX.bandscope.dir/App/app/spectrum.c.obj
                0x08010438                GetFStart
 .text.InitScan
                0x0801045c       0x24 CMakeFiles/N7SIX.bandscope.dir/App/app/spectrum.c.obj
 .text.GetFEnd  0x08010480       0x28 CMakeFiles/N7SIX.bandscope.dir/App/app/spectrum.c.obj
                0x08010480                GetFEnd
 .text.GetBWRegValueForScan
                0x080104a8       0x14 CMakeFiles/N7SIX.bandscope.dir/App/app/spectrum.c.obj
                0x080104a8                GetBWRegValueForScan
 .text.ToggleRX
                0x080104bc      0x128 CMakeFiles/N7SIX.bandscope.dir/App/app/spectrum.c.obj
 .text.RelaunchScan
                0x080105e4       0x2c CMakeFiles/N7SIX.bandscope.dir/App/app/spectrum.c.obj
 .text.ToggleModulation
                0x08010610       0x2c CMakeFiles/N7SIX.bandscope.dir/App/app/spectrum.c.obj
 .text.GetRssi  0x0801063c       0x1e CMakeFiles/N7SIX.bandscope.dir/App/app/spectrum.c.obj
                0x0801063c                GetRssi
 *fill*         0x0801065a        0x2 
 .text.Measure  0x0801065c       0x18 CMakeFiles/N7SIX.bandscope.dir/App/app/spectrum.c.obj
 .text.Rssi2PX  0x08010674       0x48 CMakeFiles/N7SIX.bandscope.dir/App/app/spectrum.c.obj
                0x08010674                Rssi2PX
 .text.Rssi2Y   0x080106bc       0x12 CMakeFiles/N7SIX.bandscope.dir/App/app/spectrum.c.obj
                0x080106bc                Rssi2Y
 *fill*         0x080106ce        0x2 
 .text.DrawSpectrumEnhanced
                0x080106d0      0x2a8 CMakeFiles/N7SIX.bandscope.dir/App/app/spectrum.c.obj
 .text.OnKeyDownStill
                0x08010978      0x100 CMakeFiles/N7SIX.bandscope.dir/App/app/spectrum.c.obj
                0x08010978                OnKeyDownStill
 .text.APP_RunSpectrum
                0x08010a78      0xe80 CMakeFiles/N7SIX.bandscope.dir/App/app/spectrum.c.obj
                0x08010a78                APP_RunSpectrum
 .text.getScreenShot
                0x080118f8      0x1a4 CMakeFiles/N7SIX.bandscope.dir/App/screenshot.c.obj
                0x080118f8                getScreenShot
 .text.usbd_class_event_notify_handler
                0x08011a9c       0x24 CMakeFiles/N7SIX.bandscope.dir/Middlewares/CherryUSB/core/usbd_core.c.obj
 .text.usbd_set_endpoint
                0x08011ac0       0x2c CMakeFiles/N7SIX.bandscope.dir/Middlewares/CherryUSB/core/usbd_core.c.obj
 .text.usbd_setup_request_handler.constprop.0
                0x08011aec      0x380 CMakeFiles/N7SIX.bandscope.dir/Middlewares/CherryUSB/core/usbd_core.c.obj
 .text.usbd_event_resume_handler
                0x08011e6c        0xc CMakeFiles/N7SIX.bandscope.dir/Middlewares/CherryUSB/core/usbd_core.c.obj
                0x08011e6c                usbd_event_resume_handler
 .text.usbd_event_suspend_handler
                0x08011e78        0xc CMakeFiles/N7SIX.bandscope.dir/Middlewares/CherryUSB/core/usbd_core.c.obj
                0x08011e78                usbd_event_suspend_handler
 .text.usbd_event_reset_handler
                0x08011e84       0x38 CMakeFiles/N7SIX.bandscope.dir/Middlewares/CherryUSB/core/usbd_core.c.obj
                0x08011e84                usbd_event_reset_handler
 .text.usbd_event_ep0_setup_complete_handler
                0x08011ebc       0x94 CMakeFiles/N7SIX.bandscope.dir/Middlewares/CherryUSB/core/usbd_core.c.obj
                0x08011ebc                usbd_event_ep0_setup_complete_handler
 .text.usbd_event_ep_in_complete_handler
                0x08011f50       0x58 CMakeFiles/N7SIX.bandscope.dir/Middlewares/CherryUSB/core/usbd_core.c.obj
                0x08011f50                usbd_event_ep_in_complete_handler
 .text.usbd_event_ep_out_complete_handler
                0x08011fa8       0x64 CMakeFiles/N7SIX.bandscope.dir/Middlewares/CherryUSB/core/usbd_core.c.obj
                0x08011fa8                usbd_event_ep_out_complete_handler
 .text.usbd_desc_register
                0x0801200c       0x14 CMakeFiles/N7SIX.bandscope.dir/Middlewares/CherryUSB/core/usbd_core.c.obj
                0x0801200c                usbd_desc_register
 .text.usbd_add_interface
                0x08012020       0x2c CMakeFiles/N7SIX.bandscope.dir/Middlewares/CherryUSB/core/usbd_core.c.obj
                0x08012020                usbd_add_interface
 .text.usbd_add_endpoint
                0x0801204c       0x2c CMakeFiles/N7SIX.bandscope.dir/Middlewares/CherryUSB/core/usbd_core.c.obj
                0x0801204c                usbd_add_endpoint
 .text.usbd_initialize
                0x08012078        0x8 CMakeFiles/N7SIX.bandscope.dir/Middlewares/CherryUSB/core/usbd_core.c.obj
                0x08012078                usbd_initialize
 .text.pyusb_write_packet
                0x08012080       0x20 CMakeFiles/N7SIX.bandscope.dir/Middlewares/CherryUSB/port/usb_dc_py32.c.obj
 .text.usbd_ep0_set_zlp_flag
                0x080120a0        0xc CMakeFiles/N7SIX.bandscope.dir/Middlewares/CherryUSB/port/usb_dc_py32.c.obj
                0x080120a0                usbd_ep0_set_zlp_flag
 .text.usb_dc_low_level_init
                0x080120ac        0x2 CMakeFiles/N7SIX.bandscope.dir/Middlewares/CherryUSB/port/usb_dc_py32.c.obj
                0x080120ac                usb_dc_low_level_init
 *fill*         0x080120ae        0x2 
 .text.usb_dc_init
                0x080120b0       0x20 CMakeFiles/N7SIX.bandscope.dir/Middlewares/CherryUSB/port/usb_dc_py32.c.obj
                0x080120b0                usb_dc_init
 .text.usbd_set_address
                0x080120d0       0x18 CMakeFiles/N7SIX.bandscope.dir/Middlewares/CherryUSB/port/usb_dc_py32.c.obj
                0x080120d0                usbd_set_address
 .text.usbd_ep_open
                0x080120e8      0x124 CMakeFiles/N7SIX.bandscope.dir/Middlewares/CherryUSB/port/usb_dc_py32.c.obj
                0x080120e8                usbd_ep_open
 .text.usbd_ep_close
                0x0801220c        0x4 CMakeFiles/N7SIX.bandscope.dir/Middlewares/CherryUSB/port/usb_dc_py32.c.obj
                0x0801220c                usbd_ep_close
 .text.usbd_ep_set_stall
                0x08012210       0x4c CMakeFiles/N7SIX.bandscope.dir/Middlewares/CherryUSB/port/usb_dc_py32.c.obj
                0x08012210                usbd_ep_set_stall
 .text.usbd_ep_clear_stall
                0x0801225c       0x50 CMakeFiles/N7SIX.bandscope.dir/Middlewares/CherryUSB/port/usb_dc_py32.c.obj
                0x0801225c                usbd_ep_clear_stall
 .text.usbd_ep_is_stalled
                0x080122ac       0x34 CMakeFiles/N7SIX.bandscope.dir/Middlewares/CherryUSB/port/usb_dc_py32.c.obj
                0x080122ac                usbd_ep_is_stalled
 .text.usbd_ep_start_write
                0x080122e0      0x10c CMakeFiles/N7SIX.bandscope.dir/Middlewares/CherryUSB/port/usb_dc_py32.c.obj
                0x080122e0                usbd_ep_start_write
 .text.usbd_ep_start_read
                0x080123ec       0x94 CMakeFiles/N7SIX.bandscope.dir/Middlewares/CherryUSB/port/usb_dc_py32.c.obj
                0x080123ec                usbd_ep_start_read
 .text.USB_IRQHandler
                0x08012480      0x2a8 CMakeFiles/N7SIX.bandscope.dir/Middlewares/CherryUSB/port/usb_dc_py32.c.obj
                0x08012480                USB_IRQHandler
 .text.cdc_notify_handler
                0x08012728        0x2 CMakeFiles/N7SIX.bandscope.dir/Middlewares/CherryUSB/class/cdc/usbd_cdc.c.obj
 *fill*         0x0801272a        0x2 
 .text.usbd_cdc_acm_init_intf
                0x0801272c       0x18 CMakeFiles/N7SIX.bandscope.dir/Middlewares/CherryUSB/class/cdc/usbd_cdc.c.obj
                0x0801272c                usbd_cdc_acm_init_intf
 .text.usbd_cdc_acm_set_line_coding
                0x08012744        0x2 CMakeFiles/N7SIX.bandscope.dir/Middlewares/CherryUSB/class/cdc/usbd_cdc.c.obj
                0x08012744                usbd_cdc_acm_set_line_coding
 .text.usbd_cdc_acm_get_line_coding
                0x08012746       0x1c CMakeFiles/N7SIX.bandscope.dir/Middlewares/CherryUSB/class/cdc/usbd_cdc.c.obj
                0x08012746                usbd_cdc_acm_get_line_coding
 .text.usbd_cdc_acm_set_rts
                0x08012762        0x2 CMakeFiles/N7SIX.bandscope.dir/Middlewares/CherryUSB/class/cdc/usbd_cdc.c.obj
                0x08012762                usbd_cdc_acm_set_rts
 .text.cdc_acm_class_interface_request_handler
                0x08012764       0x70 CMakeFiles/N7SIX.bandscope.dir/Middlewares/CherryUSB/class/cdc/usbd_cdc.c.obj
 .text.__fixunssfsi
                0x080127d4       0x30 /opt/toolchain/bin/../lib/gcc/arm-none-eabi/13.3.1/thumb/v6-m/nofp/libgcc.a(_fixunssfsi.o)
                0x080127d4                __aeabi_f2uiz
                0x080127d4                __fixunssfsi
 .text.__aeabi_fmul
                0x08012804      0x280 /opt/toolchain/bin/../lib/gcc/arm-none-eabi/13.3.1/thumb/v6-m/nofp/libgcc.a(mulsf3.o)
                0x08012804                __aeabi_fmul
 .text.__aeabi_fsub
                0x08012a84      0x38c /opt/toolchain/bin/../lib/gcc/arm-none-eabi/13.3.1/thumb/v6-m/nofp/libgcc.a(subsf3.o)
                0x08012a84                __aeabi_fsub
 .text.__aeabi_f2iz
                0x08012e10       0x40 /opt/toolchain/bin/../lib/gcc/arm-none-eabi/13.3.1/thumb/v6-m/nofp/libgcc.a(fixsfsi.o)
                0x08012e10                __aeabi_f2iz
 .text.__aeabi_i2f
                0x08012e50       0x94 /opt/toolchain/bin/../lib/gcc/arm-none-eabi/13.3.1/thumb/v6-m/nofp/libgcc.a(floatsisf.o)
                0x08012e50                __aeabi_i2f
 .text.__aeabi_ui2f
                0x08012ee4       0x80 /opt/toolchain/bin/../lib/gcc/arm-none-eabi/13.3.1/thumb/v6-m/nofp/libgcc.a(floatunsisf.o)
                0x08012ee4                __aeabi_ui2f
 .text.__eqsf2  0x08012f64       0x50 /opt/toolchain/bin/../lib/gcc/arm-none-eabi/13.3.1/thumb/v6-m/nofp/libgcc.a(eqsf2.o)
                0x08012f64                __nesf2
                0x08012f64                __eqsf2
 .text.__gesf2  0x08012fb4       0x94 /opt/toolchain/bin/../lib/gcc/arm-none-eabi/13.3.1/thumb/v6-m/nofp/libgcc.a(gesf2.o)
                0x08012fb4                __gtsf2
                0x08012fb4                __gesf2
 .text.__lesf2  0x08013048       0x90 /opt/toolchain/bin/../lib/gcc/arm-none-eabi/13.3.1/thumb/v6-m/nofp/libgcc.a(lesf2.o)
                0x08013048                __lesf2
                0x08013048                __ltsf2
 .text.__libc_init_array
                0x080130d8       0x48 /opt/toolchain/bin/../lib/gcc/arm-none-eabi/13.3.1/../../../../arm-none-eabi/lib/thumb/v6-m/nofp/libg_nano.a(libc_a-init.o)
                0x080130d8                __libc_init_array
 .text.memmove  0x08013120       0x24 /opt/toolchain/bin/../lib/gcc/arm-none-eabi/13.3.1/../../../../arm-none-eabi/lib/thumb/v6-m/nofp/libg_nano.a(libc_a-memmove.o)
                0x08013120                memmove
 .text.memset   0x08013144       0x10 /opt/toolchain/bin/../lib/gcc/arm-none-eabi/13.3.1/../../../../arm-none-eabi/lib/thumb/v6-m/nofp/libg_nano.a(libc_a-memset.o)
                0x08013144                memset
 .text.strcpy   0x08013154       0x10 /opt/toolchain/bin/../lib/gcc/arm-none-eabi/13.3.1/../../../../arm-none-eabi/lib/thumb/v6-m/nofp/libg_nano.a(libc_a-strcpy.o)
                0x08013154                strcpy
 .text.memcpy   0x08013164       0x12 /opt/toolchain/bin/../lib/gcc/arm-none-eabi/13.3.1/../../../../arm-none-eabi/lib/thumb/v6-m/nofp/libg_nano.a(libc_a-memcpy-stub.o)
                0x08013164                memcpy
 .text.memcmp   0x08013176       0x1c /opt/toolchain/bin/../lib/gcc/arm-none-eabi/13.3.1/../../../../arm-none-eabi/lib/thumb/v6-m/nofp/libg_nano.a(libc_a-memcmp.o)
                0x08013176                memcmp
 *(.glue_7)
 .glue_7        0x08013192        0x0 linker stubs
 *(.glue_7t)
 .glue_7t       0x08013192        0x0 linker stubs
 *(.eh_frame)
 *fill*         0x08013192        0x2 
 .eh_frame      0x08013194        0x0 /opt/toolchain/bin/../lib/gcc/arm-none-eabi/13.3.1/thumb/v6-m/nofp/crtbegin.o
 *(.init)
 .init          0x08013194        0x4 /opt/toolchain/bin/../lib/gcc/arm-none-eabi/13.3.1/thumb/v6-m/nofp/crti.o
                0x08013194                _init
 .init          0x08013198        0x8 /opt/toolchain/bin/../lib/gcc/arm-none-eabi/13.3.1/thumb/v6-m/nofp/crtn.o
 *(.fini)
 .fini          0x080131a0        0x4 /opt/toolchain/bin/../lib/gcc/arm-none-eabi/13.3.1/thumb/v6-m/nofp/crti.o
                0x080131a0                _fini
 .fini          0x080131a4        0x8 /opt/toolchain/bin/../lib/gcc/arm-none-eabi/13.3.1/thumb/v6-m/nofp/crtn.o
                0x080131ac                        . = ALIGN (0x4)
                0x080131ac                        _etext = .

.vfp11_veneer   0x080131ac        0x0
 .vfp11_veneer  0x080131ac        0x0 linker stubs

.v4_bx          0x080131ac        0x0
 .v4_bx         0x080131ac        0x0 linker stubs

.iplt           0x080131ac        0x0
 .iplt          0x080131ac        0x0 /opt/toolchain/bin/../lib/gcc/arm-none-eabi/13.3.1/thumb/v6-m/nofp/crtbegin.o

.rodata         0x080131ac     0x1dec
                0x080131ac                        . = ALIGN (0x4)
 *(.rodata)
 .rodata        0x080131ac       0x64 CMakeFiles/N7SIX.bandscope.dir/App/driver/bk4829.c.obj
 .rodata        0x08013210       0x14 CMakeFiles/N7SIX.bandscope.dir/App/app/menu.c.obj
 .rodata        0x08013224       0x70 CMakeFiles/N7SIX.bandscope.dir/App/ui/main.c.obj
 .rodata        0x08013294        0xc CMakeFiles/N7SIX.bandscope.dir/App/driver/vcp.c.obj
 *(.rodata*)
 .rodata.HSIFreqTable
                0x080132a0       0x20 CMakeFiles/N7SIX.bandscope.dir/Core/Src/system_py32f071.c.obj
                0x080132a0                HSIFreqTable
 .rodata.APBPrescTable
                0x080132c0       0x20 CMakeFiles/N7SIX.bandscope.dir/Core/Src/system_py32f071.c.obj
                0x080132c0                APBPrescTable
 .rodata.AHBPrescTable
                0x080132e0       0x40 CMakeFiles/N7SIX.bandscope.dir/Core/Src/system_py32f071.c.obj
                0x080132e0                AHBPrescTable
 .rodata.CHANNEL_OFFSET_TAB
                0x08013320        0x7 CMakeFiles/N7SIX.bandscope.dir/Drivers/PY32F071_HAL_Driver/Src/py32f071_ll_dma.c.obj
 .rodata.value  0x08013327        0xb CMakeFiles/N7SIX.bandscope.dir/App/driver/backlight.c.obj
                0x08013327                value
 .rodata.BK4819_Init.str1.1
                0x08013332      0x5cf CMakeFiles/N7SIX.bandscope.dir/App/driver/bk4829.c.obj
                                 0x11 (size before relaxing)
 *fill*         0x08013901        0x1 
 .rodata.CSWTCH.58
                0x08013902        0x8 CMakeFiles/N7SIX.bandscope.dir/App/driver/bk4829.c.obj
 .rodata.FSK_RogerTable
                0x0801390a        0xe CMakeFiles/N7SIX.bandscope.dir/App/driver/bk4829.c.obj
 .rodata.keyboard
                0x08013918       0x14 CMakeFiles/N7SIX.bandscope.dir/App/driver/keyboard.c.obj
 .rodata.HandleFunction_fn_table
                0x0801392c       0x1c CMakeFiles/N7SIX.bandscope.dir/App/app/app.c.obj
 .rodata.CSWTCH.19
                0x08013948        0x6 CMakeFiles/N7SIX.bandscope.dir/App/app/dtmf.c.obj
 .rodata.MENU_Key_UP_DOWN.str1.1
                0x0801394e        0xf CMakeFiles/N7SIX.bandscope.dir/App/app/menu.c.obj
 .rodata.CSWTCH.15
                0x0801394e       0x10 CMakeFiles/N7SIX.bandscope.dir/App/audio.c.obj
 .rodata.BITMAP_PowerUser
                0x0801395e        0x3 CMakeFiles/N7SIX.bandscope.dir/App/bitmaps.c.obj
                0x0801395e                BITMAP_PowerUser
 .rodata.BITMAP_compand
                0x08013961        0x6 CMakeFiles/N7SIX.bandscope.dir/App/bitmaps.c.obj
                0x08013961                BITMAP_compand
 .rodata.BITMAP_ScanListAll
                0x08013967       0x13 CMakeFiles/N7SIX.bandscope.dir/App/bitmaps.c.obj
                0x08013967                BITMAP_ScanListAll
 .rodata.BITMAP_ScanList123
                0x0801397a       0x13 CMakeFiles/N7SIX.bandscope.dir/App/bitmaps.c.obj
                0x0801397a                BITMAP_ScanList123
 .rodata.BITMAP_ScanListE
                0x0801398d        0x7 CMakeFiles/N7SIX.bandscope.dir/App/bitmaps.c.obj
                0x0801398d                BITMAP_ScanListE
 .rodata.BITMAP_ScanList3
                0x08013994        0x7 CMakeFiles/N7SIX.bandscope.dir/App/bitmaps.c.obj
                0x08013994                BITMAP_ScanList3
 .rodata.BITMAP_ScanList2
                0x0801399b        0x7 CMakeFiles/N7SIX.bandscope.dir/App/bitmaps.c.obj
                0x0801399b                BITMAP_ScanList2
 .rodata.BITMAP_ScanList1
                0x080139a2        0x7 CMakeFiles/N7SIX.bandscope.dir/App/bitmaps.c.obj
                0x080139a2                BITMAP_ScanList1
 .rodata.BITMAP_ScanList0
                0x080139a9        0x7 CMakeFiles/N7SIX.bandscope.dir/App/bitmaps.c.obj
                0x080139a9                BITMAP_ScanList0
 .rodata.BITMAP_VFO_NotDefault
                0x080139b0        0x7 CMakeFiles/N7SIX.bandscope.dir/App/bitmaps.c.obj
                0x080139b0                BITMAP_VFO_NotDefault
 .rodata.BITMAP_VFO_Default
                0x080139b7        0x7 CMakeFiles/N7SIX.bandscope.dir/App/bitmaps.c.obj
                0x080139b7                BITMAP_VFO_Default
 .rodata.BITMAP_VFO_Lock
                0x080139be        0x7 CMakeFiles/N7SIX.bandscope.dir/App/bitmaps.c.obj
                0x080139be                BITMAP_VFO_Lock
 .rodata.BITMAP_Antenna
                0x080139c5        0x5 CMakeFiles/N7SIX.bandscope.dir/App/bitmaps.c.obj
                0x080139c5                BITMAP_Antenna
 .rodata.BITMAP_BatteryLevel1
                0x080139ca       0x11 CMakeFiles/N7SIX.bandscope.dir/App/bitmaps.c.obj
                0x080139ca                BITMAP_BatteryLevel1
 .rodata.BITMAP_BatteryLevel
                0x080139db        0x2 CMakeFiles/N7SIX.bandscope.dir/App/bitmaps.c.obj
                0x080139db                BITMAP_BatteryLevel
 .rodata.gFontHold
                0x080139dd        0xa CMakeFiles/N7SIX.bandscope.dir/App/bitmaps.c.obj
                0x080139dd                gFontHold
 .rodata.gFontDWR
                0x080139e7       0x12 CMakeFiles/N7SIX.bandscope.dir/App/bitmaps.c.obj
                0x080139e7                gFontDWR
 .rodata.gFontMO
                0x080139f9        0xc CMakeFiles/N7SIX.bandscope.dir/App/bitmaps.c.obj
                0x080139f9                gFontMO
 .rodata.gFontXB
                0x08013a05        0xc CMakeFiles/N7SIX.bandscope.dir/App/bitmaps.c.obj
                0x08013a05                gFontXB
 .rodata.gFontMute
                0x08013a11        0xc CMakeFiles/N7SIX.bandscope.dir/App/bitmaps.c.obj
                0x08013a11                gFontMute
 .rodata.gFontLight
                0x08013a1d        0x9 CMakeFiles/N7SIX.bandscope.dir/App/bitmaps.c.obj
                0x08013a1d                gFontLight
 .rodata.gFontKeyLock
                0x08013a26        0x9 CMakeFiles/N7SIX.bandscope.dir/App/bitmaps.c.obj
                0x08013a26                gFontKeyLock
 .rodata.gFontS
                0x08013a2f        0x6 CMakeFiles/N7SIX.bandscope.dir/App/bitmaps.c.obj
                0x08013a2f                gFontS
 .rodata.gFontF
                0x08013a35        0x8 CMakeFiles/N7SIX.bandscope.dir/App/bitmaps.c.obj
                0x08013a35                gFontF
 .rodata.gFontPttClassic
                0x08013a3d        0xc CMakeFiles/N7SIX.bandscope.dir/App/bitmaps.c.obj
                0x08013a3d                gFontPttClassic
 .rodata.gFontPttOnePush
                0x08013a49        0xc CMakeFiles/N7SIX.bandscope.dir/App/bitmaps.c.obj
                0x08013a49                gFontPttOnePush
 .rodata.gFontPowerSave
                0x08013a55        0xc CMakeFiles/N7SIX.bandscope.dir/App/bitmaps.c.obj
                0x08013a55                gFontPowerSave
 *fill*         0x08013a61        0x1 
 .rodata.DCS_Options
                0x08013a62       0xd0 CMakeFiles/N7SIX.bandscope.dir/App/dcs.c.obj
                0x08013a62                DCS_Options
 .rodata.CTCSS_Options
                0x08013b32       0x64 CMakeFiles/N7SIX.bandscope.dir/App/dcs.c.obj
                0x08013b32                CTCSS_Options
 .rodata.gFont3x5
                0x08013b96      0x120 CMakeFiles/N7SIX.bandscope.dir/App/font.c.obj
                0x08013b96                gFont3x5
 .rodata.gFontSmallBold
                0x08013cb6      0x234 CMakeFiles/N7SIX.bandscope.dir/App/font.c.obj
                0x08013cb6                gFontSmallBold
 .rodata.gFontSmall
                0x08013eea      0x234 CMakeFiles/N7SIX.bandscope.dir/App/font.c.obj
                0x08013eea                gFontSmall
 .rodata.gFontBigDigits
                0x0801411e       0xdc CMakeFiles/N7SIX.bandscope.dir/App/font.c.obj
                0x0801411e                gFontBigDigits
 .rodata.gFontBig
                0x080141fa      0x524 CMakeFiles/N7SIX.bandscope.dir/App/font.c.obj
                0x080141fa                gFontBig
 .rodata.StepSortedIndexes
                0x0801471e       0x18 CMakeFiles/N7SIX.bandscope.dir/App/frequencies.c.obj
                0x0801471e                StepSortedIndexes
 .rodata.gStepFrequencyTable
                0x08014736       0x30 CMakeFiles/N7SIX.bandscope.dir/App/frequencies.c.obj
                0x08014736                gStepFrequencyTable
 *fill*         0x08014766        0x2 
 .rodata.frequencyBandTable
                0x08014768       0x38 CMakeFiles/N7SIX.bandscope.dir/App/frequencies.c.obj
                0x08014768                frequencyBandTable
 .rodata.BX4819_band2
                0x080147a0        0x8 CMakeFiles/N7SIX.bandscope.dir/App/frequencies.c.obj
                0x080147a0                BX4819_band2
 .rodata.BX4819_band1
                0x080147a8        0x8 CMakeFiles/N7SIX.bandscope.dir/App/frequencies.c.obj
                0x080147a8                BX4819_band1
 .rodata.BATTERY_GetReadings.str1.1
                0x080147b0        0x6 CMakeFiles/N7SIX.bandscope.dir/App/helper/battery.c.obj
 .rodata.Voltage2PercentageTable
                0x080147b0       0x8c CMakeFiles/N7SIX.bandscope.dir/App/helper/battery.c.obj
                0x080147b0                Voltage2PercentageTable
 .rodata.gMicGain_dB2
                0x0801483c        0x5 CMakeFiles/N7SIX.bandscope.dir/App/misc.c.obj
                0x0801483c                gMicGain_dB2
 *fill*         0x08014841        0x1 
 .rodata.power_save1_10ms
                0x08014842        0x2 CMakeFiles/N7SIX.bandscope.dir/App/misc.c.obj
                0x08014842                power_save1_10ms
 .rodata.battery_save_count_10ms
                0x08014844        0x2 CMakeFiles/N7SIX.bandscope.dir/App/misc.c.obj
                0x08014844                battery_save_count_10ms
 .rodata.scan_pause_delay_in_5_10ms
                0x08014846        0x2 CMakeFiles/N7SIX.bandscope.dir/App/misc.c.obj
                0x08014846                scan_pause_delay_in_5_10ms
 .rodata.scan_pause_delay_in_3_10ms
                0x08014848        0x2 CMakeFiles/N7SIX.bandscope.dir/App/misc.c.obj
                0x08014848                scan_pause_delay_in_3_10ms
 .rodata.scan_pause_delay_in_2_10ms
                0x0801484a        0x2 CMakeFiles/N7SIX.bandscope.dir/App/misc.c.obj
                0x0801484a                scan_pause_delay_in_2_10ms
 .rodata.scan_pause_delay_in_1_10ms
                0x0801484c        0x2 CMakeFiles/N7SIX.bandscope.dir/App/misc.c.obj
                0x0801484c                scan_pause_delay_in_1_10ms
 .rodata.dual_watch_count_toggle_10ms
                0x0801484e        0x2 CMakeFiles/N7SIX.bandscope.dir/App/misc.c.obj
                0x0801484e                dual_watch_count_toggle_10ms
 .rodata.dual_watch_count_after_2_10ms
                0x08014850        0x2 CMakeFiles/N7SIX.bandscope.dir/App/misc.c.obj
                0x08014850                dual_watch_count_after_2_10ms
 .rodata.dual_watch_count_after_rx_10ms
                0x08014852        0x2 CMakeFiles/N7SIX.bandscope.dir/App/misc.c.obj